Archive member included to satisfy reference by file (symbol)

d:/gnu arm embedded toolchain/10 2021.10/bin/../lib/gcc/arm-none-eabi/10.3.1/thumb/v7-m/nofp\libgcc.a(_arm_addsubdf3.o)
                              ./build/Debug/.obj/Core/Src/main.o (__aeabi_dadd)
d:/gnu arm embedded toolchain/10 2021.10/bin/../lib/gcc/arm-none-eabi/10.3.1/thumb/v7-m/nofp\libgcc.a(_arm_fixunsdfsi.o)
                              ./build/Debug/.obj/Core/Src/main.o (__aeabi_d2uiz)
d:/gnu arm embedded toolchain/10 2021.10/bin/../lib/gcc/arm-none-eabi/10.3.1/../../../../arm-none-eabi/lib/thumb/v7-m/nofp\libc_nano.a(lib_a-exit.o)
                              d:/gnu arm embedded toolchain/10 2021.10/bin/../lib/gcc/arm-none-eabi/10.3.1/../../../../arm-none-eabi/lib/thumb/v7-m/nofp/crt0.o (exit)
d:/gnu arm embedded toolchain/10 2021.10/bin/../lib/gcc/arm-none-eabi/10.3.1/../../../../arm-none-eabi/lib/thumb/v7-m/nofp\libc_nano.a(lib_a-impure.o)
                              d:/gnu arm embedded toolchain/10 2021.10/bin/../lib/gcc/arm-none-eabi/10.3.1/../../../../arm-none-eabi/lib/thumb/v7-m/nofp\libc_nano.a(lib_a-exit.o) (_global_impure_ptr)
d:/gnu arm embedded toolchain/10 2021.10/bin/../lib/gcc/arm-none-eabi/10.3.1/../../../../arm-none-eabi/lib/thumb/v7-m/nofp\libc_nano.a(lib_a-init.o)
                              d:/gnu arm embedded toolchain/10 2021.10/bin/../lib/gcc/arm-none-eabi/10.3.1/../../../../arm-none-eabi/lib/thumb/v7-m/nofp/crt0.o (__libc_init_array)
d:/gnu arm embedded toolchain/10 2021.10/bin/../lib/gcc/arm-none-eabi/10.3.1/../../../../arm-none-eabi/lib/thumb/v7-m/nofp\libc_nano.a(lib_a-memcmp.o)
                              ./build/Debug/.obj/Core/Src/main.o (memcmp)
d:/gnu arm embedded toolchain/10 2021.10/bin/../lib/gcc/arm-none-eabi/10.3.1/../../../../arm-none-eabi/lib/thumb/v7-m/nofp\libc_nano.a(lib_a-memcpy-stub.o)
                              ./build/Debug/.obj/Core/Src/main.o (memcpy)
d:/gnu arm embedded toolchain/10 2021.10/bin/../lib/gcc/arm-none-eabi/10.3.1/../../../../arm-none-eabi/lib/thumb/v7-m/nofp\libc_nano.a(lib_a-memset.o)
                              d:/gnu arm embedded toolchain/10 2021.10/bin/../lib/gcc/arm-none-eabi/10.3.1/../../../../arm-none-eabi/lib/thumb/v7-m/nofp/crt0.o (memset)
d:/gnu arm embedded toolchain/10 2021.10/bin/../lib/gcc/arm-none-eabi/10.3.1/../../../../arm-none-eabi/lib/thumb/v7-m/nofp\libnosys.a(_exit.o)
                              d:/gnu arm embedded toolchain/10 2021.10/bin/../lib/gcc/arm-none-eabi/10.3.1/../../../../arm-none-eabi/lib/thumb/v7-m/nofp\libc_nano.a(lib_a-exit.o) (_exit)

Discarded input sections

 .text          0x00000000        0x0 d:/gnu arm embedded toolchain/10 2021.10/bin/../lib/gcc/arm-none-eabi/10.3.1/thumb/v7-m/nofp/crti.o
 .data          0x00000000        0x0 d:/gnu arm embedded toolchain/10 2021.10/bin/../lib/gcc/arm-none-eabi/10.3.1/thumb/v7-m/nofp/crti.o
 .bss           0x00000000        0x0 d:/gnu arm embedded toolchain/10 2021.10/bin/../lib/gcc/arm-none-eabi/10.3.1/thumb/v7-m/nofp/crti.o
 .data          0x00000000        0x4 d:/gnu arm embedded toolchain/10 2021.10/bin/../lib/gcc/arm-none-eabi/10.3.1/thumb/v7-m/nofp/crtbegin.o
 .rodata        0x00000000       0x24 d:/gnu arm embedded toolchain/10 2021.10/bin/../lib/gcc/arm-none-eabi/10.3.1/thumb/v7-m/nofp/crtbegin.o
 .text          0x00000000       0x7c d:/gnu arm embedded toolchain/10 2021.10/bin/../lib/gcc/arm-none-eabi/10.3.1/../../../../arm-none-eabi/lib/thumb/v7-m/nofp/crt0.o
 .data          0x00000000        0x0 d:/gnu arm embedded toolchain/10 2021.10/bin/../lib/gcc/arm-none-eabi/10.3.1/../../../../arm-none-eabi/lib/thumb/v7-m/nofp/crt0.o
 .bss           0x00000000        0x0 d:/gnu arm embedded toolchain/10 2021.10/bin/../lib/gcc/arm-none-eabi/10.3.1/../../../../arm-none-eabi/lib/thumb/v7-m/nofp/crt0.o
 .ARM.extab     0x00000000        0x0 d:/gnu arm embedded toolchain/10 2021.10/bin/../lib/gcc/arm-none-eabi/10.3.1/../../../../arm-none-eabi/lib/thumb/v7-m/nofp/crt0.o
 .ARM.exidx     0x00000000       0x10 d:/gnu arm embedded toolchain/10 2021.10/bin/../lib/gcc/arm-none-eabi/10.3.1/../../../../arm-none-eabi/lib/thumb/v7-m/nofp/crt0.o
 .ARM.attributes
                0x00000000       0x1b d:/gnu arm embedded toolchain/10 2021.10/bin/../lib/gcc/arm-none-eabi/10.3.1/../../../../arm-none-eabi/lib/thumb/v7-m/nofp/crt0.o
 .text          0x00000000        0x0 ./build/Debug/.obj/Core/Src/gpio.o
 .data          0x00000000        0x0 ./build/Debug/.obj/Core/Src/gpio.o
 .bss           0x00000000        0x0 ./build/Debug/.obj/Core/Src/gpio.o
 .text          0x00000000        0x0 ./build/Debug/.obj/Core/Src/i2c.o
 .data          0x00000000        0x0 ./build/Debug/.obj/Core/Src/i2c.o
 .bss           0x00000000        0x0 ./build/Debug/.obj/Core/Src/i2c.o
 .text.HAL_I2C_MspDeInit
                0x00000000       0x3c ./build/Debug/.obj/Core/Src/i2c.o
 .text          0x00000000        0x0 ./build/Debug/.obj/Core/Src/main.o
 .data          0x00000000        0x0 ./build/Debug/.obj/Core/Src/main.o
[...]
Memory Configuration

Name             Origin             Length             Attributes
RAM              0x20000000         0x00005000         xrw
FLASH            0x08000000         0x00010000         xr
*default*        0x00000000         0xffffffff

Linker script and memory map

LOAD d:/gnu arm embedded toolchain/10 2021.10/bin/../lib/gcc/arm-none-eabi/10.3.1/thumb/v7-m/nofp/crti.o
LOAD d:/gnu arm embedded toolchain/10 2021.10/bin/../lib/gcc/arm-none-eabi/10.3.1/thumb/v7-m/nofp/crtbegin.o
LOAD d:/gnu arm embedded toolchain/10 2021.10/bin/../lib/gcc/arm-none-eabi/10.3.1/../../../../arm-none-eabi/lib/thumb/v7-m/nofp/crt0.o
LOAD ./build/Debug/.obj/Core/Src/gpio.o
LOAD ./build/Debug/.obj/Core/Src/i2c.o
LOAD ./build/Debug/.obj/Core/Src/main.o
LOAD ./build/Debug/.obj/Core/Src/stm32f1xx_hal_msp.o
LOAD ./build/Debug/.obj/Core/Src/stm32f1xx_it.o
LOAD ./build/Debug/.obj/Core/Src/system_stm32f1xx.o
LOAD ./build/Debug/.obj/Core/Src/usart.o
LOAD ./build/Debug/.obj/Drivers/STM32F1xx_HAL_Driver/Src/stm32f1xx_hal.o
LOAD ./build/Debug/.obj/Drivers/STM32F1xx_HAL_Driver/Src/stm32f1xx_hal_cortex.o
LOAD ./build/Debug/.obj/Drivers/STM32F1xx_HAL_Driver/Src/stm32f1xx_hal_dma.o
LOAD ./build/Debug/.obj/Drivers/STM32F1xx_HAL_Driver/Src/stm32f1xx_hal_exti.o
LOAD ./build/Debug/.obj/Drivers/STM32F1xx_HAL_Driver/Src/stm32f1xx_hal_flash.o
LOAD ./build/Debug/.obj/Drivers/STM32F1xx_HAL_Driver/Src/stm32f1xx_hal_flash_ex.o
LOAD ./build/Debug/.obj/Drivers/STM32F1xx_HAL_Driver/Src/stm32f1xx_hal_gpio.o
LOAD ./build/Debug/.obj/Drivers/STM32F1xx_HAL_Driver/Src/stm32f1xx_hal_gpio_ex.o
LOAD ./build/Debug/.obj/Drivers/STM32F1xx_HAL_Driver/Src/stm32f1xx_hal_i2c.o
LOAD ./build/Debug/.obj/Drivers/STM32F1xx_HAL_Driver/Src/stm32f1xx_hal_pwr.o
LOAD ./build/Debug/.obj/Drivers/STM32F1xx_HAL_Driver/Src/stm32f1xx_hal_rcc.o
LOAD ./build/Debug/.obj/Drivers/STM32F1xx_HAL_Driver/Src/stm32f1xx_hal_rcc_ex.o
LOAD ./build/Debug/.obj/Drivers/STM32F1xx_HAL_Driver/Src/stm32f1xx_hal_tim.o
LOAD ./build/Debug/.obj/Drivers/STM32F1xx_HAL_Driver/Src/stm32f1xx_hal_tim_ex.o
LOAD ./build/Debug/.obj/Drivers/STM32F1xx_HAL_Driver/Src/stm32f1xx_hal_uart.o
LOAD ./build/Debug/.obj/UC/oled.o
LOAD ./build/Debug/.obj/UC/wtr_mavlink.o
LOAD ./build/Debug/.obj/startup_stm32f103xb.o
LOAD d:/gnu arm embedded toolchain/10 2021.10/bin/../lib/gcc/arm-none-eabi/10.3.1/../../../../arm-none-eabi/lib/thumb/v7-m/nofp\libm.a
START GROUP
LOAD d:/gnu arm embedded toolchain/10 2021.10/bin/../lib/gcc/arm-none-eabi/10.3.1/thumb/v7-m/nofp\libgcc.a
LOAD d:/gnu arm embedded toolchain/10 2021.10/bin/../lib/gcc/arm-none-eabi/10.3.1/../../../../arm-none-eabi/lib/thumb/v7-m/nofp\libc_nano.a
END GROUP
START GROUP
LOAD d:/gnu arm embedded toolchain/10 2021.10/bin/../lib/gcc/arm-none-eabi/10.3.1/thumb/v7-m/nofp\libgcc.a
LOAD d:/gnu arm embedded toolchain/10 2021.10/bin/../lib/gcc/arm-none-eabi/10.3.1/../../../../arm-none-eabi/lib/thumb/v7-m/nofp\libc_nano.a
LOAD d:/gnu arm embedded toolchain/10 2021.10/bin/../lib/gcc/arm-none-eabi/10.3.1/../../../../arm-none-eabi/lib/thumb/v7-m/nofp\libnosys.a
END GROUP
START GROUP
LOAD d:/gnu arm embedded toolchain/10 2021.10/bin/../lib/gcc/arm-none-eabi/10.3.1/thumb/v7-m/nofp\libgcc.a
LOAD d:/gnu arm embedded toolchain/10 2021.10/bin/../lib/gcc/arm-none-eabi/10.3.1/../../../../arm-none-eabi/lib/thumb/v7-m/nofp\libc_nano.a
LOAD d:/gnu arm embedded toolchain/10 2021.10/bin/../lib/gcc/arm-none-eabi/10.3.1/../../../../arm-none-eabi/lib/thumb/v7-m/nofp\libnosys.a
END GROUP
LOAD d:/gnu arm embedded toolchain/10 2021.10/bin/../lib/gcc/arm-none-eabi/10.3.1/thumb/v7-m/nofp/crtend.o
LOAD d:/gnu arm embedded toolchain/10 2021.10/bin/../lib/gcc/arm-none-eabi/10.3.1/thumb/v7-m/nofp/crtn.o
                0x20005000                _estack = (ORIGIN (RAM) + LENGTH (RAM))
                0x00000200                _Min_Heap_Size = 0x200
                0x00000400                _Min_Stack_Size = 0x400

.isr_vector     0x08000000      0x10c
                0x08000000                . = ALIGN (0x4)
 *(.isr_vector)
 .isr_vector    0x08000000      0x10c ./build/Debug/.obj/startup_stm32f103xb.o
                0x08000000                g_pfnVectors
                0x0800010c                . = ALIGN (0x4)

.text           0x0800010c     0x4420
                0x0800010c                . = ALIGN (0x4)
 *(.text)
 .text          0x0800010c       0x40 d:/gnu arm embedded toolchain/10 2021.10/bin/../lib/gcc/arm-none-eabi/10.3.1/thumb/v7-m/nofp/crtbegin.o
 .text          0x0800014c      0x378 d:/gnu arm embedded toolchain/10 2021.10/bin/../lib/gcc/arm-none-eabi/10.3.1/thumb/v7-m/nofp\libgcc.a(_arm_addsubdf3.o)
                0x0800014c                __aeabi_drsub
                0x08000154                __aeabi_dsub
                0x08000154                __subdf3
                0x08000158                __aeabi_dadd
                0x08000158                __adddf3
                0x080003d0                __floatunsidf
                0x080003d0                __aeabi_ui2d
                0x080003f0                __floatsidf
                0x080003f0                __aeabi_i2d
                0x08000414                __aeabi_f2d
                0x08000414                __extendsfdf2
                0x08000458                __floatundidf
                0x08000458                __aeabi_ul2d
                0x08000468                __floatdidf
                0x08000468                __aeabi_l2d
 .text          0x080004c4       0x40 d:/gnu arm embedded toolchain/10 2021.10/bin/../lib/gcc/arm-none-eabi/10.3.1/thumb/v7-m/nofp\libgcc.a(_arm_fixunsdfsi.o)
                0x080004c4                __aeabi_d2uiz
                0x080004c4                __fixunsdfsi
 *(.text*)
 .text.MX_GPIO_Init
                0x08000504       0x44 ./build/Debug/.obj/Core/Src/gpio.o
                0x08000504                MX_GPIO_Init
 .text.MX_I2C1_Init
                0x08000548       0x3c ./build/Debug/.obj/Core/Src/i2c.o
                0x08000548                MX_I2C1_Init
 .text.HAL_I2C_MspInit
                0x08000584       0x74 ./build/Debug/.obj/Core/Src/i2c.o
                0x08000584                HAL_I2C_MspInit
 .text.mavlink_sha256_calc
                0x080005f8      0x150 ./build/Debug/.obj/Core/Src/main.o
 .text.mavlink_signature_check
                0x08000748      0x550 ./build/Debug/.obj/Core/Src/main.o
 .text.mavlink_frame_char_buffer
                0x08000c98      0x458 ./build/Debug/.obj/Core/Src/main.o
 .text.wtrMavlink_MsgRxCpltCallback
                0x080010f0       0x40 ./build/Debug/.obj/Core/Src/main.o
                0x080010f0                wtrMavlink_MsgRxCpltCallback
 .text.HAL_UART_RxCpltCallback
                0x08001130       0xe4 ./build/Debug/.obj/Core/Src/main.o
                0x08001130                HAL_UART_RxCpltCallback
 .text.Error_Handler
                0x08001214        0x4 ./build/Debug/.obj/Core/Src/main.o
                0x08001214                Error_Handler
 .text.SystemClock_Config
                0x08001218       0x64 ./build/Debug/.obj/Core/Src/main.o
                0x08001218                SystemClock_Config
 .text.main     0x0800127c      0x6b0 ./build/Debug/.obj/Core/Src/main.o
                0x0800127c                main
 .text.HAL_MspInit
                0x0800192c       0x44 ./build/Debug/.obj/Core/Src/stm32f1xx_hal_msp.o
                0x0800192c                HAL_MspInit
 .text.NMI_Handler
                0x08001970        0x2 ./build/Debug/.obj/Core/Src/stm32f1xx_it.o
                0x08001970                NMI_Handler
 .text.HardFault_Handler
                0x08001972        0x2 ./build/Debug/.obj/Core/Src/stm32f1xx_it.o
                0x08001972                HardFault_Handler
 .text.MemManage_Handler
                0x08001974        0x2 ./build/Debug/.obj/Core/Src/stm32f1xx_it.o
                0x08001974                MemManage_Handler
 .text.BusFault_Handler
                0x08001976        0x2 ./build/Debug/.obj/Core/Src/stm32f1xx_it.o
                0x08001976                BusFault_Handler
 .text.UsageFault_Handler
                0x08001978        0x2 ./build/Debug/.obj/Core/Src/stm32f1xx_it.o
                0x08001978                UsageFault_Handler
 .text.SVC_Handler
                0x0800197a        0x2 ./build/Debug/.obj/Core/Src/stm32f1xx_it.o
                0x0800197a                SVC_Handler
 .text.DebugMon_Handler
                0x0800197c        0x2 ./build/Debug/.obj/Core/Src/stm32f1xx_it.o
                0x0800197c                DebugMon_Handler
 .text.PendSV_Handler
                0x0800197e        0x2 ./build/Debug/.obj/Core/Src/stm32f1xx_it.o
                0x0800197e                PendSV_Handler
 .text.SysTick_Handler
                0x08001980        0x8 ./build/Debug/.obj/Core/Src/stm32f1xx_it.o
                0x08001980                SysTick_Handler
 .text.I2C1_EV_IRQHandler
                0x08001988       0x10 ./build/Debug/.obj/Core/Src/stm32f1xx_it.o
                0x08001988                I2C1_EV_IRQHandler
 .text.USART1_IRQHandler
                0x08001998       0x10 ./build/Debug/.obj/Core/Src/stm32f1xx_it.o
                0x08001998                USART1_IRQHandler
 .text.USART2_IRQHandler
                0x080019a8       0x10 ./build/Debug/.obj/Core/Src/stm32f1xx_it.o
                0x080019a8                USART2_IRQHandler
 .text.SystemInit
                0x080019b8        0x2 ./build/Debug/.obj/Core/Src/system_stm32f1xx.o
                0x080019b8                SystemInit
 *fill*         0x080019ba        0x2 
 .text.MX_USART1_UART_Init
                0x080019bc       0x34 ./build/Debug/.obj/Core/Src/usart.o
                0x080019bc                MX_USART1_UART_Init
 .text.MX_USART2_UART_Init
                0x080019f0       0x34 ./build/Debug/.obj/Core/Src/usart.o
                0x080019f0                MX_USART2_UART_Init
 .text.HAL_UART_MspInit
                0x08001a24       0xf4 ./build/Debug/.obj/Core/Src/usart.o
                0x08001a24                HAL_UART_MspInit
 .text.HAL_InitTick
                0x08001b18       0x4c ./build/Debug/.obj/Drivers/STM32F1xx_HAL_Driver/Src/stm32f1xx_hal.o
                0x08001b18                HAL_InitTick
 .text.HAL_Init
                0x08001b64       0x24 ./build/Debug/.obj/Drivers/STM32F1xx_HAL_Driver/Src/stm32f1xx_hal.o
                0x08001b64                HAL_Init
 .text.HAL_IncTick
                0x08001b88       0x18 ./build/Debug/.obj/Drivers/STM32F1xx_HAL_Driver/Src/stm32f1xx_hal.o
                0x08001b88                HAL_IncTick
 .text.HAL_GetTick
                0x08001ba0        0xc ./build/Debug/.obj/Drivers/STM32F1xx_HAL_Driver/Src/stm32f1xx_hal.o
                0x08001ba0                HAL_GetTick
 .text.HAL_Delay
                0x08001bac       0x28 ./build/Debug/.obj/Drivers/STM32F1xx_HAL_Driver/Src/stm32f1xx_hal.o
                0x08001bac                HAL_Delay
 .text.HAL_NVIC_SetPriorityGrouping
                0x08001bd4       0x24 ./build/Debug/.obj/Drivers/STM32F1xx_HAL_Driver/Src/stm32f1xx_hal_cortex.o
                0x08001bd4                HAL_NVIC_SetPriorityGrouping
 .text.HAL_NVIC_SetPriority
                0x08001bf8       0x70 ./build/Debug/.obj/Drivers/STM32F1xx_HAL_Driver/Src/stm32f1xx_hal_cortex.o
                0x08001bf8                HAL_NVIC_SetPriority
 .text.HAL_NVIC_EnableIRQ
                0x08001c68       0x1c ./build/Debug/.obj/Drivers/STM32F1xx_HAL_Driver/Src/stm32f1xx_hal_cortex.o
                0x08001c68                HAL_NVIC_EnableIRQ
 .text.HAL_SYSTICK_Config
                0x08001c84       0x28 ./build/Debug/.obj/Drivers/STM32F1xx_HAL_Driver/Src/stm32f1xx_hal_cortex.o
                0x08001c84                HAL_SYSTICK_Config
 .text.HAL_DMA_Abort
                0x08001cac       0x46 ./build/Debug/.obj/Drivers/STM32F1xx_HAL_Driver/Src/stm32f1xx_hal_dma.o
                0x08001cac                HAL_DMA_Abort
 *fill*         0x08001cf2        0x2 
 .text.HAL_DMA_Abort_IT
                0x08001cf4       0x98 ./build/Debug/.obj/Drivers/STM32F1xx_HAL_Driver/Src/stm32f1xx_hal_dma.o
                0x08001cf4                HAL_DMA_Abort_IT
 .text.HAL_DMA_GetState
                0x08001d8c        0x6 ./build/Debug/.obj/Drivers/STM32F1xx_HAL_Driver/Src/stm32f1xx_hal_dma.o
                0x08001d8c                HAL_DMA_GetState
 *fill*         0x08001d92        0x2 
 .text.HAL_GPIO_Init
                0x08001d94      0x224 ./build/Debug/.obj/Drivers/STM32F1xx_HAL_Driver/Src/stm32f1xx_hal_gpio.o
                0x08001d94                HAL_GPIO_Init
 .text.I2C_Flush_DR
                0x08001fb8       0x10 ./build/Debug/.obj/Drivers/STM32F1xx_HAL_Driver/Src/stm32f1xx_hal_i2c.o
 .text.I2C_Master_SB
                0x08001fc8       0xa8 ./build/Debug/.obj/Drivers/STM32F1xx_HAL_Driver/Src/stm32f1xx_hal_i2c.o
 .text.I2C_Master_ADD10
                0x08002070       0x2a ./build/Debug/.obj/Drivers/STM32F1xx_HAL_Driver/Src/stm32f1xx_hal_i2c.o
 .text.I2C_Master_ADDR
                0x0800209a      0x216 ./build/Debug/.obj/Drivers/STM32F1xx_HAL_Driver/Src/stm32f1xx_hal_i2c.o
 .text.I2C_SlaveTransmit_BTF
                0x080022b0       0x20 ./build/Debug/.obj/Drivers/STM32F1xx_HAL_Driver/Src/stm32f1xx_hal_i2c.o
 .text.I2C_SlaveReceive_BTF
                0x080022d0       0x20 ./build/Debug/.obj/Drivers/STM32F1xx_HAL_Driver/Src/stm32f1xx_hal_i2c.o
 .text.I2C_WaitOnSTOPRequestThroughIT
                0x080022f0       0x48 ./build/Debug/.obj/Drivers/STM32F1xx_HAL_Driver/Src/stm32f1xx_hal_i2c.o
 .text.I2C_IsAcknowledgeFailed
                0x08002338       0x32 ./build/Debug/.obj/Drivers/STM32F1xx_HAL_Driver/Src/stm32f1xx_hal_i2c.o
 .text.I2C_ConvertOtherXferOptions
                0x0800236a       0x1e ./build/Debug/.obj/Drivers/STM32F1xx_HAL_Driver/Src/stm32f1xx_hal_i2c.o
 .text.I2C_WaitOnFlagUntilTimeout
                0x08002388       0xaa ./build/Debug/.obj/Drivers/STM32F1xx_HAL_Driver/Src/stm32f1xx_hal_i2c.o
 .text.I2C_WaitOnMasterAddressFlagUntilTimeout
                0x08002432       0xd6 ./build/Debug/.obj/Drivers/STM32F1xx_HAL_Driver/Src/stm32f1xx_hal_i2c.o
 .text.I2C_WaitOnTXEFlagUntilTimeout
                0x08002508       0x5e ./build/Debug/.obj/Drivers/STM32F1xx_HAL_Driver/Src/stm32f1xx_hal_i2c.o
 *fill*         0x08002566        0x2 
 .text.I2C_RequestMemoryWrite
                0x08002568       0xd8 ./build/Debug/.obj/Drivers/STM32F1xx_HAL_Driver/Src/stm32f1xx_hal_i2c.o
 .text.I2C_WaitOnBTFFlagUntilTimeout
                0x08002640       0x5e ./build/Debug/.obj/Drivers/STM32F1xx_HAL_Driver/Src/stm32f1xx_hal_i2c.o
 *fill*         0x0800269e        0x2 
 .text.HAL_I2C_Init
                0x080026a0      0x1bc ./build/Debug/.obj/Drivers/STM32F1xx_HAL_Driver/Src/stm32f1xx_hal_i2c.o
                0x080026a0                HAL_I2C_Init
 .text.HAL_I2C_Mem_Write
                0x0800285c      0x164 ./build/Debug/.obj/Drivers/STM32F1xx_HAL_Driver/Src/stm32f1xx_hal_i2c.o
                0x0800285c                HAL_I2C_Mem_Write
 .text.HAL_I2C_MasterTxCpltCallback
                0x080029c0        0x2 ./build/Debug/.obj/Drivers/STM32F1xx_HAL_Driver/Src/stm32f1xx_hal_i2c.o
                0x080029c0                HAL_I2C_MasterTxCpltCallback
 .text.HAL_I2C_MasterRxCpltCallback
                0x080029c2        0x2 ./build/Debug/.obj/Drivers/STM32F1xx_HAL_Driver/Src/stm32f1xx_hal_i2c.o
                0x080029c2                HAL_I2C_MasterRxCpltCallback
 .text.HAL_I2C_SlaveTxCpltCallback
                0x080029c4        0x2 ./build/Debug/.obj/Drivers/STM32F1xx_HAL_Driver/Src/stm32f1xx_hal_i2c.o
                0x080029c4                HAL_I2C_SlaveTxCpltCallback
 .text.I2C_SlaveTransmit_TXE
                0x080029c6       0x4c ./build/Debug/.obj/Drivers/STM32F1xx_HAL_Driver/Src/stm32f1xx_hal_i2c.o
 .text.HAL_I2C_SlaveRxCpltCallback
                0x08002a12        0x2 ./build/Debug/.obj/Drivers/STM32F1xx_HAL_Driver/Src/stm32f1xx_hal_i2c.o
                0x08002a12                HAL_I2C_SlaveRxCpltCallback
 .text.I2C_SlaveReceive_RXNE
                0x08002a14       0x4c ./build/Debug/.obj/Drivers/STM32F1xx_HAL_Driver/Src/stm32f1xx_hal_i2c.o
 .text.HAL_I2C_AddrCallback
                0x08002a60        0x2 ./build/Debug/.obj/Drivers/STM32F1xx_HAL_Driver/Src/stm32f1xx_hal_i2c.o
                0x08002a60                HAL_I2C_AddrCallback
 .text.I2C_Slave_ADDR
                0x08002a62       0x5a ./build/Debug/.obj/Drivers/STM32F1xx_HAL_Driver/Src/stm32f1xx_hal_i2c.o
 .text.HAL_I2C_ListenCpltCallback
                0x08002abc        0x2 ./build/Debug/.obj/Drivers/STM32F1xx_HAL_Driver/Src/stm32f1xx_hal_i2c.o
                0x08002abc                HAL_I2C_ListenCpltCallback
 .text.HAL_I2C_MemTxCpltCallback
                0x08002abe        0x2 ./build/Debug/.obj/Drivers/STM32F1xx_HAL_Driver/Src/stm32f1xx_hal_i2c.o
                0x08002abe                HAL_I2C_MemTxCpltCallback
 .text.I2C_MasterTransmit_BTF
                0x08002ac0       0x9e ./build/Debug/.obj/Drivers/STM32F1xx_HAL_Driver/Src/stm32f1xx_hal_i2c.o
 .text.I2C_MemoryTransmit_TXE_BTF
                0x08002b5e       0xc4 ./build/Debug/.obj/Drivers/STM32F1xx_HAL_Driver/Src/stm32f1xx_hal_i2c.o
 .text.I2C_MasterTransmit_TXE
                0x08002c22       0xd0 ./build/Debug/.obj/Drivers/STM32F1xx_HAL_Driver/Src/stm32f1xx_hal_i2c.o
 .text.HAL_I2C_MemRxCpltCallback
                0x08002cf2        0x2 ./build/Debug/.obj/Drivers/STM32F1xx_HAL_Driver/Src/stm32f1xx_hal_i2c.o
                0x08002cf2                HAL_I2C_MemRxCpltCallback
 .text.I2C_MasterReceive_BTF
                0x08002cf4      0x128 ./build/Debug/.obj/Drivers/STM32F1xx_HAL_Driver/Src/stm32f1xx_hal_i2c.o
 .text.HAL_I2C_ErrorCallback
                0x08002e1c        0x2 ./build/Debug/.obj/Drivers/STM32F1xx_HAL_Driver/Src/stm32f1xx_hal_i2c.o
                0x08002e1c                HAL_I2C_ErrorCallback
 .text.I2C_MasterReceive_RXNE
                0x08002e1e       0xf6 ./build/Debug/.obj/Drivers/STM32F1xx_HAL_Driver/Src/stm32f1xx_hal_i2c.o
 .text.HAL_I2C_AbortCpltCallback
                0x08002f14        0x2 ./build/Debug/.obj/Drivers/STM32F1xx_HAL_Driver/Src/stm32f1xx_hal_i2c.o
                0x08002f14                HAL_I2C_AbortCpltCallback
 *fill*         0x08002f16        0x2 
 .text.I2C_DMAAbort
                0x08002f18       0xe4 ./build/Debug/.obj/Drivers/STM32F1xx_HAL_Driver/Src/stm32f1xx_hal_i2c.o
 .text.I2C_ITError
                0x08002ffc      0x178 ./build/Debug/.obj/Drivers/STM32F1xx_HAL_Driver/Src/stm32f1xx_hal_i2c.o
 .text.I2C_Slave_STOPF
                0x08003174      0x18c ./build/Debug/.obj/Drivers/STM32F1xx_HAL_Driver/Src/stm32f1xx_hal_i2c.o
 .text.HAL_I2C_EV_IRQHandler
                0x08003300      0x1a0 ./build/Debug/.obj/Drivers/STM32F1xx_HAL_Driver/Src/stm32f1xx_hal_i2c.o
                0x08003300                HAL_I2C_EV_IRQHandler
 .text.RCC_Delay
                0x080034a0       0x2c ./build/Debug/.obj/Drivers/STM32F1xx_HAL_Driver/Src/stm32f1xx_hal_rcc.o
 .text.HAL_RCC_OscConfig
                0x080034cc      0x410 ./build/Debug/.obj/Drivers/STM32F1xx_HAL_Driver/Src/stm32f1xx_hal_rcc.o
                0x080034cc                HAL_RCC_OscConfig
 .text.HAL_RCC_GetSysClockFreq
                0x080038dc       0x54 ./build/Debug/.obj/Drivers/STM32F1xx_HAL_Driver/Src/stm32f1xx_hal_rcc.o
                0x080038dc                HAL_RCC_GetSysClockFreq
 .text.HAL_RCC_ClockConfig
                0x08003930      0x16c ./build/Debug/.obj/Drivers/STM32F1xx_HAL_Driver/Src/stm32f1xx_hal_rcc.o
                0x08003930                HAL_RCC_ClockConfig
 .text.HAL_RCC_GetHCLKFreq
                0x08003a9c        0xc ./build/Debug/.obj/Drivers/STM32F1xx_HAL_Driver/Src/stm32f1xx_hal_rcc.o
                0x08003a9c                HAL_RCC_GetHCLKFreq
 .text.HAL_RCC_GetPCLK1Freq
                0x08003aa8       0x20 ./build/Debug/.obj/Drivers/STM32F1xx_HAL_Driver/Src/stm32f1xx_hal_rcc.o
                0x08003aa8                HAL_RCC_GetPCLK1Freq
 .text.HAL_RCC_GetPCLK2Freq
                0x08003ac8       0x20 ./build/Debug/.obj/Drivers/STM32F1xx_HAL_Driver/Src/stm32f1xx_hal_rcc.o
                0x08003ac8                HAL_RCC_GetPCLK2Freq
 .text.UART_EndRxTransfer
                0x08003ae8       0x5c ./build/Debug/.obj/Drivers/STM32F1xx_HAL_Driver/Src/stm32f1xx_hal_uart.o
 .text.UART_Transmit_IT
                0x08003b44       0x60 ./build/Debug/.obj/Drivers/STM32F1xx_HAL_Driver/Src/stm32f1xx_hal_uart.o
 .text.UART_SetConfig
                0x08003ba4       0x94 ./build/Debug/.obj/Drivers/STM32F1xx_HAL_Driver/Src/stm32f1xx_hal_uart.o
 .text.UART_WaitOnFlagUntilTimeout
                0x08003c38       0x88 ./build/Debug/.obj/Drivers/STM32F1xx_HAL_Driver/Src/stm32f1xx_hal_uart.o
 .text.HAL_UART_Init
                0x08003cc0       0x60 ./build/Debug/.obj/Drivers/STM32F1xx_HAL_Driver/Src/stm32f1xx_hal_uart.o
                0x08003cc0                HAL_UART_Init
 .text.HAL_UART_Transmit
                0x08003d20       0xbe ./build/Debug/.obj/Drivers/STM32F1xx_HAL_Driver/Src/stm32f1xx_hal_uart.o
                0x08003d20                HAL_UART_Transmit
 .text.HAL_UART_TxCpltCallback
                0x08003dde        0x2 ./build/Debug/.obj/Drivers/STM32F1xx_HAL_Driver/Src/stm32f1xx_hal_uart.o
                0x08003dde                HAL_UART_TxCpltCallback
 .text.UART_EndTransmit_IT
                0x08003de0       0x1a ./build/Debug/.obj/Drivers/STM32F1xx_HAL_Driver/Src/stm32f1xx_hal_uart.o
 .text.HAL_UART_ErrorCallback
                0x08003dfa        0x2 ./build/Debug/.obj/Drivers/STM32F1xx_HAL_Driver/Src/stm32f1xx_hal_uart.o
                0x08003dfa                HAL_UART_ErrorCallback
 .text.UART_DMAAbortOnError
                0x08003dfc       0x10 ./build/Debug/.obj/Drivers/STM32F1xx_HAL_Driver/Src/stm32f1xx_hal_uart.o
 .text.HAL_UARTEx_RxEventCallback
                0x08003e0c        0x2 ./build/Debug/.obj/Drivers/STM32F1xx_HAL_Driver/Src/stm32f1xx_hal_uart.o
                0x08003e0c                HAL_UARTEx_RxEventCallback
 .text.UART_Receive_IT
                0x08003e0e       0xe6 ./build/Debug/.obj/Drivers/STM32F1xx_HAL_Driver/Src/stm32f1xx_hal_uart.o
 .text.HAL_UART_IRQHandler
                0x08003ef4      0x288 ./build/Debug/.obj/Drivers/STM32F1xx_HAL_Driver/Src/stm32f1xx_hal_uart.o
                0x08003ef4                HAL_UART_IRQHandler
 .text.WriteCmd
                0x0800417c       0x38 ./build/Debug/.obj/UC/oled.o
                0x0800417c                WriteCmd
 .text.OLED_WR_CMD
                0x080041b4       0x2c ./build/Debug/.obj/UC/oled.o
                0x080041b4                OLED_WR_CMD
 .text.OLED_WR_DATA
                0x080041e0       0x2c ./build/Debug/.obj/UC/oled.o
                0x080041e0                OLED_WR_DATA
 .text.OLED_Init
                0x0800420c        0xe ./build/Debug/.obj/UC/oled.o
                0x0800420c                OLED_Init
 .text.OLED_Clear
                0x0800421a       0x3a ./build/Debug/.obj/UC/oled.o
                0x0800421a                OLED_Clear
 .text.OLED_Set_Pos
                0x08004254       0x22 ./build/Debug/.obj/UC/oled.o
                0x08004254                OLED_Set_Pos
 .text.oled_pow
                0x08004276       0x16 ./build/Debug/.obj/UC/oled.o
                0x08004276                oled_pow
 .text.OLED_ShowChar
                0x0800428c       0x90 ./build/Debug/.obj/UC/oled.o
                0x0800428c                OLED_ShowChar
 .text.OLED_ShowNum
                0x0800431c       0x90 ./build/Debug/.obj/UC/oled.o
                0x0800431c                OLED_ShowNum
 .text.wtrMavlink_BindChannel
                0x080043ac       0x18 ./build/Debug/.obj/UC/wtr_mavlink.o
                0x080043ac                wtrMavlink_BindChannel
 .text.wtrMavlink_StartReceiveIT
                0x080043c4       0x70 ./build/Debug/.obj/UC/wtr_mavlink.o
                0x080043c4                wtrMavlink_StartReceiveIT
 .text.Reset_Handler
                0x08004434       0x48 ./build/Debug/.obj/startup_stm32f103xb.o
                0x08004434                Reset_Handler
 .text.Default_Handler
                0x0800447c        0x2 ./build/Debug/.obj/startup_stm32f103xb.o
                0x0800447c                RTC_Alarm_IRQHandler
                0x0800447c                EXTI2_IRQHandler
                0x0800447c                TIM1_CC_IRQHandler
                0x0800447c                PVD_IRQHandler
                0x0800447c                EXTI3_IRQHandler
                0x0800447c                EXTI0_IRQHandler
                0x0800447c                I2C2_EV_IRQHandler
                0x0800447c                ADC1_2_IRQHandler
                0x0800447c                SPI1_IRQHandler
                0x0800447c                TAMPER_IRQHandler
                0x0800447c                DMA1_Channel4_IRQHandler
                0x0800447c                USART3_IRQHandler
                0x0800447c                RTC_IRQHandler
                0x0800447c                DMA1_Channel7_IRQHandler
                0x0800447c                CAN1_RX1_IRQHandler
                0x0800447c                TIM4_IRQHandler
                0x0800447c                DMA1_Channel6_IRQHandler
                0x0800447c                TIM3_IRQHandler
                0x0800447c                RCC_IRQHandler
                0x0800447c                TIM1_TRG_COM_IRQHandler
                0x0800447c                DMA1_Channel1_IRQHandler
                0x0800447c                Default_Handler
                0x0800447c                EXTI15_10_IRQHandler
                0x0800447c                EXTI9_5_IRQHandler
                0x0800447c                SPI2_IRQHandler
                0x0800447c                DMA1_Channel5_IRQHandler
                0x0800447c                EXTI4_IRQHandler
                0x0800447c                USB_LP_CAN1_RX0_IRQHandler
                0x0800447c                USB_HP_CAN1_TX_IRQHandler
                0x0800447c                DMA1_Channel3_IRQHandler
                0x0800447c                TIM1_UP_IRQHandler
                0x0800447c                WWDG_IRQHandler
                0x0800447c                TIM2_IRQHandler
                0x0800447c                TIM1_BRK_IRQHandler
                0x0800447c                EXTI1_IRQHandler
                0x0800447c                I2C2_ER_IRQHandler
                0x0800447c                DMA1_Channel2_IRQHandler
                0x0800447c                CAN1_SCE_IRQHandler
                0x0800447c                FLASH_IRQHandler
                0x0800447c                I2C1_ER_IRQHandler
                0x0800447c                USBWakeUp_IRQHandler
 *fill*         0x0800447e        0x2 
 .text.__libc_init_array
                0x08004480       0x48 d:/gnu arm embedded toolchain/10 2021.10/bin/../lib/gcc/arm-none-eabi/10.3.1/../../../../arm-none-eabi/lib/thumb/v7-m/nofp\libc_nano.a(lib_a-init.o)
                0x08004480                __libc_init_array
 .text.memcmp   0x080044c8       0x20 d:/gnu arm embedded toolchain/10 2021.10/bin/../lib/gcc/arm-none-eabi/10.3.1/../../../../arm-none-eabi/lib/thumb/v7-m/nofp\libc_nano.a(lib_a-memcmp.o)
                0x080044c8                memcmp
 .text.memcpy   0x080044e8       0x1c d:/gnu arm embedded toolchain/10 2021.10/bin/../lib/gcc/arm-none-eabi/10.3.1/../../../../arm-none-eabi/lib/thumb/v7-m/nofp\libc_nano.a(lib_a-memcpy-stub.o)
                0x080044e8                memcpy
 .text.memset   0x08004504       0x10 d:/gnu arm embedded toolchain/10 2021.10/bin/../lib/gcc/arm-none-eabi/10.3.1/../../../../arm-none-eabi/lib/thumb/v7-m/nofp\libc_nano.a(lib_a-memset.o)
                0x08004504                memset
 *(.glue_7)
 .glue_7        0x08004514        0x0 linker stubs
 *(.glue_7t)
 .glue_7t       0x08004514        0x0 linker stubs
 *(.eh_frame)
 .eh_frame      0x08004514        0x0 d:/gnu arm embedded toolchain/10 2021.10/bin/../lib/gcc/arm-none-eabi/10.3.1/thumb/v7-m/nofp/crtbegin.o
 *(.init)
 .init          0x08004514        0x4 d:/gnu arm embedded toolchain/10 2021.10/bin/../lib/gcc/arm-none-eabi/10.3.1/thumb/v7-m/nofp/crti.o
                0x08004514                _init
 .init          0x08004518        0x8 d:/gnu arm embedded toolchain/10 2021.10/bin/../lib/gcc/arm-none-eabi/10.3.1/thumb/v7-m/nofp/crtn.o
 *(.fini)
 .fini          0x08004520        0x4 d:/gnu arm embedded toolchain/10 2021.10/bin/../lib/gcc/arm-none-eabi/10.3.1/thumb/v7-m/nofp/crti.o
                0x08004520                _fini
 .fini          0x08004524        0x8 d:/gnu arm embedded toolchain/10 2021.10/bin/../lib/gcc/arm-none-eabi/10.3.1/thumb/v7-m/nofp/crtn.o
                0x0800452c                . = ALIGN (0x4)
                0x0800452c                _etext = .

.vfp11_veneer   0x0800452c        0x0
 .vfp11_veneer  0x0800452c        0x0 linker stubs

.v4_bx          0x0800452c        0x0
 .v4_bx         0x0800452c        0x0 linker stubs

.iplt           0x0800452c        0x0
 .iplt          0x0800452c        0x0 d:/gnu arm embedded toolchain/10 2021.10/bin/../lib/gcc/arm-none-eabi/10.3.1/thumb/v7-m/nofp/crtbegin.o

.rodata         0x0800452c      0x940
                0x0800452c                . = ALIGN (0x4)
 *(.rodata)
 *(.rodata*)
 .rodata.mavlink_message_crcs.0
                0x0800452c        0xc ./build/Debug/.obj/Core/Src/main.o
 .rodata.mavlink_sha256_constant_256
                0x08004538      0x100 ./build/Debug/.obj/Core/Src/main.o
 .rodata.AHBPrescTable
                0x08004638       0x10 ./build/Debug/.obj/Core/Src/system_stm32f1xx.o
                0x08004638                AHBPrescTable
 .rodata.APBPrescTable
                0x08004648        0x8 ./build/Debug/.obj/Core/Src/system_stm32f1xx.o
                0x08004648                APBPrescTable
 .rodata.aPLLMULFactorTable.1
                0x08004650       0x10 ./build/Debug/.obj/Drivers/STM32F1xx_HAL_Driver/Src/stm32f1xx_hal_rcc.o
 .rodata.aPredivFactorTable.0
                0x08004660        0x2 ./build/Debug/.obj/Drivers/STM32F1xx_HAL_Driver/Src/stm32f1xx_hal_rcc.o
 *fill*         0x08004662        0x2 
 .rodata.F6x8   0x08004664      0x228 ./build/Debug/.obj/UC/oled.o
                0x08004664                F6x8
 .rodata.F8X16  0x0800488c      0x5e0 ./build/Debug/.obj/UC/oled.o
                0x0800488c                F8X16
                0x08004e6c                . = ALIGN (0x4)

.rel.dyn        0x08004e6c        0x0
 .rel.iplt      0x08004e6c        0x0 d:/gnu arm embedded toolchain/10 2021.10/bin/../lib/gcc/arm-none-eabi/10.3.1/thumb/v7-m/nofp/crtbegin.o

.ARM.extab
 *(.ARM.extab* .gnu.linkonce.armextab.*)

.ARM            0x08004e6c        0x0
                0x08004e6c                __exidx_start = .
 *(.ARM.exidx*)
                0x08004e6c                __exidx_end = .

.preinit_array  0x08004e6c        0x0
                0x08004e6c                PROVIDE (__preinit_array_start = .)
 *(.preinit_array*)
                0x08004e6c                PROVIDE (__preinit_array_end = .)

.init_array     0x08004e6c        0x4
                0x08004e6c                PROVIDE (__init_array_start = .)
 *(SORT_BY_NAME(.init_array.*))
 *(.init_array*)
 .init_array    0x08004e6c        0x4 d:/gnu arm embedded toolchain/10 2021.10/bin/../lib/gcc/arm-none-eabi/10.3.1/thumb/v7-m/nofp/crtbegin.o
                0x08004e70                PROVIDE (__init_array_end = .)

.fini_array     0x08004e70        0x4
                [!provide]                PROVIDE (__fini_array_start = .)
 *(SORT_BY_NAME(.fini_array.*))
 *(.fini_array*)
 .fini_array    0x08004e70        0x4 d:/gnu arm embedded toolchain/10 2021.10/bin/../lib/gcc/arm-none-eabi/10.3.1/thumb/v7-m/nofp/crtbegin.o
                [!provide]                PROVIDE (__fini_array_end = .)
                0x08004e74                _sidata = LOADADDR (.data)

.data           0x20000000       0x28 load address 0x08004e74
                0x20000000                . = ALIGN (0x4)
                0x20000000                _sdata = .
 *(.data)
 *(.data*)
 .data.SystemCoreClock
                0x20000000        0x4 ./build/Debug/.obj/Core/Src/system_stm32f1xx.o
                0x20000000                SystemCoreClock
 .data.uwTickFreq
                0x20000004        0x1 ./build/Debug/.obj/Drivers/STM32F1xx_HAL_Driver/Src/stm32f1xx_hal.o
                0x20000004                uwTickFreq
 *fill*         0x20000005        0x3 
 .data.uwTickPrio
                0x20000008        0x4 ./build/Debug/.obj/Drivers/STM32F1xx_HAL_Driver/Src/stm32f1xx_hal.o
                0x20000008                uwTickPrio
 .data.CMD_Data
                0x2000000c       0x1b ./build/Debug/.obj/UC/oled.o
                0x2000000c                CMD_Data
                0x20000028                . = ALIGN (0x4)
 *fill*         0x20000027        0x1 
                0x20000028                _edata = .

.igot.plt       0x20000028        0x0 load address 0x08004e9c
 .igot.plt      0x20000028        0x0 d:/gnu arm embedded toolchain/10 2021.10/bin/../lib/gcc/arm-none-eabi/10.3.1/thumb/v7-m/nofp/crtbegin.o
                0x20000028                . = ALIGN (0x4)

.bss            0x20000028      0x634 load address 0x08004e9c
                0x20000028                _sbss = .
                0x20000028                __bss_start__ = _sbss
 *(.bss)
 .bss           0x20000028       0x1c d:/gnu arm embedded toolchain/10 2021.10/bin/../lib/gcc/arm-none-eabi/10.3.1/thumb/v7-m/nofp/crtbegin.o
 *(.bss*)
 .bss.hi2c1     0x20000044       0x54 ./build/Debug/.obj/Core/Src/i2c.o
                0x20000044                hi2c1
 .bss.SPEEDStructReceived
                0x20000098       0x18 ./build/Debug/.obj/Core/Src/main.o
                0x20000098                SPEEDStructReceived
 .bss.SPEEDStructToBeSend
                0x200000b0       0x18 ./build/Debug/.obj/Core/Src/main.o
                0x200000b0                SPEEDStructToBeSend
 .bss.huart1    0x200000c8       0x48 ./build/Debug/.obj/Core/Src/usart.o
                0x200000c8                huart1
 .bss.huart2    0x20000110       0x48 ./build/Debug/.obj/Core/Src/usart.o
                0x20000110                huart2
 .bss.uwTick    0x20000158        0x4 ./build/Debug/.obj/Drivers/STM32F1xx_HAL_Driver/Src/stm32f1xx_hal.o
                0x20000158                uwTick
 .bss.hMAVLink  0x2000015c      0x500 ./build/Debug/.obj/UC/wtr_mavlink.o
                0x2000015c                hMAVLink
 *(COMMON)
                0x2000065c                . = ALIGN (0x4)
                0x2000065c                _ebss = .
                0x2000065c                __bss_end__ = _ebss

._user_heap_stack
                0x2000065c      0x604 load address 0x08004e9c
                0x20000660                . = ALIGN (0x8)
 *fill*         0x2000065c        0x4 
                [!provide]                PROVIDE (end = .)
                [!provide]                PROVIDE (_end = .)
                0x20000860                . = (. + _Min_Heap_Size)
 *fill*         0x20000660      0x200 
                0x20000c60                . = (. + _Min_Stack_Size)
 *fill*         0x20000860      0x400 
                0x20000c60                . = ALIGN (0x8)

/DISCARD/
 libc.a(*)
 libm.a(*)
 libgcc.a(*)

.ARM.attributes
                0x00000000       0x29
 *(.ARM.attributes)
 .ARM.attributes
                0x00000000       0x1d d:/gnu arm embedded toolchain/10 2021.10/bin/../lib/gcc/arm-none-eabi/10.3.1/thumb/v7-m/nofp/crti.o
 .ARM.attributes
                0x0000001d       0x2d d:/gnu arm embedded toolchain/10 2021.10/bin/../lib/gcc/arm-none-eabi/10.3.1/thumb/v7-m/nofp/crtbegin.o
 .ARM.attributes
                0x0000004a       0x2d ./build/Debug/.obj/Core/Src/gpio.o
 .ARM.attributes
                0x00000077       0x2d ./build/Debug/.obj/Core/Src/i2c.o
 .ARM.attributes
                0x000000a4       0x2d ./build/Debug/.obj/Core/Src/main.o
 .ARM.attributes
                0x000000d1       0x2d ./build/Debug/.obj/Core/Src/stm32f1xx_hal_msp.o
 .ARM.attributes
                0x000000fe       0x2d ./build/Debug/.obj/Core/Src/stm32f1xx_it.o
 .ARM.attributes
                0x0000012b       0x2d ./build/Debug/.obj/Core/Src/system_stm32f1xx.o
 .ARM.attributes
                0x00000158       0x2d ./build/Debug/.obj/Core/Src/usart.o
 .ARM.attributes
                0x00000185       0x2d ./build/Debug/.obj/Drivers/STM32F1xx_HAL_Driver/Src/stm32f1xx_hal.o
 .ARM.attributes
                0x000001b2       0x2d ./build/Debug/.obj/Drivers/STM32F1xx_HAL_Driver/Src/stm32f1xx_hal_cortex.o
 .ARM.attributes
                0x000001df       0x2d ./build/Debug/.obj/Drivers/STM32F1xx_HAL_Driver/Src/stm32f1xx_hal_dma.o
 .ARM.attributes
                0x0000020c       0x2d ./build/Debug/.obj/Drivers/STM32F1xx_HAL_Driver/Src/stm32f1xx_hal_gpio.o
 .ARM.attributes
                0x00000239       0x2d ./build/Debug/.obj/Drivers/STM32F1xx_HAL_Driver/Src/stm32f1xx_hal_i2c.o
 .ARM.attributes
                0x00000266       0x2d ./build/Debug/.obj/Drivers/STM32F1xx_HAL_Driver/Src/stm32f1xx_hal_rcc.o
 .ARM.attributes
                0x00000293       0x2d ./build/Debug/.obj/Drivers/STM32F1xx_HAL_Driver/Src/stm32f1xx_hal_uart.o
 .ARM.attributes
                0x000002c0       0x2d ./build/Debug/.obj/UC/oled.o
 .ARM.attributes
                0x000002ed       0x2d ./build/Debug/.obj/UC/wtr_mavlink.o
 .ARM.attributes
                0x0000031a       0x21 ./build/Debug/.obj/startup_stm32f103xb.o
 .ARM.attributes
                0x0000033b       0x1d d:/gnu arm embedded toolchain/10 2021.10/bin/../lib/gcc/arm-none-eabi/10.3.1/thumb/v7-m/nofp\libgcc.a(_arm_addsubdf3.o)
 .ARM.attributes
                0x00000358       0x1d d:/gnu arm embedded toolchain/10 2021.10/bin/../lib/gcc/arm-none-eabi/10.3.1/thumb/v7-m/nofp\libgcc.a(_arm_fixunsdfsi.o)
 .ARM.attributes
                0x00000375       0x2d d:/gnu arm embedded toolchain/10 2021.10/bin/../lib/gcc/arm-none-eabi/10.3.1/../../../../arm-none-eabi/lib/thumb/v7-m/nofp\libc_nano.a(lib_a-init.o)
 .ARM.attributes
                0x000003a2       0x2d d:/gnu arm embedded toolchain/10 2021.10/bin/../lib/gcc/arm-none-eabi/10.3.1/../../../../arm-none-eabi/lib/thumb/v7-m/nofp\libc_nano.a(lib_a-memcmp.o)
 .ARM.attributes
                0x000003cf       0x2d d:/gnu arm embedded toolchain/10 2021.10/bin/../lib/gcc/arm-none-eabi/10.3.1/../../../../arm-none-eabi/lib/thumb/v7-m/nofp\libc_nano.a(lib_a-memcpy-stub.o)
 .ARM.attributes
                0x000003fc       0x2d d:/gnu arm embedded toolchain/10 2021.10/bin/../lib/gcc/arm-none-eabi/10.3.1/../../../../arm-none-eabi/lib/thumb/v7-m/nofp\libc_nano.a(lib_a-memset.o)
 .ARM.attributes
                0x00000429       0x1d d:/gnu arm embedded toolchain/10 2021.10/bin/../lib/gcc/arm-none-eabi/10.3.1/thumb/v7-m/nofp/crtn.o
OUTPUT(./build/Debug/MAV_trial_F103.elf elf32-littlearm)
LOAD linker stubs
LOAD d:/gnu arm embedded toolchain/10 2021.10/bin/../lib/gcc/arm-none-eabi/10.3.1/../../../../arm-none-eabi/lib/thumb/v7-m/nofp\libc.a
LOAD d:/gnu arm embedded toolchain/10 2021.10/bin/../lib/gcc/arm-none-eabi/10.3.1/../../../../arm-none-eabi/lib/thumb/v7-m/nofp\libm.a
LOAD d:/gnu arm embedded toolchain/10 2021.10/bin/../lib/gcc/arm-none-eabi/10.3.1/thumb/v7-m/nofp\libgcc.a

.debug_info     0x00000000    0x122a9
 .debug_info    0x00000000      0x199 ./build/Debug/.obj/Core/Src/gpio.o
 .debug_info    0x00000199      0xa55 ./build/Debug/.obj/Core/Src/i2c.o
 .debug_info    0x00000bee     0x3731 ./build/Debug/.obj/Core/Src/main.o
 .debug_info    0x0000431f      0x211 ./build/Debug/.obj/Core/Src/stm32f1xx_hal_msp.o
 .debug_info    0x00004530      0x957 ./build/Debug/.obj/Core/Src/stm32f1xx_it.o
 .debug_info    0x00004e87      0x248 ./build/Debug/.obj/Core/Src/system_stm32f1xx.o
 .debug_info    0x000050cf      0xb2e ./build/Debug/.obj/Core/Src/usart.o
 .debug_info    0x00005bfd      0x7a8 ./build/Debug/.obj/Drivers/STM32F1xx_HAL_Driver/Src/stm32f1xx_hal.o
 .debug_info    0x000063a5      0xd8a ./build/Debug/.obj/Drivers/STM32F1xx_HAL_Driver/Src/stm32f1xx_hal_cortex.o
 .debug_info    0x0000712f      0x84b ./build/Debug/.obj/Drivers/STM32F1xx_HAL_Driver/Src/stm32f1xx_hal_dma.o
 .debug_info    0x0000797a      0x66f ./build/Debug/.obj/Drivers/STM32F1xx_HAL_Driver/Src/stm32f1xx_hal_gpio.o
 .debug_info    0x00007fe9     0x3ab6 ./build/Debug/.obj/Drivers/STM32F1xx_HAL_Driver/Src/stm32f1xx_hal_i2c.o
 .debug_info    0x0000ba9f      0xa3b ./build/Debug/.obj/Drivers/STM32F1xx_HAL_Driver/Src/stm32f1xx_hal_rcc.o
 .debug_info    0x0000c4da     0x4212 ./build/Debug/.obj/Drivers/STM32F1xx_HAL_Driver/Src/stm32f1xx_hal_uart.o
 .debug_info    0x000106ec      0xf12 ./build/Debug/.obj/UC/oled.o
 .debug_info    0x000115fe      0xc89 ./build/Debug/.obj/UC/wtr_mavlink.o
 .debug_info    0x00012287       0x22 ./build/Debug/.obj/startup_stm32f103xb.o

.debug_abbrev   0x00000000     0x2399
 .debug_abbrev  0x00000000       0xbf ./build/Debug/.obj/Core/Src/gpio.o
 .debug_abbrev  0x000000bf      0x1ca ./build/Debug/.obj/Core/Src/i2c.o
 .debug_abbrev  0x00000289      0x5ef ./build/Debug/.obj/Core/Src/main.o
 .debug_abbrev  0x00000878       0xe5 ./build/Debug/.obj/Core/Src/stm32f1xx_hal_msp.o
 .debug_abbrev  0x0000095d      0x15b ./build/Debug/.obj/Core/Src/stm32f1xx_it.o
 .debug_abbrev  0x00000ab8      0x13e ./build/Debug/.obj/Core/Src/system_stm32f1xx.o
 .debug_abbrev  0x00000bf6      0x1d1 ./build/Debug/.obj/Core/Src/usart.o
 .debug_abbrev  0x00000dc7      0x1f4 ./build/Debug/.obj/Drivers/STM32F1xx_HAL_Driver/Src/stm32f1xx_hal.o
 .debug_abbrev  0x00000fbb      0x341 ./build/Debug/.obj/Drivers/STM32F1xx_HAL_Driver/Src/stm32f1xx_hal_cortex.o
 .debug_abbrev  0x000012fc      0x223 ./build/Debug/.obj/Drivers/STM32F1xx_HAL_Driver/Src/stm32f1xx_hal_dma.o
 .debug_abbrev  0x0000151f      0x1e6 ./build/Debug/.obj/Drivers/STM32F1xx_HAL_Driver/Src/stm32f1xx_hal_gpio.o
 .debug_abbrev  0x00001705      0x293 ./build/Debug/.obj/Drivers/STM32F1xx_HAL_Driver/Src/stm32f1xx_hal_i2c.o
 .debug_abbrev  0x00001998      0x27a ./build/Debug/.obj/Drivers/STM32F1xx_HAL_Driver/Src/stm32f1xx_hal_rcc.o
 .debug_abbrev  0x00001c12      0x2dd ./build/Debug/.obj/Drivers/STM32F1xx_HAL_Driver/Src/stm32f1xx_hal_uart.o
 .debug_abbrev  0x00001eef      0x214 ./build/Debug/.obj/UC/oled.o
 .debug_abbrev  0x00002103      0x284 ./build/Debug/.obj/UC/wtr_mavlink.o
 .debug_abbrev  0x00002387       0x12 ./build/Debug/.obj/startup_stm32f103xb.o

.debug_aranges  0x00000000      0xa10
 .debug_aranges
                0x00000000       0x20 ./build/Debug/.obj/Core/Src/gpio.o
 .debug_aranges
                0x00000020       0x30 ./build/Debug/.obj/Core/Src/i2c.o
 .debug_aranges
                0x00000050       0x58 ./build/Debug/.obj/Core/Src/main.o
 .debug_aranges
                0x000000a8       0x20 ./build/Debug/.obj/Core/Src/stm32f1xx_hal_msp.o
 .debug_aranges
                0x000000c8       0x78 ./build/Debug/.obj/Core/Src/stm32f1xx_it.o
 .debug_aranges
                0x00000140       0x28 ./build/Debug/.obj/Core/Src/system_stm32f1xx.o
 .debug_aranges
                0x00000168       0x38 ./build/Debug/.obj/Core/Src/usart.o
 .debug_aranges
                0x000001a0       0xe0 ./build/Debug/.obj/Drivers/STM32F1xx_HAL_Driver/Src/stm32f1xx_hal.o
 .debug_aranges
                0x00000280       0x90 ./build/Debug/.obj/Drivers/STM32F1xx_HAL_Driver/Src/stm32f1xx_hal_cortex.o
 .debug_aranges
                0x00000310       0x80 ./build/Debug/.obj/Drivers/STM32F1xx_HAL_Driver/Src/stm32f1xx_hal_dma.o
 .debug_aranges
                0x00000390       0x58 ./build/Debug/.obj/Drivers/STM32F1xx_HAL_Driver/Src/stm32f1xx_hal_gpio.o
 .debug_aranges
                0x000003e8      0x2a8 ./build/Debug/.obj/Drivers/STM32F1xx_HAL_Driver/Src/stm32f1xx_hal_i2c.o
 .debug_aranges
                0x00000690       0x90 ./build/Debug/.obj/Drivers/STM32F1xx_HAL_Driver/Src/stm32f1xx_hal_rcc.o
 .debug_aranges
                0x00000720      0x208 ./build/Debug/.obj/Drivers/STM32F1xx_HAL_Driver/Src/stm32f1xx_hal_uart.o
 .debug_aranges
                0x00000928       0x90 ./build/Debug/.obj/UC/oled.o
 .debug_aranges
                0x000009b8       0x30 ./build/Debug/.obj/UC/wtr_mavlink.o
 .debug_aranges
                0x000009e8       0x28 ./build/Debug/.obj/startup_stm32f103xb.o

.debug_ranges   0x00000000      0xcb8
 .debug_ranges  0x00000000       0x10 ./build/Debug/.obj/Core/Src/gpio.o
 .debug_ranges  0x00000010       0x20 ./build/Debug/.obj/Core/Src/i2c.o
 .debug_ranges  0x00000030      0x348 ./build/Debug/.obj/Core/Src/main.o
 .debug_ranges  0x00000378       0x10 ./build/Debug/.obj/Core/Src/stm32f1xx_hal_msp.o
 .debug_ranges  0x00000388       0x68 ./build/Debug/.obj/Core/Src/stm32f1xx_it.o
 .debug_ranges  0x000003f0       0x18 ./build/Debug/.obj/Core/Src/system_stm32f1xx.o
 .debug_ranges  0x00000408       0x28 ./build/Debug/.obj/Core/Src/usart.o
 .debug_ranges  0x00000430       0xd0 ./build/Debug/.obj/Drivers/STM32F1xx_HAL_Driver/Src/stm32f1xx_hal.o
 .debug_ranges  0x00000500       0xe0 ./build/Debug/.obj/Drivers/STM32F1xx_HAL_Driver/Src/stm32f1xx_hal_cortex.o
 .debug_ranges  0x000005e0       0x70 ./build/Debug/.obj/Drivers/STM32F1xx_HAL_Driver/Src/stm32f1xx_hal_dma.o
 .debug_ranges  0x00000650       0x48 ./build/Debug/.obj/Drivers/STM32F1xx_HAL_Driver/Src/stm32f1xx_hal_gpio.o
 .debug_ranges  0x00000698      0x2b0 ./build/Debug/.obj/Drivers/STM32F1xx_HAL_Driver/Src/stm32f1xx_hal_i2c.o
 .debug_ranges  0x00000948       0xa0 ./build/Debug/.obj/Drivers/STM32F1xx_HAL_Driver/Src/stm32f1xx_hal_rcc.o
 .debug_ranges  0x000009e8      0x210 ./build/Debug/.obj/Drivers/STM32F1xx_HAL_Driver/Src/stm32f1xx_hal_uart.o
 .debug_ranges  0x00000bf8       0x80 ./build/Debug/.obj/UC/oled.o
 .debug_ranges  0x00000c78       0x20 ./build/Debug/.obj/UC/wtr_mavlink.o
 .debug_ranges  0x00000c98       0x20 ./build/Debug/.obj/startup_stm32f103xb.o

.debug_line     0x00000000     0xfb54
 .debug_line    0x00000000      0x141 ./build/Debug/.obj/Core/Src/gpio.o
 .debug_line    0x00000141      0x2c8 ./build/Debug/.obj/Core/Src/i2c.o
 .debug_line    0x00000409     0x2271 ./build/Debug/.obj/Core/Src/main.o
 .debug_line    0x0000267a      0x14f ./build/Debug/.obj/Core/Src/stm32f1xx_hal_msp.o
 .debug_line    0x000027c9      0x307 ./build/Debug/.obj/Core/Src/stm32f1xx_it.o
 .debug_line    0x00002ad0      0x218 ./build/Debug/.obj/Core/Src/system_stm32f1xx.o
 .debug_line    0x00002ce8      0x3b0 ./build/Debug/.obj/Core/Src/usart.o
 .debug_line    0x00003098      0x500 ./build/Debug/.obj/Drivers/STM32F1xx_HAL_Driver/Src/stm32f1xx_hal.o
 .debug_line    0x00003598      0x60b ./build/Debug/.obj/Drivers/STM32F1xx_HAL_Driver/Src/stm32f1xx_hal_cortex.o
 .debug_line    0x00003ba3      0xa2c ./build/Debug/.obj/Drivers/STM32F1xx_HAL_Driver/Src/stm32f1xx_hal_dma.o
 .debug_line    0x000045cf      0x5b3 ./build/Debug/.obj/Drivers/STM32F1xx_HAL_Driver/Src/stm32f1xx_hal_gpio.o
 .debug_line    0x00004b82     0x55c2 ./build/Debug/.obj/Drivers/STM32F1xx_HAL_Driver/Src/stm32f1xx_hal_i2c.o
 .debug_line    0x0000a144      0xbf0 ./build/Debug/.obj/Drivers/STM32F1xx_HAL_Driver/Src/stm32f1xx_hal_rcc.o
 .debug_line    0x0000ad34     0x4375 ./build/Debug/.obj/Drivers/STM32F1xx_HAL_Driver/Src/stm32f1xx_hal_uart.o
 .debug_line    0x0000f0a9      0x75f ./build/Debug/.obj/UC/oled.o
 .debug_line    0x0000f808      0x2d6 ./build/Debug/.obj/UC/wtr_mavlink.o
 .debug_line    0x0000fade       0x76 ./build/Debug/.obj/startup_stm32f103xb.o

.debug_str      0x00000000     0x35ec
 .debug_str     0x00000000      0x17e ./build/Debug/.obj/Core/Src/gpio.o
                                0x1bb (size before relaxing)
 .debug_str     0x0000017e      0x814 ./build/Debug/.obj/Core/Src/i2c.o
                                0xa1b (size before relaxing)
 .debug_str     0x00000992      0xeb6 ./build/Debug/.obj/Core/Src/main.o
                               0x1354 (size before relaxing)
 .debug_str     0x00001848       0x59 ./build/Debug/.obj/Core/Src/stm32f1xx_hal_msp.o
                                0x1f5 (size before relaxing)
 .debug_str     0x000018a1      0x117 ./build/Debug/.obj/Core/Src/stm32f1xx_it.o
                                0x8ec (size before relaxing)
 .debug_str     0x000019b8       0x7d ./build/Debug/.obj/Core/Src/system_stm32f1xx.o
                                0x22a (size before relaxing)
 .debug_str     0x00001a35       0x50 ./build/Debug/.obj/Core/Src/usart.o
                                0x9c2 (size before relaxing)
 .debug_str     0x00001a85      0x2f1 ./build/Debug/.obj/Drivers/STM32F1xx_HAL_Driver/Src/stm32f1xx_hal.o
                                0x7fa (size before relaxing)
 .debug_str     0x00001d76      0x39d ./build/Debug/.obj/Drivers/STM32F1xx_HAL_Driver/Src/stm32f1xx_hal_cortex.o
                                0x8a9 (size before relaxing)
 .debug_str     0x00002113      0x243 ./build/Debug/.obj/Drivers/STM32F1xx_HAL_Driver/Src/stm32f1xx_hal_dma.o
                                0x5d3 (size before relaxing)
 .debug_str     0x00002356      0x142 ./build/Debug/.obj/Drivers/STM32F1xx_HAL_Driver/Src/stm32f1xx_hal_gpio.o
                                0x3d6 (size before relaxing)
 .debug_str     0x00002498      0x8a6 ./build/Debug/.obj/Drivers/STM32F1xx_HAL_Driver/Src/stm32f1xx_hal_i2c.o
                                0xf9b (size before relaxing)
 .debug_str     0x00002d3e      0x1d3 ./build/Debug/.obj/Drivers/STM32F1xx_HAL_Driver/Src/stm32f1xx_hal_rcc.o
                                0x601 (size before relaxing)
 .debug_str     0x00002f11      0x5c8 ./build/Debug/.obj/Drivers/STM32F1xx_HAL_Driver/Src/stm32f1xx_hal_uart.o
                                0xcca (size before relaxing)
 .debug_str     0x000034d9       0xda ./build/Debug/.obj/UC/oled.o
                                0x701 (size before relaxing)
 .debug_str     0x000035b3       0x13 ./build/Debug/.obj/UC/wtr_mavlink.o
                                0xc2c (size before relaxing)
 .debug_str     0x000035c6       0x26 ./build/Debug/.obj/startup_stm32f103xb.o
                                 0x4a (size before relaxing)

.comment        0x00000000       0x49
 .comment       0x00000000       0x49 ./build/Debug/.obj/Core/Src/gpio.o
                                 0x4a (size before relaxing)
 .comment       0x00000049       0x4a ./build/Debug/.obj/Core/Src/i2c.o
 .comment       0x00000049       0x4a ./build/Debug/.obj/Core/Src/main.o
 .comment       0x00000049       0x4a ./build/Debug/.obj/Core/Src/stm32f1xx_hal_msp.o
 .comment       0x00000049       0x4a ./build/Debug/.obj/Core/Src/stm32f1xx_it.o
 .comment       0x00000049       0x4a ./build/Debug/.obj/Core/Src/system_stm32f1xx.o
 .comment       0x00000049       0x4a ./build/Debug/.obj/Core/Src/usart.o
 .comment       0x00000049       0x4a ./build/Debug/.obj/Drivers/STM32F1xx_HAL_Driver/Src/stm32f1xx_hal.o
 .comment       0x00000049       0x4a ./build/Debug/.obj/Drivers/STM32F1xx_HAL_Driver/Src/stm32f1xx_hal_cortex.o
 .comment       0x00000049       0x4a ./build/Debug/.obj/Drivers/STM32F1xx_HAL_Driver/Src/stm32f1xx_hal_dma.o
 .comment       0x00000049       0x4a ./build/Debug/.obj/Drivers/STM32F1xx_HAL_Driver/Src/stm32f1xx_hal_gpio.o
 .comment       0x00000049       0x4a ./build/Debug/.obj/Drivers/STM32F1xx_HAL_Driver/Src/stm32f1xx_hal_i2c.o
 .comment       0x00000049       0x4a ./build/Debug/.obj/Drivers/STM32F1xx_HAL_Driver/Src/stm32f1xx_hal_rcc.o
 .comment       0x00000049       0x4a ./build/Debug/.obj/Drivers/STM32F1xx_HAL_Driver/Src/stm32f1xx_hal_uart.o
 .comment       0x00000049       0x4a ./build/Debug/.obj/UC/oled.o
 .comment       0x00000049       0x4a ./build/Debug/.obj/UC/wtr_mavlink.o

.debug_frame    0x00000000     0x1cc0
 .debug_frame   0x00000000       0x28 ./build/Debug/.obj/Core/Src/gpio.o
 .debug_frame   0x00000028       0x60 ./build/Debug/.obj/Core/Src/i2c.o
 .debug_frame   0x00000088      0x120 ./build/Debug/.obj/Core/Src/main.o
 .debug_frame   0x000001a8       0x28 ./build/Debug/.obj/Core/Src/stm32f1xx_hal_msp.o
 .debug_frame   0x000001d0       0xf0 ./build/Debug/.obj/Core/Src/stm32f1xx_it.o
 .debug_frame   0x000002c0       0x30 ./build/Debug/.obj/Core/Src/system_stm32f1xx.o
 .debug_frame   0x000002f0       0x7c ./build/Debug/.obj/Core/Src/usart.o
 .debug_frame   0x0000036c      0x1cc ./build/Debug/.obj/Drivers/STM32F1xx_HAL_Driver/Src/stm32f1xx_hal.o
 .debug_frame   0x00000538      0x118 ./build/Debug/.obj/Drivers/STM32F1xx_HAL_Driver/Src/stm32f1xx_hal_cortex.o
 .debug_frame   0x00000650      0x144 ./build/Debug/.obj/Drivers/STM32F1xx_HAL_Driver/Src/stm32f1xx_hal_dma.o
 .debug_frame   0x00000794       0xe4 ./build/Debug/.obj/Drivers/STM32F1xx_HAL_Driver/Src/stm32f1xx_hal_gpio.o
 .debug_frame   0x00000878      0x984 ./build/Debug/.obj/Drivers/STM32F1xx_HAL_Driver/Src/stm32f1xx_hal_i2c.o
 .debug_frame   0x000011fc      0x184 ./build/Debug/.obj/Drivers/STM32F1xx_HAL_Driver/Src/stm32f1xx_hal_rcc.o
 .debug_frame   0x00001380      0x5d8 ./build/Debug/.obj/Drivers/STM32F1xx_HAL_Driver/Src/stm32f1xx_hal_uart.o
 .debug_frame   0x00001958      0x1bc ./build/Debug/.obj/UC/oled.o
 .debug_frame   0x00001b14       0x40 ./build/Debug/.obj/UC/wtr_mavlink.o
 .debug_frame   0x00001b54       0xac d:/gnu arm embedded toolchain/10 2021.10/bin/../lib/gcc/arm-none-eabi/10.3.1/thumb/v7-m/nofp\libgcc.a(_arm_addsubdf3.o)
 .debug_frame   0x00001c00       0x24 d:/gnu arm embedded toolchain/10 2021.10/bin/../lib/gcc/arm-none-eabi/10.3.1/thumb/v7-m/nofp\libgcc.a(_arm_fixunsdfsi.o)
 .debug_frame   0x00001c24       0x2c d:/gnu arm embedded toolchain/10 2021.10/bin/../lib/gcc/arm-none-eabi/10.3.1/../../../../arm-none-eabi/lib/thumb/v7-m/nofp\libc_nano.a(lib_a-init.o)
 .debug_frame   0x00001c50       0x28 d:/gnu arm embedded toolchain/10 2021.10/bin/../lib/gcc/arm-none-eabi/10.3.1/../../../../arm-none-eabi/lib/thumb/v7-m/nofp\libc_nano.a(lib_a-memcmp.o)
 .debug_frame   0x00001c78       0x28 d:/gnu arm embedded toolchain/10 2021.10/bin/../lib/gcc/arm-none-eabi/10.3.1/../../../../arm-none-eabi/lib/thumb/v7-m/nofp\libc_nano.a(lib_a-memcpy-stub.o)
 .debug_frame   0x00001ca0       0x20 d:/gnu arm embedded toolchain/10 2021.10/bin/../lib/gcc/arm-none-eabi/10.3.1/../../../../arm-none-eabi/lib/thumb/v7-m/nofp\libc_nano.a(lib_a-memset.o)

.debug_loc      0x00000000     0xdfa4
 .debug_loc     0x00000000       0x67 ./build/Debug/.obj/Core/Src/i2c.o
 .debug_loc     0x00000067     0x2f6c ./build/Debug/.obj/Core/Src/main.o
 .debug_loc     0x00002fd3       0x15 ./build/Debug/.obj/Core/Src/stm32f1xx_hal_msp.o
 .debug_loc     0x00002fe8       0xff ./build/Debug/.obj/Core/Src/system_stm32f1xx.o
 .debug_loc     0x000030e7       0xbe ./build/Debug/.obj/Core/Src/usart.o
 .debug_loc     0x000031a5      0x141 ./build/Debug/.obj/Drivers/STM32F1xx_HAL_Driver/Src/stm32f1xx_hal.o
 .debug_loc     0x000032e6      0x71f ./build/Debug/.obj/Drivers/STM32F1xx_HAL_Driver/Src/stm32f1xx_hal_cortex.o
 .debug_loc     0x00003a05      0x7d1 ./build/Debug/.obj/Drivers/STM32F1xx_HAL_Driver/Src/stm32f1xx_hal_dma.o
 .debug_loc     0x000041d6      0x47d ./build/Debug/.obj/Drivers/STM32F1xx_HAL_Driver/Src/stm32f1xx_hal_gpio.o
 .debug_loc     0x00004653     0x41ca ./build/Debug/.obj/Drivers/STM32F1xx_HAL_Driver/Src/stm32f1xx_hal_i2c.o
 .debug_loc     0x0000881d      0x618 ./build/Debug/.obj/Drivers/STM32F1xx_HAL_Driver/Src/stm32f1xx_hal_rcc.o
 .debug_loc     0x00008e35     0x487b ./build/Debug/.obj/Drivers/STM32F1xx_HAL_Driver/Src/stm32f1xx_hal_uart.o
 .debug_loc     0x0000d6b0      0x80b ./build/Debug/.obj/UC/oled.o
 .debug_loc     0x0000debb       0xe9 ./build/Debug/.obj/UC/wtr_mavlink.o
