Archive member included to satisfy reference by file (symbol)

d:/gnu arm embedded toolchain/10 2021.10/bin/../lib/gcc/arm-none-eabi/10.3.1/../../../../arm-none-eabi/lib/thumb/v7e-m+fp/softfp\libm.a(lib_a-w_pow.o)
                              ./build/Debug/.obj/UserCode/Chassis/Servo/Chassis_Servo.o (pow)
d:/gnu arm embedded toolchain/10 2021.10/bin/../lib/gcc/arm-none-eabi/10.3.1/../../../../arm-none-eabi/lib/thumb/v7e-m+fp/softfp\libm.a(lib_a-w_sqrt.o)
                              ./build/Debug/.obj/UserCode/Chassis/Servo/Chassis_Servo.o (sqrt)
d:/gnu arm embedded toolchain/10 2021.10/bin/../lib/gcc/arm-none-eabi/10.3.1/../../../../arm-none-eabi/lib/thumb/v7e-m+fp/softfp\libm.a(lib_a-e_pow.o)
                              d:/gnu arm embedded toolchain/10 2021.10/bin/../lib/gcc/arm-none-eabi/10.3.1/../../../../arm-none-eabi/lib/thumb/v7e-m+fp/softfp\libm.a(lib_a-w_pow.o) (__ieee754_pow)
d:/gnu arm embedded toolchain/10 2021.10/bin/../lib/gcc/arm-none-eabi/10.3.1/../../../../arm-none-eabi/lib/thumb/v7e-m+fp/softfp\libm.a(lib_a-e_sqrt.o)
                              d:/gnu arm embedded toolchain/10 2021.10/bin/../lib/gcc/arm-none-eabi/10.3.1/../../../../arm-none-eabi/lib/thumb/v7e-m+fp/softfp\libm.a(lib_a-w_sqrt.o) (__ieee754_sqrt)
d:/gnu arm embedded toolchain/10 2021.10/bin/../lib/gcc/arm-none-eabi/10.3.1/../../../../arm-none-eabi/lib/thumb/v7e-m+fp/softfp\libm.a(lib_a-math_err.o)
                              d:/gnu arm embedded toolchain/10 2021.10/bin/../lib/gcc/arm-none-eabi/10.3.1/../../../../arm-none-eabi/lib/thumb/v7e-m+fp/softfp\libm.a(lib_a-e_pow.o) (__math_uflow)
d:/gnu arm embedded toolchain/10 2021.10/bin/../lib/gcc/arm-none-eabi/10.3.1/../../../../arm-none-eabi/lib/thumb/v7e-m+fp/softfp\libm.a(lib_a-s_fabs.o)
                              d:/gnu arm embedded toolchain/10 2021.10/bin/../lib/gcc/arm-none-eabi/10.3.1/../../../../arm-none-eabi/lib/thumb/v7e-m+fp/softfp\libm.a(lib_a-e_pow.o) (fabs)
d:/gnu arm embedded toolchain/10 2021.10/bin/../lib/gcc/arm-none-eabi/10.3.1/../../../../arm-none-eabi/lib/thumb/v7e-m+fp/softfp\libm.a(lib_a-s_finite.o)
                              d:/gnu arm embedded toolchain/10 2021.10/bin/../lib/gcc/arm-none-eabi/10.3.1/../../../../arm-none-eabi/lib/thumb/v7e-m+fp/softfp\libm.a(lib_a-w_pow.o) (finite)
d:/gnu arm embedded toolchain/10 2021.10/bin/../lib/gcc/arm-none-eabi/10.3.1/../../../../arm-none-eabi/lib/thumb/v7e-m+fp/softfp\libm.a(lib_a-s_scalbn.o)
                              d:/gnu arm embedded toolchain/10 2021.10/bin/../lib/gcc/arm-none-eabi/10.3.1/../../../../arm-none-eabi/lib/thumb/v7e-m+fp/softfp\libm.a(lib_a-e_pow.o) (scalbn)
d:/gnu arm embedded toolchain/10 2021.10/bin/../lib/gcc/arm-none-eabi/10.3.1/thumb/v7e-m+fp/softfp\libgcc.a(_arm_muldf3.o)
                              ./build/Debug/.obj/UserCode/Chassis/Servo/Chassis_Servo.o (__aeabi_dmul)
d:/gnu arm embedded toolchain/10 2021.10/bin/../lib/gcc/arm-none-eabi/10.3.1/thumb/v7e-m+fp/softfp\libgcc.a(_arm_addsubdf3.o)
                              ./build/Debug/.obj/UserCode/Chassis/Servo/Chassis_Servo.o (__aeabi_dsub)
d:/gnu arm embedded toolchain/10 2021.10/bin/../lib/gcc/arm-none-eabi/10.3.1/thumb/v7e-m+fp/softfp\libgcc.a(_arm_muldivdf3.o)
                              ./build/Debug/.obj/UserCode/Chassis/Servo/Chassis_Servo.o (__aeabi_ddiv)
d:/gnu arm embedded toolchain/10 2021.10/bin/../lib/gcc/arm-none-eabi/10.3.1/thumb/v7e-m+fp/softfp\libgcc.a(_arm_cmpdf2.o)
                              d:/gnu arm embedded toolchain/10 2021.10/bin/../lib/gcc/arm-none-eabi/10.3.1/../../../../arm-none-eabi/lib/thumb/v7e-m+fp/softfp\libm.a(lib_a-w_pow.o) (__aeabi_dcmpeq)
d:/gnu arm embedded toolchain/10 2021.10/bin/../lib/gcc/arm-none-eabi/10.3.1/thumb/v7e-m+fp/softfp\libgcc.a(_arm_unorddf2.o)
                              d:/gnu arm embedded toolchain/10 2021.10/bin/../lib/gcc/arm-none-eabi/10.3.1/../../../../arm-none-eabi/lib/thumb/v7e-m+fp/softfp\libm.a(lib_a-w_pow.o) (__aeabi_dcmpun)
d:/gnu arm embedded toolchain/10 2021.10/bin/../lib/gcc/arm-none-eabi/10.3.1/thumb/v7e-m+fp/softfp\libgcc.a(_arm_truncdfsf2.o)
                              ./build/Debug/.obj/UserCode/Chassis/Servo/Chassis_Servo.o (__aeabi_d2f)
d:/gnu arm embedded toolchain/10 2021.10/bin/../lib/gcc/arm-none-eabi/10.3.1/thumb/v7e-m+fp/softfp\libgcc.a(_aeabi_uldivmod.o)
                              ./build/Debug/.obj/Drivers/STM32F4xx_HAL_Driver/Src/stm32f4xx_hal_rcc.o (__aeabi_uldivmod)
d:/gnu arm embedded toolchain/10 2021.10/bin/../lib/gcc/arm-none-eabi/10.3.1/thumb/v7e-m+fp/softfp\libgcc.a(_udivmoddi4.o)
                              d:/gnu arm embedded toolchain/10 2021.10/bin/../lib/gcc/arm-none-eabi/10.3.1/thumb/v7e-m+fp/softfp\libgcc.a(_aeabi_uldivmod.o) (__udivmoddi4)
d:/gnu arm embedded toolchain/10 2021.10/bin/../lib/gcc/arm-none-eabi/10.3.1/thumb/v7e-m+fp/softfp\libgcc.a(_dvmd_tls.o)
[...]
Memory Configuration

Name             Origin             Length             Attributes
RAM              0x20000000         0x00030000         xrw
CCMRAM           0x10000000         0x00010000         xrw
FLASH            0x08000000         0x00200000         xr
*default*        0x00000000         0xffffffff

Linker script and memory map

LOAD d:/gnu arm embedded toolchain/10 2021.10/bin/../lib/gcc/arm-none-eabi/10.3.1/thumb/v7e-m+fp/softfp/crti.o
LOAD d:/gnu arm embedded toolchain/10 2021.10/bin/../lib/gcc/arm-none-eabi/10.3.1/thumb/v7e-m+fp/softfp/crtbegin.o
LOAD d:/gnu arm embedded toolchain/10 2021.10/bin/../lib/gcc/arm-none-eabi/10.3.1/../../../../arm-none-eabi/lib/thumb/v7e-m+fp/softfp/crt0.o
LOAD ./build/Debug/.obj/Core/Src/can.o
LOAD ./build/Debug/.obj/Core/Src/dma.o
LOAD ./build/Debug/.obj/Core/Src/freertos.o
LOAD ./build/Debug/.obj/Core/Src/gpio.o
LOAD ./build/Debug/.obj/Core/Src/main.o
LOAD ./build/Debug/.obj/Core/Src/stm32f4xx_hal_msp.o
LOAD ./build/Debug/.obj/Core/Src/stm32f4xx_hal_timebase_tim.o
LOAD ./build/Debug/.obj/Core/Src/stm32f4xx_it.o
LOAD ./build/Debug/.obj/Core/Src/system_stm32f4xx.o
LOAD ./build/Debug/.obj/Core/Src/usart.o
LOAD ./build/Debug/.obj/Drivers/STM32F4xx_HAL_Driver/Src/stm32f4xx_hal.o
LOAD ./build/Debug/.obj/Drivers/STM32F4xx_HAL_Driver/Src/stm32f4xx_hal_can.o
LOAD ./build/Debug/.obj/Drivers/STM32F4xx_HAL_Driver/Src/stm32f4xx_hal_cortex.o
LOAD ./build/Debug/.obj/Drivers/STM32F4xx_HAL_Driver/Src/stm32f4xx_hal_dma.o
LOAD ./build/Debug/.obj/Drivers/STM32F4xx_HAL_Driver/Src/stm32f4xx_hal_dma_ex.o
LOAD ./build/Debug/.obj/Drivers/STM32F4xx_HAL_Driver/Src/stm32f4xx_hal_exti.o
LOAD ./build/Debug/.obj/Drivers/STM32F4xx_HAL_Driver/Src/stm32f4xx_hal_flash.o
LOAD ./build/Debug/.obj/Drivers/STM32F4xx_HAL_Driver/Src/stm32f4xx_hal_flash_ex.o
LOAD ./build/Debug/.obj/Drivers/STM32F4xx_HAL_Driver/Src/stm32f4xx_hal_flash_ramfunc.o
LOAD ./build/Debug/.obj/Drivers/STM32F4xx_HAL_Driver/Src/stm32f4xx_hal_gpio.o
LOAD ./build/Debug/.obj/Drivers/STM32F4xx_HAL_Driver/Src/stm32f4xx_hal_pwr.o
LOAD ./build/Debug/.obj/Drivers/STM32F4xx_HAL_Driver/Src/stm32f4xx_hal_pwr_ex.o
LOAD ./build/Debug/.obj/Drivers/STM32F4xx_HAL_Driver/Src/stm32f4xx_hal_rcc.o
LOAD ./build/Debug/.obj/Drivers/STM32F4xx_HAL_Driver/Src/stm32f4xx_hal_rcc_ex.o
LOAD ./build/Debug/.obj/Drivers/STM32F4xx_HAL_Driver/Src/stm32f4xx_hal_tim.o
LOAD ./build/Debug/.obj/Drivers/STM32F4xx_HAL_Driver/Src/stm32f4xx_hal_tim_ex.o
LOAD ./build/Debug/.obj/Drivers/STM32F4xx_HAL_Driver/Src/stm32f4xx_hal_uart.o
LOAD ./build/Debug/.obj/Middlewares/Third_Party/FreeRTOS/Source/CMSIS_RTOS/cmsis_os.o
LOAD ./build/Debug/.obj/Middlewares/Third_Party/FreeRTOS/Source/croutine.o
LOAD ./build/Debug/.obj/Middlewares/Third_Party/FreeRTOS/Source/event_groups.o
LOAD ./build/Debug/.obj/Middlewares/Third_Party/FreeRTOS/Source/list.o
LOAD ./build/Debug/.obj/Middlewares/Third_Party/FreeRTOS/Source/portable/GCC/ARM_CM4F/port.o
LOAD ./build/Debug/.obj/Middlewares/Third_Party/FreeRTOS/Source/portable/MemMang/heap_4.o
LOAD ./build/Debug/.obj/Middlewares/Third_Party/FreeRTOS/Source/queue.o
LOAD ./build/Debug/.obj/Middlewares/Third_Party/FreeRTOS/Source/stream_buffer.o
LOAD ./build/Debug/.obj/Middlewares/Third_Party/FreeRTOS/Source/tasks.o
LOAD ./build/Debug/.obj/Middlewares/Third_Party/FreeRTOS/Source/timers.o
LOAD ./build/Debug/.obj/UserCode/Chassis/Callback/Chassis_Callback.o
LOAD ./build/Debug/.obj/UserCode/Chassis/RemoteCtl/Chassis_RemoteCtl.o
LOAD ./build/Debug/.obj/UserCode/Chassis/Servo/Chassis_Servo.o
LOAD ./build/Debug/.obj/UserCode/Chassis/Start/Chassis_Start.o
LOAD ./build/Debug/.obj/UserCode/Chassis/StateMachine/Chassis_StateMachine.o
LOAD ./build/Debug/.obj/UserCode/Lib/Calculate/wtr_calculate.o
LOAD ./build/Debug/.obj/UserCode/Lib/Can/wtr_can.o
LOAD ./build/Debug/.obj/UserCode/Lib/Decode/wtr_uart.o
LOAD ./build/Debug/.obj/UserCode/Lib/Dji/wtr_dji.o
LOAD ./build/Debug/.obj/startup_stm32f427xx.o
LOAD d:/gnu arm embedded toolchain/10 2021.10/bin/../lib/gcc/arm-none-eabi/10.3.1/../../../../arm-none-eabi/lib/thumb/v7e-m+fp/softfp\libm.a
START GROUP
LOAD d:/gnu arm embedded toolchain/10 2021.10/bin/../lib/gcc/arm-none-eabi/10.3.1/thumb/v7e-m+fp/softfp\libgcc.a
LOAD d:/gnu arm embedded toolchain/10 2021.10/bin/../lib/gcc/arm-none-eabi/10.3.1/../../../../arm-none-eabi/lib/thumb/v7e-m+fp/softfp\libc_nano.a
END GROUP
START GROUP
LOAD d:/gnu arm embedded toolchain/10 2021.10/bin/../lib/gcc/arm-none-eabi/10.3.1/thumb/v7e-m+fp/softfp\libgcc.a
LOAD d:/gnu arm embedded toolchain/10 2021.10/bin/../lib/gcc/arm-none-eabi/10.3.1/../../../../arm-none-eabi/lib/thumb/v7e-m+fp/softfp\libc_nano.a
LOAD d:/gnu arm embedded toolchain/10 2021.10/bin/../lib/gcc/arm-none-eabi/10.3.1/../../../../arm-none-eabi/lib/thumb/v7e-m+fp/softfp\libnosys.a
END GROUP
START GROUP
LOAD d:/gnu arm embedded toolchain/10 2021.10/bin/../lib/gcc/arm-none-eabi/10.3.1/thumb/v7e-m+fp/softfp\libgcc.a
LOAD d:/gnu arm embedded toolchain/10 2021.10/bin/../lib/gcc/arm-none-eabi/10.3.1/../../../../arm-none-eabi/lib/thumb/v7e-m+fp/softfp\libc_nano.a
LOAD d:/gnu arm embedded toolchain/10 2021.10/bin/../lib/gcc/arm-none-eabi/10.3.1/../../../../arm-none-eabi/lib/thumb/v7e-m+fp/softfp\libnosys.a
END GROUP
LOAD d:/gnu arm embedded toolchain/10 2021.10/bin/../lib/gcc/arm-none-eabi/10.3.1/thumb/v7e-m+fp/softfp/crtend.o
LOAD d:/gnu arm embedded toolchain/10 2021.10/bin/../lib/gcc/arm-none-eabi/10.3.1/thumb/v7e-m+fp/softfp/crtn.o
                0x20030000                _estack = (ORIGIN (RAM) + LENGTH (RAM))
                0x00000200                _Min_Heap_Size = 0x200
                0x00000400                _Min_Stack_Size = 0x400

.isr_vector     0x08000000      0x1ac
                0x08000000                . = ALIGN (0x4)
 *(.isr_vector)
 .isr_vector    0x08000000      0x1ac ./build/Debug/.obj/startup_stm32f427xx.o
                0x08000000                g_pfnVectors
                0x080001ac                . = ALIGN (0x4)

.text           0x080001b0     0x5074
                0x080001b0                . = ALIGN (0x4)
 *(.text)
 .text          0x080001b0       0x40 d:/gnu arm embedded toolchain/10 2021.10/bin/../lib/gcc/arm-none-eabi/10.3.1/thumb/v7e-m+fp/softfp/crtbegin.o
 .text          0x080001f0      0x378 d:/gnu arm embedded toolchain/10 2021.10/bin/../lib/gcc/arm-none-eabi/10.3.1/thumb/v7e-m+fp/softfp\libgcc.a(_arm_addsubdf3.o)
                0x080001f0                __aeabi_drsub
                0x080001f8                __aeabi_dsub
                0x080001f8                __subdf3
                0x080001fc                __aeabi_dadd
                0x080001fc                __adddf3
                0x08000474                __floatunsidf
                0x08000474                __aeabi_ui2d
                0x08000494                __floatsidf
                0x08000494                __aeabi_i2d
                0x080004b8                __aeabi_f2d
                0x080004b8                __extendsfdf2
                0x080004fc                __floatundidf
                0x080004fc                __aeabi_ul2d
                0x0800050c                __floatdidf
                0x0800050c                __aeabi_l2d
 .text          0x08000568      0x424 d:/gnu arm embedded toolchain/10 2021.10/bin/../lib/gcc/arm-none-eabi/10.3.1/thumb/v7e-m+fp/softfp\libgcc.a(_arm_muldivdf3.o)
                0x08000568                __aeabi_dmul
                0x08000568                __muldf3
                0x080007bc                __divdf3
                0x080007bc                __aeabi_ddiv
 .text          0x0800098c      0x110 d:/gnu arm embedded toolchain/10 2021.10/bin/../lib/gcc/arm-none-eabi/10.3.1/thumb/v7e-m+fp/softfp\libgcc.a(_arm_cmpdf2.o)
                0x0800098c                __gtdf2
                0x0800098c                __gedf2
                0x08000994                __ltdf2
                0x08000994                __ledf2
                0x0800099c                __nedf2
                0x0800099c                __eqdf2
                0x0800099c                __cmpdf2
                0x08000a18                __aeabi_cdrcmple
                0x08000a28                __aeabi_cdcmpeq
                0x08000a28                __aeabi_cdcmple
                0x08000a38                __aeabi_dcmpeq
                0x08000a4c                __aeabi_dcmplt
                0x08000a60                __aeabi_dcmple
                0x08000a74                __aeabi_dcmpge
                0x08000a88                __aeabi_dcmpgt
 .text          0x08000a9c       0xa0 d:/gnu arm embedded toolchain/10 2021.10/bin/../lib/gcc/arm-none-eabi/10.3.1/thumb/v7e-m+fp/softfp\libgcc.a(_arm_truncdfsf2.o)
                0x08000a9c                __truncdfsf2
                0x08000a9c                __aeabi_d2f
 .text          0x08000b3c       0x30 d:/gnu arm embedded toolchain/10 2021.10/bin/../lib/gcc/arm-none-eabi/10.3.1/thumb/v7e-m+fp/softfp\libgcc.a(_aeabi_uldivmod.o)
                0x08000b3c                __aeabi_uldivmod
 .text          0x08000b6c      0x2d0 d:/gnu arm embedded toolchain/10 2021.10/bin/../lib/gcc/arm-none-eabi/10.3.1/thumb/v7e-m+fp/softfp\libgcc.a(_udivmoddi4.o)
                0x08000b6c                __udivmoddi4
 .text          0x08000e3c        0x4 d:/gnu arm embedded toolchain/10 2021.10/bin/../lib/gcc/arm-none-eabi/10.3.1/thumb/v7e-m+fp/softfp\libgcc.a(_dvmd_tls.o)
                0x08000e3c                __aeabi_idiv0
                0x08000e3c                __aeabi_ldiv0
 *(.text*)
 .text.MX_CAN1_Init
                0x08000e40       0x3c ./build/Debug/.obj/Core/Src/can.o
                0x08000e40                MX_CAN1_Init
 .text.HAL_CAN_MspInit
                0x08000e7c       0x7c ./build/Debug/.obj/Core/Src/can.o
                0x08000e7c                HAL_CAN_MspInit
 .text.MX_DMA_Init
                0x08000ef8       0x34 ./build/Debug/.obj/Core/Src/dma.o
                0x08000ef8                MX_DMA_Init
 .text.vApplicationGetIdleTaskMemory
                0x08000f2c       0x18 ./build/Debug/.obj/Core/Src/freertos.o
                0x08000f2c                vApplicationGetIdleTaskMemory
 .text.MX_FREERTOS_Init
                0x08000f44       0x30 ./build/Debug/.obj/Core/Src/freertos.o
                0x08000f44                MX_FREERTOS_Init
 .text.MX_GPIO_Init
                0x08000f74      0x11c ./build/Debug/.obj/Core/Src/gpio.o
                0x08000f74                MX_GPIO_Init
 .text.HAL_TIM_PeriodElapsedCallback
                0x08001090       0x18 ./build/Debug/.obj/Core/Src/main.o
                0x08001090                HAL_TIM_PeriodElapsedCallback
 .text.Error_Handler
                0x080010a8        0x4 ./build/Debug/.obj/Core/Src/main.o
                0x080010a8                Error_Handler
 .text.SystemClock_Config
                0x080010ac       0xb4 ./build/Debug/.obj/Core/Src/main.o
                0x080010ac                SystemClock_Config
 .text.main     0x08001160       0x24 ./build/Debug/.obj/Core/Src/main.o
                0x08001160                main
 .text.HAL_MspInit
                0x08001184       0x44 ./build/Debug/.obj/Core/Src/stm32f4xx_hal_msp.o
                0x08001184                HAL_MspInit
 .text.HAL_InitTick
                0x080011c8       0xa4 ./build/Debug/.obj/Core/Src/stm32f4xx_hal_timebase_tim.o
                0x080011c8                HAL_InitTick
 .text.NMI_Handler
                0x0800126c        0x2 ./build/Debug/.obj/Core/Src/stm32f4xx_it.o
                0x0800126c                NMI_Handler
 .text.HardFault_Handler
                0x0800126e        0x2 ./build/Debug/.obj/Core/Src/stm32f4xx_it.o
                0x0800126e                HardFault_Handler
 .text.MemManage_Handler
                0x08001270        0x2 ./build/Debug/.obj/Core/Src/stm32f4xx_it.o
                0x08001270                MemManage_Handler
 .text.BusFault_Handler
                0x08001272        0x2 ./build/Debug/.obj/Core/Src/stm32f4xx_it.o
                0x08001272                BusFault_Handler
 .text.UsageFault_Handler
                0x08001274        0x2 ./build/Debug/.obj/Core/Src/stm32f4xx_it.o
                0x08001274                UsageFault_Handler
 .text.DebugMon_Handler
                0x08001276        0x2 ./build/Debug/.obj/Core/Src/stm32f4xx_it.o
                0x08001276                DebugMon_Handler
 .text.EXTI3_IRQHandler
                0x08001278        0xa ./build/Debug/.obj/Core/Src/stm32f4xx_it.o
                0x08001278                EXTI3_IRQHandler
 *fill*         0x08001282        0x2 
 .text.CAN1_RX0_IRQHandler
                0x08001284       0x10 ./build/Debug/.obj/Core/Src/stm32f4xx_it.o
                0x08001284                CAN1_RX0_IRQHandler
 .text.TIM7_IRQHandler
                0x08001294       0x10 ./build/Debug/.obj/Core/Src/stm32f4xx_it.o
                0x08001294                TIM7_IRQHandler
 .text.DMA2_Stream5_IRQHandler
                0x080012a4       0x10 ./build/Debug/.obj/Core/Src/stm32f4xx_it.o
                0x080012a4                DMA2_Stream5_IRQHandler
 .text.SystemInit
                0x080012b4       0x14 ./build/Debug/.obj/Core/Src/system_stm32f4xx.o
                0x080012b4                SystemInit
 .text.MX_USART1_UART_Init
                0x080012c8       0x3c ./build/Debug/.obj/Core/Src/usart.o
                0x080012c8                MX_USART1_UART_Init
 .text.HAL_UART_MspInit
                0x08001304       0xb4 ./build/Debug/.obj/Core/Src/usart.o
                0x08001304                HAL_UART_MspInit
 .text.HAL_Init
                0x080013b8       0x34 ./build/Debug/.obj/Drivers/STM32F4xx_HAL_Driver/Src/stm32f4xx_hal.o
                0x080013b8                HAL_Init
 .text.HAL_IncTick
                0x080013ec       0x18 ./build/Debug/.obj/Drivers/STM32F4xx_HAL_Driver/Src/stm32f4xx_hal.o
                0x080013ec                HAL_IncTick
 .text.HAL_GetTick
                0x08001404        0xc ./build/Debug/.obj/Drivers/STM32F4xx_HAL_Driver/Src/stm32f4xx_hal.o
                0x08001404                HAL_GetTick
 .text.HAL_CAN_Init
                0x08001410      0x14c ./build/Debug/.obj/Drivers/STM32F4xx_HAL_Driver/Src/stm32f4xx_hal_can.o
                0x08001410                HAL_CAN_Init
 .text.HAL_CAN_ConfigFilter
                0x0800155c      0x138 ./build/Debug/.obj/Drivers/STM32F4xx_HAL_Driver/Src/stm32f4xx_hal_can.o
                0x0800155c                HAL_CAN_ConfigFilter
 .text.HAL_CAN_Start
                0x08001694       0x5c ./build/Debug/.obj/Drivers/STM32F4xx_HAL_Driver/Src/stm32f4xx_hal_can.o
                0x08001694                HAL_CAN_Start
 .text.HAL_CAN_AddTxMessage
                0x080016f0       0xfc ./build/Debug/.obj/Drivers/STM32F4xx_HAL_Driver/Src/stm32f4xx_hal_can.o
                0x080016f0                HAL_CAN_AddTxMessage
 .text.HAL_CAN_GetTxMailboxesFreeLevel
                0x080017ec       0x32 ./build/Debug/.obj/Drivers/STM32F4xx_HAL_Driver/Src/stm32f4xx_hal_can.o
                0x080017ec                HAL_CAN_GetTxMailboxesFreeLevel
 .text.HAL_CAN_GetRxMessage
                0x0800181e      0x14a ./build/Debug/.obj/Drivers/STM32F4xx_HAL_Driver/Src/stm32f4xx_hal_can.o
                0x0800181e                HAL_CAN_GetRxMessage
 .text.HAL_CAN_ActivateNotification
                0x08001968       0x24 ./build/Debug/.obj/Drivers/STM32F4xx_HAL_Driver/Src/stm32f4xx_hal_can.o
                0x08001968                HAL_CAN_ActivateNotification
 .text.HAL_CAN_TxMailbox0CompleteCallback
                0x0800198c        0x2 ./build/Debug/.obj/Drivers/STM32F4xx_HAL_Driver/Src/stm32f4xx_hal_can.o
                0x0800198c                HAL_CAN_TxMailbox0CompleteCallback
 .text.HAL_CAN_TxMailbox1CompleteCallback
                0x0800198e        0x2 ./build/Debug/.obj/Drivers/STM32F4xx_HAL_Driver/Src/stm32f4xx_hal_can.o
                0x0800198e                HAL_CAN_TxMailbox1CompleteCallback
 .text.HAL_CAN_TxMailbox2CompleteCallback
                0x08001990        0x2 ./build/Debug/.obj/Drivers/STM32F4xx_HAL_Driver/Src/stm32f4xx_hal_can.o
                0x08001990                HAL_CAN_TxMailbox2CompleteCallback
 .text.HAL_CAN_TxMailbox0AbortCallback
                0x08001992        0x2 ./build/Debug/.obj/Drivers/STM32F4xx_HAL_Driver/Src/stm32f4xx_hal_can.o
                0x08001992                HAL_CAN_TxMailbox0AbortCallback
 .text.HAL_CAN_TxMailbox1AbortCallback
                0x08001994        0x2 ./build/Debug/.obj/Drivers/STM32F4xx_HAL_Driver/Src/stm32f4xx_hal_can.o
                0x08001994                HAL_CAN_TxMailbox1AbortCallback
 .text.HAL_CAN_TxMailbox2AbortCallback
                0x08001996        0x2 ./build/Debug/.obj/Drivers/STM32F4xx_HAL_Driver/Src/stm32f4xx_hal_can.o
                0x08001996                HAL_CAN_TxMailbox2AbortCallback
 .text.HAL_CAN_RxFifo0FullCallback
                0x08001998        0x2 ./build/Debug/.obj/Drivers/STM32F4xx_HAL_Driver/Src/stm32f4xx_hal_can.o
                0x08001998                HAL_CAN_RxFifo0FullCallback
 .text.HAL_CAN_RxFifo1MsgPendingCallback
                0x0800199a        0x2 ./build/Debug/.obj/Drivers/STM32F4xx_HAL_Driver/Src/stm32f4xx_hal_can.o
                0x0800199a                HAL_CAN_RxFifo1MsgPendingCallback
 .text.HAL_CAN_RxFifo1FullCallback
                0x0800199c        0x2 ./build/Debug/.obj/Drivers/STM32F4xx_HAL_Driver/Src/stm32f4xx_hal_can.o
                0x0800199c                HAL_CAN_RxFifo1FullCallback
 .text.HAL_CAN_SleepCallback
                0x0800199e        0x2 ./build/Debug/.obj/Drivers/STM32F4xx_HAL_Driver/Src/stm32f4xx_hal_can.o
                0x0800199e                HAL_CAN_SleepCallback
 .text.HAL_CAN_WakeUpFromRxMsgCallback
                0x080019a0        0x2 ./build/Debug/.obj/Drivers/STM32F4xx_HAL_Driver/Src/stm32f4xx_hal_can.o
                0x080019a0                HAL_CAN_WakeUpFromRxMsgCallback
 .text.HAL_CAN_ErrorCallback
                0x080019a2        0x2 ./build/Debug/.obj/Drivers/STM32F4xx_HAL_Driver/Src/stm32f4xx_hal_can.o
                0x080019a2                HAL_CAN_ErrorCallback
 .text.HAL_CAN_IRQHandler
                0x080019a4      0x24a ./build/Debug/.obj/Drivers/STM32F4xx_HAL_Driver/Src/stm32f4xx_hal_can.o
                0x080019a4                HAL_CAN_IRQHandler
 *fill*         0x08001bee        0x2 
 .text.HAL_NVIC_SetPriorityGrouping
                0x08001bf0       0x24 ./build/Debug/.obj/Drivers/STM32F4xx_HAL_Driver/Src/stm32f4xx_hal_cortex.o
                0x08001bf0                HAL_NVIC_SetPriorityGrouping
 .text.HAL_NVIC_SetPriority
                0x08001c14       0x70 ./build/Debug/.obj/Drivers/STM32F4xx_HAL_Driver/Src/stm32f4xx_hal_cortex.o
                0x08001c14                HAL_NVIC_SetPriority
 .text.HAL_NVIC_EnableIRQ
                0x08001c84       0x1c ./build/Debug/.obj/Drivers/STM32F4xx_HAL_Driver/Src/stm32f4xx_hal_cortex.o
                0x08001c84                HAL_NVIC_EnableIRQ
 .text.DMA_SetConfig
                0x08001ca0       0x2c ./build/Debug/.obj/Drivers/STM32F4xx_HAL_Driver/Src/stm32f4xx_hal_dma.o
 .text.DMA_CalcBaseAndBitshift
                0x08001ccc       0x44 ./build/Debug/.obj/Drivers/STM32F4xx_HAL_Driver/Src/stm32f4xx_hal_dma.o
 .text.DMA_CheckFifoParam
                0x08001d10       0x8e ./build/Debug/.obj/Drivers/STM32F4xx_HAL_Driver/Src/stm32f4xx_hal_dma.o
 *fill*         0x08001d9e        0x2 
 .text.HAL_DMA_Init
                0x08001da0       0xcc ./build/Debug/.obj/Drivers/STM32F4xx_HAL_Driver/Src/stm32f4xx_hal_dma.o
                0x08001da0                HAL_DMA_Init
 .text.HAL_DMA_Start_IT
                0x08001e6c       0x6a ./build/Debug/.obj/Drivers/STM32F4xx_HAL_Driver/Src/stm32f4xx_hal_dma.o
                0x08001e6c                HAL_DMA_Start_IT
 *fill*         0x08001ed6        0x2 
 .text.HAL_DMA_IRQHandler
                0x08001ed8      0x1dc ./build/Debug/.obj/Drivers/STM32F4xx_HAL_Driver/Src/stm32f4xx_hal_dma.o
                0x08001ed8                HAL_DMA_IRQHandler
 .text.HAL_GPIO_Init
                0x080020b4      0x1fc ./build/Debug/.obj/Drivers/STM32F4xx_HAL_Driver/Src/stm32f4xx_hal_gpio.o
                0x080020b4                HAL_GPIO_Init
 .text.HAL_GPIO_WritePin
                0x080022b0        0xc ./build/Debug/.obj/Drivers/STM32F4xx_HAL_Driver/Src/stm32f4xx_hal_gpio.o
                0x080022b0                HAL_GPIO_WritePin
 .text.HAL_GPIO_EXTI_Callback
                0x080022bc        0x2 ./build/Debug/.obj/Drivers/STM32F4xx_HAL_Driver/Src/stm32f4xx_hal_gpio.o
                0x080022bc                HAL_GPIO_EXTI_Callback
 *fill*         0x080022be        0x2 
 .text.HAL_GPIO_EXTI_IRQHandler
                0x080022c0       0x1c ./build/Debug/.obj/Drivers/STM32F4xx_HAL_Driver/Src/stm32f4xx_hal_gpio.o
                0x080022c0                HAL_GPIO_EXTI_IRQHandler
 .text.HAL_PWREx_EnableOverDrive
                0x080022dc       0x7c ./build/Debug/.obj/Drivers/STM32F4xx_HAL_Driver/Src/stm32f4xx_hal_pwr_ex.o
                0x080022dc                HAL_PWREx_EnableOverDrive
 .text.HAL_RCC_OscConfig
                0x08002358      0x3f8 ./build/Debug/.obj/Drivers/STM32F4xx_HAL_Driver/Src/stm32f4xx_hal_rcc.o
                0x08002358                HAL_RCC_OscConfig
 .text.HAL_RCC_GetSysClockFreq
                0x08002750       0xa4 ./build/Debug/.obj/Drivers/STM32F4xx_HAL_Driver/Src/stm32f4xx_hal_rcc.o
                0x08002750                HAL_RCC_GetSysClockFreq
 .text.HAL_RCC_ClockConfig
                0x080027f4      0x160 ./build/Debug/.obj/Drivers/STM32F4xx_HAL_Driver/Src/stm32f4xx_hal_rcc.o
                0x080027f4                HAL_RCC_ClockConfig
 .text.HAL_RCC_GetHCLKFreq
                0x08002954        0xc ./build/Debug/.obj/Drivers/STM32F4xx_HAL_Driver/Src/stm32f4xx_hal_rcc.o
                0x08002954                HAL_RCC_GetHCLKFreq
 .text.HAL_RCC_GetPCLK1Freq
                0x08002960       0x20 ./build/Debug/.obj/Drivers/STM32F4xx_HAL_Driver/Src/stm32f4xx_hal_rcc.o
                0x08002960                HAL_RCC_GetPCLK1Freq
 .text.HAL_RCC_GetPCLK2Freq
                0x08002980       0x20 ./build/Debug/.obj/Drivers/STM32F4xx_HAL_Driver/Src/stm32f4xx_hal_rcc.o
                0x08002980                HAL_RCC_GetPCLK2Freq
 .text.HAL_RCC_GetClockConfig
                0x080029a0       0x3c ./build/Debug/.obj/Drivers/STM32F4xx_HAL_Driver/Src/stm32f4xx_hal_rcc.o
                0x080029a0                HAL_RCC_GetClockConfig
 .text.HAL_TIM_Base_MspInit
                0x080029dc        0x2 ./build/Debug/.obj/Drivers/STM32F4xx_HAL_Driver/Src/stm32f4xx_hal_tim.o
                0x080029dc                HAL_TIM_Base_MspInit
 *fill*         0x080029de        0x2 
 .text.HAL_TIM_Base_Start_IT
                0x080029e0       0x88 ./build/Debug/.obj/Drivers/STM32F4xx_HAL_Driver/Src/stm32f4xx_hal_tim.o
                0x080029e0                HAL_TIM_Base_Start_IT
 .text.HAL_TIM_OC_DelayElapsedCallback
                0x08002a68        0x2 ./build/Debug/.obj/Drivers/STM32F4xx_HAL_Driver/Src/stm32f4xx_hal_tim.o
                0x08002a68                HAL_TIM_OC_DelayElapsedCallback
 .text.HAL_TIM_IC_CaptureCallback
                0x08002a6a        0x2 ./build/Debug/.obj/Drivers/STM32F4xx_HAL_Driver/Src/stm32f4xx_hal_tim.o
                0x08002a6a                HAL_TIM_IC_CaptureCallback
 .text.HAL_TIM_PWM_PulseFinishedCallback
                0x08002a6c        0x2 ./build/Debug/.obj/Drivers/STM32F4xx_HAL_Driver/Src/stm32f4xx_hal_tim.o
                0x08002a6c                HAL_TIM_PWM_PulseFinishedCallback
 .text.HAL_TIM_TriggerCallback
                0x08002a6e        0x2 ./build/Debug/.obj/Drivers/STM32F4xx_HAL_Driver/Src/stm32f4xx_hal_tim.o
                0x08002a6e                HAL_TIM_TriggerCallback
 .text.HAL_TIM_IRQHandler
                0x08002a70      0x17a ./build/Debug/.obj/Drivers/STM32F4xx_HAL_Driver/Src/stm32f4xx_hal_tim.o
                0x08002a70                HAL_TIM_IRQHandler
 *fill*         0x08002bea        0x2 
 .text.TIM_Base_SetConfig
                0x08002bec       0xc8 ./build/Debug/.obj/Drivers/STM32F4xx_HAL_Driver/Src/stm32f4xx_hal_tim.o
                0x08002bec                TIM_Base_SetConfig
 .text.HAL_TIM_Base_Init
                0x08002cb4       0x58 ./build/Debug/.obj/Drivers/STM32F4xx_HAL_Driver/Src/stm32f4xx_hal_tim.o
                0x08002cb4                HAL_TIM_Base_Init
 .text.HAL_TIMEx_CommutCallback
                0x08002d0c        0x2 ./build/Debug/.obj/Drivers/STM32F4xx_HAL_Driver/Src/stm32f4xx_hal_tim_ex.o
                0x08002d0c                HAL_TIMEx_CommutCallback
 .text.HAL_TIMEx_BreakCallback
                0x08002d0e        0x2 ./build/Debug/.obj/Drivers/STM32F4xx_HAL_Driver/Src/stm32f4xx_hal_tim_ex.o
                0x08002d0e                HAL_TIMEx_BreakCallback
 .text.UART_EndTxTransfer
                0x08002d10       0x20 ./build/Debug/.obj/Drivers/STM32F4xx_HAL_Driver/Src/stm32f4xx_hal_uart.o
 .text.UART_EndRxTransfer
                0x08002d30       0x5c ./build/Debug/.obj/Drivers/STM32F4xx_HAL_Driver/Src/stm32f4xx_hal_uart.o
 .text.UART_SetConfig
                0x08002d8c      0x110 ./build/Debug/.obj/Drivers/STM32F4xx_HAL_Driver/Src/stm32f4xx_hal_uart.o
 .text.HAL_UART_Init
                0x08002e9c       0x5e ./build/Debug/.obj/Drivers/STM32F4xx_HAL_Driver/Src/stm32f4xx_hal_uart.o
                0x08002e9c                HAL_UART_Init
 .text.HAL_UART_RxHalfCpltCallback
                0x08002efa        0x2 ./build/Debug/.obj/Drivers/STM32F4xx_HAL_Driver/Src/stm32f4xx_hal_uart.o
                0x08002efa                HAL_UART_RxHalfCpltCallback
 .text.HAL_UART_ErrorCallback
                0x08002efc        0x2 ./build/Debug/.obj/Drivers/STM32F4xx_HAL_Driver/Src/stm32f4xx_hal_uart.o
                0x08002efc                HAL_UART_ErrorCallback
 .text.UART_DMAError
                0x08002efe       0x58 ./build/Debug/.obj/Drivers/STM32F4xx_HAL_Driver/Src/stm32f4xx_hal_uart.o
 .text.HAL_UARTEx_RxEventCallback
                0x08002f56        0x2 ./build/Debug/.obj/Drivers/STM32F4xx_HAL_Driver/Src/stm32f4xx_hal_uart.o
                0x08002f56                HAL_UARTEx_RxEventCallback
 .text.UART_DMARxHalfCplt
                0x08002f58       0x1a ./build/Debug/.obj/Drivers/STM32F4xx_HAL_Driver/Src/stm32f4xx_hal_uart.o
 .text.UART_DMAReceiveCplt
                0x08002f72       0x96 ./build/Debug/.obj/Drivers/STM32F4xx_HAL_Driver/Src/stm32f4xx_hal_uart.o
 .text.UART_Start_Receive_DMA
                0x08003008       0xa8 ./build/Debug/.obj/Drivers/STM32F4xx_HAL_Driver/Src/stm32f4xx_hal_uart.o
                0x08003008                UART_Start_Receive_DMA
 .text.HAL_UART_Receive_DMA
                0x080030b0       0x38 ./build/Debug/.obj/Drivers/STM32F4xx_HAL_Driver/Src/stm32f4xx_hal_uart.o
                0x080030b0                HAL_UART_Receive_DMA
 .text.makeFreeRtosPriority
                0x080030e8        0xc ./build/Debug/.obj/Middlewares/Third_Party/FreeRTOS/Source/CMSIS_RTOS/cmsis_os.o
 .text.osKernelStart
                0x080030f4        0xa ./build/Debug/.obj/Middlewares/Third_Party/FreeRTOS/Source/CMSIS_RTOS/cmsis_os.o
                0x080030f4                osKernelStart
 .text.osThreadCreate
                0x080030fe       0x6a ./build/Debug/.obj/Middlewares/Third_Party/FreeRTOS/Source/CMSIS_RTOS/cmsis_os.o
                0x080030fe                osThreadCreate
 .text.osDelay  0x08003168        0xe ./build/Debug/.obj/Middlewares/Third_Party/FreeRTOS/Source/CMSIS_RTOS/cmsis_os.o
                0x08003168                osDelay
 .text.vListInitialise
                0x08003176       0x16 ./build/Debug/.obj/Middlewares/Third_Party/FreeRTOS/Source/list.o
                0x08003176                vListInitialise
 .text.vListInitialiseItem
                0x0800318c        0x6 ./build/Debug/.obj/Middlewares/Third_Party/FreeRTOS/Source/list.o
                0x0800318c                vListInitialiseItem
 .text.vListInsertEnd
                0x08003192       0x16 ./build/Debug/.obj/Middlewares/Third_Party/FreeRTOS/Source/list.o
                0x08003192                vListInsertEnd
 .text.vListInsert
                0x080031a8       0x32 ./build/Debug/.obj/Middlewares/Third_Party/FreeRTOS/Source/list.o
                0x080031a8                vListInsert
 .text.uxListRemove
                0x080031da       0x26 ./build/Debug/.obj/Middlewares/Third_Party/FreeRTOS/Source/list.o
                0x080031da                uxListRemove
 .text.prvTaskExitError
                0x08003200       0x40 ./build/Debug/.obj/Middlewares/Third_Party/FreeRTOS/Source/portable/GCC/ARM_CM4F/port.o
 .text.prvPortStartFirstTask
                0x08003240       0x28 ./build/Debug/.obj/Middlewares/Third_Party/FreeRTOS/Source/portable/GCC/ARM_CM4F/port.o
 .text.vPortEnableVFP
                0x08003268       0x14 ./build/Debug/.obj/Middlewares/Third_Party/FreeRTOS/Source/portable/GCC/ARM_CM4F/port.o
 .text.pxPortInitialiseStack
                0x0800327c       0x2c ./build/Debug/.obj/Middlewares/Third_Party/FreeRTOS/Source/portable/GCC/ARM_CM4F/port.o
                0x0800327c                pxPortInitialiseStack
 *fill*         0x080032a8        0x8 
 .text.SVC_Handler
                0x080032b0       0x24 ./build/Debug/.obj/Middlewares/Third_Party/FreeRTOS/Source/portable/GCC/ARM_CM4F/port.o
                0x080032b0                SVC_Handler
 .text.vPortEnterCritical
                0x080032d4       0x44 ./build/Debug/.obj/Middlewares/Third_Party/FreeRTOS/Source/portable/GCC/ARM_CM4F/port.o
                0x080032d4                vPortEnterCritical
 .text.vPortExitCritical
                0x08003318       0x2c ./build/Debug/.obj/Middlewares/Third_Party/FreeRTOS/Source/portable/GCC/ARM_CM4F/port.o
                0x08003318                vPortExitCritical
 *fill*         0x08003344        0xc 
 .text.PendSV_Handler
                0x08003350       0x64 ./build/Debug/.obj/Middlewares/Third_Party/FreeRTOS/Source/portable/GCC/ARM_CM4F/port.o
                0x08003350                PendSV_Handler
 .text.SysTick_Handler
                0x080033b4       0x2c ./build/Debug/.obj/Middlewares/Third_Party/FreeRTOS/Source/portable/GCC/ARM_CM4F/port.o
                0x080033b4                SysTick_Handler
 .text.vPortSetupTimerInterrupt
                0x080033e0       0x28 ./build/Debug/.obj/Middlewares/Third_Party/FreeRTOS/Source/portable/GCC/ARM_CM4F/port.o
                0x080033e0                vPortSetupTimerInterrupt
 .text.xPortStartScheduler
                0x08003408      0x118 ./build/Debug/.obj/Middlewares/Third_Party/FreeRTOS/Source/portable/GCC/ARM_CM4F/port.o
                0x08003408                xPortStartScheduler
 .text.prvHeapInit
                0x08003520       0x64 ./build/Debug/.obj/Middlewares/Third_Party/FreeRTOS/Source/portable/MemMang/heap_4.o
 .text.prvInsertBlockIntoFreeList
                0x08003584       0x64 ./build/Debug/.obj/Middlewares/Third_Party/FreeRTOS/Source/portable/MemMang/heap_4.o
 .text.pvPortMalloc
                0x080035e8       0xfc ./build/Debug/.obj/Middlewares/Third_Party/FreeRTOS/Source/portable/MemMang/heap_4.o
                0x080035e8                pvPortMalloc
 .text.vPortFree
                0x080036e4       0x7c ./build/Debug/.obj/Middlewares/Third_Party/FreeRTOS/Source/portable/MemMang/heap_4.o
                0x080036e4                vPortFree
 .text.prvGetDisinheritPriorityAfterTimeout
                0x08003760       0x10 ./build/Debug/.obj/Middlewares/Third_Party/FreeRTOS/Source/queue.o
 .text.prvIsQueueFull
                0x08003770       0x1e ./build/Debug/.obj/Middlewares/Third_Party/FreeRTOS/Source/queue.o
 .text.prvIsQueueEmpty
                0x0800378e       0x1a ./build/Debug/.obj/Middlewares/Third_Party/FreeRTOS/Source/queue.o
 .text.prvCopyDataToQueue
                0x080037a8       0x76 ./build/Debug/.obj/Middlewares/Third_Party/FreeRTOS/Source/queue.o
 .text.prvUnlockQueue
                0x0800381e       0x6e ./build/Debug/.obj/Middlewares/Third_Party/FreeRTOS/Source/queue.o
 .text.xQueueGenericReset
                0x0800388c       0x84 ./build/Debug/.obj/Middlewares/Third_Party/FreeRTOS/Source/queue.o
                0x0800388c                xQueueGenericReset
 .text.prvInitialiseNewQueue
                0x08003910       0x1c ./build/Debug/.obj/Middlewares/Third_Party/FreeRTOS/Source/queue.o
 .text.xQueueGenericCreate
                0x0800392c       0x48 ./build/Debug/.obj/Middlewares/Third_Party/FreeRTOS/Source/queue.o
                0x0800392c                xQueueGenericCreate
 .text.xQueueGenericSend
                0x08003974      0x188 ./build/Debug/.obj/Middlewares/Third_Party/FreeRTOS/Source/queue.o
                0x08003974                xQueueGenericSend
 .text.prvInitialiseMutex
                0x08003afc       0x18 ./build/Debug/.obj/Middlewares/Third_Party/FreeRTOS/Source/queue.o
 .text.xQueueCreateMutex
                0x08003b14       0x16 ./build/Debug/.obj/Middlewares/Third_Party/FreeRTOS/Source/queue.o
                0x08003b14                xQueueCreateMutex
 .text.xQueueGiveMutexRecursive
                0x08003b2a       0x40 ./build/Debug/.obj/Middlewares/Third_Party/FreeRTOS/Source/queue.o
                0x08003b2a                xQueueGiveMutexRecursive
 .text.xQueueSemaphoreTake
                0x08003b6a      0x1a6 ./build/Debug/.obj/Middlewares/Third_Party/FreeRTOS/Source/queue.o
                0x08003b6a                xQueueSemaphoreTake
 .text.xQueueTakeMutexRecursive
                0x08003d10       0x40 ./build/Debug/.obj/Middlewares/Third_Party/FreeRTOS/Source/queue.o
                0x08003d10                xQueueTakeMutexRecursive
 .text.prvResetNextTaskUnblockTime
                0x08003d50       0x2c ./build/Debug/.obj/Middlewares/Third_Party/FreeRTOS/Source/tasks.o
 .text.prvInitialiseNewTask
                0x08003d7c       0xa4 ./build/Debug/.obj/Middlewares/Third_Party/FreeRTOS/Source/tasks.o
 .text.prvInitialiseTaskLists
                0x08003e20       0x68 ./build/Debug/.obj/Middlewares/Third_Party/FreeRTOS/Source/tasks.o
 .text.prvAddNewTaskToReadyList
                0x08003e88       0xa8 ./build/Debug/.obj/Middlewares/Third_Party/FreeRTOS/Source/tasks.o
 .text.prvDeleteTCB
                0x08003f30       0x38 ./build/Debug/.obj/Middlewares/Third_Party/FreeRTOS/Source/tasks.o
 .text.prvCheckTasksWaitingTermination
                0x08003f68       0x4c ./build/Debug/.obj/Middlewares/Third_Party/FreeRTOS/Source/tasks.o
 .text.prvIdleTask
                0x08003fb4       0x28 ./build/Debug/.obj/Middlewares/Third_Party/FreeRTOS/Source/tasks.o
 .text.prvAddCurrentTaskToDelayedList
                0x08003fdc       0x98 ./build/Debug/.obj/Middlewares/Third_Party/FreeRTOS/Source/tasks.o
 .text.xTaskCreateStatic
                0x08004074       0x76 ./build/Debug/.obj/Middlewares/Third_Party/FreeRTOS/Source/tasks.o
                0x08004074                xTaskCreateStatic
 .text.xTaskCreate
                0x080040ea       0x68 ./build/Debug/.obj/Middlewares/Third_Party/FreeRTOS/Source/tasks.o
                0x080040ea                xTaskCreate
 *fill*         0x08004152        0x2 
 .text.vTaskStartScheduler
                0x08004154       0x74 ./build/Debug/.obj/Middlewares/Third_Party/FreeRTOS/Source/tasks.o
                0x08004154                vTaskStartScheduler
 .text.vTaskSuspendAll
                0x080041c8       0x10 ./build/Debug/.obj/Middlewares/Third_Party/FreeRTOS/Source/tasks.o
                0x080041c8                vTaskSuspendAll
 .text.xTaskIncrementTick
                0x080041d8      0x118 ./build/Debug/.obj/Middlewares/Third_Party/FreeRTOS/Source/tasks.o
                0x080041d8                xTaskIncrementTick
 .text.xTaskResumeAll
                0x080042f0       0xf8 ./build/Debug/.obj/Middlewares/Third_Party/FreeRTOS/Source/tasks.o
                0x080042f0                xTaskResumeAll
 .text.vTaskDelay
                0x080043e8       0x4c ./build/Debug/.obj/Middlewares/Third_Party/FreeRTOS/Source/tasks.o
                0x080043e8                vTaskDelay
 .text.vTaskSwitchContext
                0x08004434       0x98 ./build/Debug/.obj/Middlewares/Third_Party/FreeRTOS/Source/tasks.o
                0x08004434                vTaskSwitchContext
 .text.vTaskPlaceOnEventList
                0x080044cc       0x30 ./build/Debug/.obj/Middlewares/Third_Party/FreeRTOS/Source/tasks.o
                0x080044cc                vTaskPlaceOnEventList
 .text.xTaskRemoveFromEventList
                0x080044fc       0x8c ./build/Debug/.obj/Middlewares/Third_Party/FreeRTOS/Source/tasks.o
                0x080044fc                xTaskRemoveFromEventList
 .text.vTaskInternalSetTimeOutState
                0x08004588       0x18 ./build/Debug/.obj/Middlewares/Third_Party/FreeRTOS/Source/tasks.o
                0x08004588                vTaskInternalSetTimeOutState
 .text.xTaskCheckForTimeOut
                0x080045a0       0x84 ./build/Debug/.obj/Middlewares/Third_Party/FreeRTOS/Source/tasks.o
                0x080045a0                xTaskCheckForTimeOut
 .text.vTaskMissedYield
                0x08004624        0xc ./build/Debug/.obj/Middlewares/Third_Party/FreeRTOS/Source/tasks.o
                0x08004624                vTaskMissedYield
 .text.xTaskGetCurrentTaskHandle
                0x08004630        0xc ./build/Debug/.obj/Middlewares/Third_Party/FreeRTOS/Source/tasks.o
                0x08004630                xTaskGetCurrentTaskHandle
 .text.xTaskGetSchedulerState
                0x0800463c       0x20 ./build/Debug/.obj/Middlewares/Third_Party/FreeRTOS/Source/tasks.o
                0x0800463c                xTaskGetSchedulerState
 .text.xTaskPriorityInherit
                0x0800465c       0xac ./build/Debug/.obj/Middlewares/Third_Party/FreeRTOS/Source/tasks.o
                0x0800465c                xTaskPriorityInherit
 .text.xTaskPriorityDisinherit
                0x08004708       0xb4 ./build/Debug/.obj/Middlewares/Third_Party/FreeRTOS/Source/tasks.o
                0x08004708                xTaskPriorityDisinherit
 .text.vTaskPriorityDisinheritAfterTimeout
                0x080047bc       0xb4 ./build/Debug/.obj/Middlewares/Third_Party/FreeRTOS/Source/tasks.o
                0x080047bc                vTaskPriorityDisinheritAfterTimeout
 .text.pvTaskIncrementMutexHeldCount
                0x08004870       0x1c ./build/Debug/.obj/Middlewares/Third_Party/FreeRTOS/Source/tasks.o
                0x08004870                pvTaskIncrementMutexHeldCount
 .text.HAL_UART_RxCpltCallback
                0x0800488c       0x18 ./build/Debug/.obj/UserCode/Chassis/Callback/Chassis_Callback.o
                0x0800488c                HAL_UART_RxCpltCallback
 .text.Chassis_RemoteCtl_Init
                0x080048a4       0x24 ./build/Debug/.obj/UserCode/Chassis/RemoteCtl/Chassis_RemoteCtl.o
                0x080048a4                Chassis_RemoteCtl_Init
 .text.Chassis_Servo_Task
                0x080048c8      0x130 ./build/Debug/.obj/UserCode/Chassis/Servo/Chassis_Servo.o
                0x080048c8                Chassis_Servo_Task
 .text.Chassis_Servo_TaskStart
                0x080049f8       0x28 ./build/Debug/.obj/UserCode/Chassis/Servo/Chassis_Servo.o
                0x080049f8                Chassis_Servo_TaskStart
 .text.Chassis_Servo_DjiMotorInit
                0x08004a20       0x44 ./build/Debug/.obj/UserCode/Chassis/Servo/Chassis_Servo.o
                0x08004a20                Chassis_Servo_DjiMotorInit
 .text.Chassis_Servo_Init
                0x08004a64        0x8 ./build/Debug/.obj/UserCode/Chassis/Servo/Chassis_Servo.o
                0x08004a64                Chassis_Servo_Init
 .text.StartDefaultTask
                0x08004a6c       0x18 ./build/Debug/.obj/UserCode/Chassis/Start/Chassis_Start.o
                0x08004a6c                StartDefaultTask
 *fill*         0x08004a84        0x4 
 .text.Chassis_StateMachine_Task
                0x08004a88       0x98 ./build/Debug/.obj/UserCode/Chassis/StateMachine/Chassis_StateMachine.o
                0x08004a88                Chassis_StateMachine_Task
 .text.Chassis_StateMachine_TaskStart
                0x08004b20       0x28 ./build/Debug/.obj/UserCode/Chassis/StateMachine/Chassis_StateMachine.o
                0x08004b20                Chassis_StateMachine_TaskStart
 .text.Chassis_StateMachine_Init
                0x08004b48       0x30 ./build/Debug/.obj/UserCode/Chassis/StateMachine/Chassis_StateMachine.o
                0x08004b48                Chassis_StateMachine_Init
 .text.CalculateFourMecanumWheels
                0x08004b78       0xd0 ./build/Debug/.obj/UserCode/Lib/Calculate/wtr_calculate.o
                0x08004b78                CalculateFourMecanumWheels
 .text.PID_Calc
                0x08004c48       0xb2 ./build/Debug/.obj/UserCode/Lib/Calculate/wtr_calculate.o
                0x08004c48                PID_Calc
 .text.speedServo
                0x08004cfa       0x12 ./build/Debug/.obj/UserCode/Lib/Calculate/wtr_calculate.o
                0x08004cfa                speedServo
 .text.DeadBandOneDimensional
                0x08004d0c       0x50 ./build/Debug/.obj/UserCode/Lib/Calculate/wtr_calculate.o
                0x08004d0c                DeadBandOneDimensional
 .text.CANFilterInit
                0x08004d5c       0x52 ./build/Debug/.obj/UserCode/Lib/Can/wtr_can.o
                0x08004d5c                CANFilterInit
 *fill*         0x08004dae        0x2 
 .text.CanDataDecode
                0x08004db0       0x24 ./build/Debug/.obj/UserCode/Lib/Can/wtr_can.o
                0x08004db0                CanDataDecode
 .text.HAL_CAN_RxFifo0MsgPendingCallback
                0x08004dd4       0x44 ./build/Debug/.obj/UserCode/Lib/Can/wtr_can.o
                0x08004dd4                HAL_CAN_RxFifo0MsgPendingCallback
 .text.DjiRemoteCtl_Decode
                0x08004e18       0x60 ./build/Debug/.obj/UserCode/Lib/Decode/wtr_uart.o
                0x08004e18                DjiRemoteCtl_Decode
 .text.DJI_Init
                0x08004e78       0xbc ./build/Debug/.obj/UserCode/Lib/Dji/wtr_dji.o
                0x08004e78                DJI_Init
 .text.CanTransmit_DJI_1234
                0x08004f34       0x70 ./build/Debug/.obj/UserCode/Lib/Dji/wtr_dji.o
                0x08004f34                CanTransmit_DJI_1234
 .text.DJI_Update
                0x08004fa4      0x11c ./build/Debug/.obj/UserCode/Lib/Dji/wtr_dji.o
                0x08004fa4                DJI_Update
 .text.get_dji_offset
                0x080050c0       0x38 ./build/Debug/.obj/UserCode/Lib/Dji/wtr_dji.o
                0x080050c0                get_dji_offset
 .text.DJI_CanMsgDecode
                0x080050f8       0x4c ./build/Debug/.obj/UserCode/Lib/Dji/wtr_dji.o
                0x080050f8                DJI_CanMsgDecode
 .text.Reset_Handler
                0x08005144       0x50 ./build/Debug/.obj/startup_stm32f427xx.o
                0x08005144                Reset_Handler
 .text.Default_Handler
                0x08005194        0x2 ./build/Debug/.obj/startup_stm32f427xx.o
                0x08005194                RTC_Alarm_IRQHandler
                0x08005194                HASH_RNG_IRQHandler
                0x08005194                EXTI2_IRQHandler
                0x08005194                TIM8_CC_IRQHandler
                0x08005194                UART8_IRQHandler
                0x08005194                SPI4_IRQHandler
                0x08005194                TIM1_CC_IRQHandler
                0x08005194                DMA1_Stream5_IRQHandler
                0x08005194                PVD_IRQHandler
                0x08005194                SDIO_IRQHandler
                0x08005194                TAMP_STAMP_IRQHandler
                0x08005194                CAN2_RX1_IRQHandler
                0x08005194                TIM8_TRG_COM_TIM14_IRQHandler
                0x08005194                TIM1_UP_TIM10_IRQHandler
                0x08005194                TIM8_UP_TIM13_IRQHandler
                0x08005194                I2C3_ER_IRQHandler
                0x08005194                EXTI0_IRQHandler
                0x08005194                I2C2_EV_IRQHandler
                0x08005194                DMA1_Stream2_IRQHandler
                0x08005194                FPU_IRQHandler
                0x08005194                OTG_HS_WKUP_IRQHandler
                0x08005194                CAN2_SCE_IRQHandler
                0x08005194                DMA2_Stream2_IRQHandler
                0x08005194                SPI1_IRQHandler
                0x08005194                TIM6_DAC_IRQHandler
                0x08005194                TIM1_BRK_TIM9_IRQHandler
                0x08005194                DCMI_IRQHandler
                0x08005194                CAN2_RX0_IRQHandler
                0x08005194                DMA2_Stream3_IRQHandler
                0x08005194                USART6_IRQHandler
                0x08005194                USART3_IRQHandler
                0x08005194                CAN1_RX1_IRQHandler
                0x08005194                UART5_IRQHandler
                0x08005194                DMA2_Stream0_IRQHandler
                0x08005194                TIM4_IRQHandler
                0x08005194                I2C1_EV_IRQHandler
                0x08005194                DMA1_Stream6_IRQHandler
                0x08005194                DMA1_Stream1_IRQHandler
                0x08005194                UART4_IRQHandler
                0x08005194                TIM3_IRQHandler
                0x08005194                RCC_IRQHandler
                0x08005194                TIM8_BRK_TIM12_IRQHandler
                0x08005194                Default_Handler
                0x08005194                EXTI15_10_IRQHandler
                0x08005194                ADC_IRQHandler
                0x08005194                DMA1_Stream7_IRQHandler
                0x08005194                SPI5_IRQHandler
                0x08005194                CAN2_TX_IRQHandler
                0x08005194                TIM5_IRQHandler
                0x08005194                DMA2_Stream7_IRQHandler
                0x08005194                I2C3_EV_IRQHandler
                0x08005194                EXTI9_5_IRQHandler
                0x08005194                RTC_WKUP_IRQHandler
                0x08005194                ETH_WKUP_IRQHandler
                0x08005194                SPI2_IRQHandler
                0x08005194                OTG_HS_EP1_IN_IRQHandler
                0x08005194                DMA1_Stream0_IRQHandler
                0x08005194                CAN1_TX_IRQHandler
                0x08005194                EXTI4_IRQHandler
                0x08005194                ETH_IRQHandler
                0x08005194                OTG_HS_EP1_OUT_IRQHandler
                0x08005194                WWDG_IRQHandler
                0x08005194                SPI6_IRQHandler
                0x08005194                TIM2_IRQHandler
                0x08005194                OTG_FS_WKUP_IRQHandler
                0x08005194                TIM1_TRG_COM_TIM11_IRQHandler
                0x08005194                OTG_HS_IRQHandler
                0x08005194                DMA2D_IRQHandler
                0x08005194                EXTI1_IRQHandler
                0x08005194                UART7_IRQHandler
                0x08005194                USART2_IRQHandler
                0x08005194                I2C2_ER_IRQHandler
                0x08005194                DMA2_Stream1_IRQHandler
                0x08005194                CAN1_SCE_IRQHandler
                0x08005194                FLASH_IRQHandler
                0x08005194                DMA2_Stream4_IRQHandler
                0x08005194                USART1_IRQHandler
                0x08005194                OTG_FS_IRQHandler
                0x08005194                SPI3_IRQHandler
                0x08005194                DMA1_Stream4_IRQHandler
                0x08005194                I2C1_ER_IRQHandler
                0x08005194                FMC_IRQHandler
                0x08005194                DMA2_Stream6_IRQHandler
                0x08005194                SAI1_IRQHandler
                0x08005194                DMA1_Stream3_IRQHandler
 *fill*         0x08005196        0x2 
 .text.__libc_init_array
                0x08005198       0x48 d:/gnu arm embedded toolchain/10 2021.10/bin/../lib/gcc/arm-none-eabi/10.3.1/../../../../arm-none-eabi/lib/thumb/v7e-m+fp/softfp\libc_nano.a(lib_a-init.o)
                0x08005198                __libc_init_array
 .text.memcpy   0x080051e0       0x1c d:/gnu arm embedded toolchain/10 2021.10/bin/../lib/gcc/arm-none-eabi/10.3.1/../../../../arm-none-eabi/lib/thumb/v7e-m+fp/softfp\libc_nano.a(lib_a-memcpy-stub.o)
                0x080051e0                memcpy
 .text.memset   0x080051fc       0x10 d:/gnu arm embedded toolchain/10 2021.10/bin/../lib/gcc/arm-none-eabi/10.3.1/../../../../arm-none-eabi/lib/thumb/v7e-m+fp/softfp\libc_nano.a(lib_a-memset.o)
                0x080051fc                memset
 *(.glue_7)
 .glue_7        0x0800520c        0x0 linker stubs
 *(.glue_7t)
 .glue_7t       0x0800520c        0x0 linker stubs
 *(.eh_frame)
 .eh_frame      0x0800520c        0x0 d:/gnu arm embedded toolchain/10 2021.10/bin/../lib/gcc/arm-none-eabi/10.3.1/thumb/v7e-m+fp/softfp/crtbegin.o
 *(.init)
 .init          0x0800520c        0x4 d:/gnu arm embedded toolchain/10 2021.10/bin/../lib/gcc/arm-none-eabi/10.3.1/thumb/v7e-m+fp/softfp/crti.o
                0x0800520c                _init
 .init          0x08005210        0x8 d:/gnu arm embedded toolchain/10 2021.10/bin/../lib/gcc/arm-none-eabi/10.3.1/thumb/v7e-m+fp/softfp/crtn.o
 *(.fini)
 .fini          0x08005218        0x4 d:/gnu arm embedded toolchain/10 2021.10/bin/../lib/gcc/arm-none-eabi/10.3.1/thumb/v7e-m+fp/softfp/crti.o
                0x08005218                _fini
 .fini          0x0800521c        0x8 d:/gnu arm embedded toolchain/10 2021.10/bin/../lib/gcc/arm-none-eabi/10.3.1/thumb/v7e-m+fp/softfp/crtn.o
                0x08005224                . = ALIGN (0x4)
                0x08005224                _etext = .

.vfp11_veneer   0x08005224        0x0
 .vfp11_veneer  0x08005224        0x0 linker stubs

.v4_bx          0x08005224        0x0
 .v4_bx         0x08005224        0x0 linker stubs

.iplt           0x08005224        0x0
 .iplt          0x08005224        0x0 d:/gnu arm embedded toolchain/10 2021.10/bin/../lib/gcc/arm-none-eabi/10.3.1/thumb/v7e-m+fp/softfp/crtbegin.o

.rodata         0x08005224       0xb0
                0x08005224                . = ALIGN (0x4)
 *(.rodata)
 .rodata        0x08005224       0x1c ./build/Debug/.obj/Core/Src/freertos.o
 .rodata        0x08005240       0x1c ./build/Debug/.obj/UserCode/Chassis/Servo/Chassis_Servo.o
 .rodata        0x0800525c       0x1c ./build/Debug/.obj/UserCode/Chassis/StateMachine/Chassis_StateMachine.o
 *(.rodata*)
 .rodata.str1.4
                0x08005278        0xc ./build/Debug/.obj/Core/Src/freertos.o
 .rodata.AHBPrescTable
                0x08005284       0x10 ./build/Debug/.obj/Core/Src/system_stm32f4xx.o
                0x08005284                AHBPrescTable
 .rodata.APBPrescTable
                0x08005294        0x8 ./build/Debug/.obj/Core/Src/system_stm32f4xx.o
                0x08005294                APBPrescTable
 .rodata.flagBitshiftOffset.0
                0x0800529c        0x8 ./build/Debug/.obj/Drivers/STM32F4xx_HAL_Driver/Src/stm32f4xx_hal_dma.o
 .rodata.vTaskStartScheduler.str1.4
                0x080052a4        0x5 ./build/Debug/.obj/Middlewares/Third_Party/FreeRTOS/Source/tasks.o
 *fill*         0x080052a9        0x3 
 .rodata.str1.4
                0x080052ac        0xe ./build/Debug/.obj/UserCode/Chassis/Servo/Chassis_Servo.o
 *fill*         0x080052ba        0x2 
 .rodata.str1.4
                0x080052bc       0x15 ./build/Debug/.obj/UserCode/Chassis/StateMachine/Chassis_StateMachine.o
                0x080052d4                . = ALIGN (0x4)
 *fill*         0x080052d1        0x3 

.ARM.extab
 *(.ARM.extab* .gnu.linkonce.armextab.*)

.ARM            0x080052d4        0x8
                0x080052d4                __exidx_start = .
 *(.ARM.exidx*)
 .ARM.exidx     0x080052d4        0x8 d:/gnu arm embedded toolchain/10 2021.10/bin/../lib/gcc/arm-none-eabi/10.3.1/thumb/v7e-m+fp/softfp\libgcc.a(_udivmoddi4.o)
                0x080052dc                __exidx_end = .

.rel.dyn        0x080052dc        0x0
 .rel.iplt      0x080052dc        0x0 d:/gnu arm embedded toolchain/10 2021.10/bin/../lib/gcc/arm-none-eabi/10.3.1/thumb/v7e-m+fp/softfp/crtbegin.o

.preinit_array  0x080052dc        0x0
                0x080052dc                PROVIDE (__preinit_array_start = .)
 *(.preinit_array*)
                0x080052dc                PROVIDE (__preinit_array_end = .)

.init_array     0x080052dc        0x4
                0x080052dc                PROVIDE (__init_array_start = .)
 *(SORT_BY_NAME(.init_array.*))
 *(.init_array*)
 .init_array    0x080052dc        0x4 d:/gnu arm embedded toolchain/10 2021.10/bin/../lib/gcc/arm-none-eabi/10.3.1/thumb/v7e-m+fp/softfp/crtbegin.o
                0x080052e0                PROVIDE (__init_array_end = .)

.fini_array     0x080052e0        0x4
                [!provide]                PROVIDE (__fini_array_start = .)
 *(SORT_BY_NAME(.fini_array.*))
 *(.fini_array*)
 .fini_array    0x080052e0        0x4 d:/gnu arm embedded toolchain/10 2021.10/bin/../lib/gcc/arm-none-eabi/10.3.1/thumb/v7e-m+fp/softfp/crtbegin.o
                [!provide]                PROVIDE (__fini_array_end = .)
                0x080052e4                _sidata = LOADADDR (.data)

.data           0x20000000       0x10 load address 0x080052e4
                0x20000000                . = ALIGN (0x4)
                0x20000000                _sdata = .
 *(.data)
 *(.data*)
 .data.SystemCoreClock
                0x20000000        0x4 ./build/Debug/.obj/Core/Src/system_stm32f4xx.o
                0x20000000                SystemCoreClock
 .data.uwTickFreq
                0x20000004        0x1 ./build/Debug/.obj/Drivers/STM32F4xx_HAL_Driver/Src/stm32f4xx_hal.o
                0x20000004                uwTickFreq
 *fill*         0x20000005        0x3 
 .data.uwTickPrio
                0x20000008        0x4 ./build/Debug/.obj/Drivers/STM32F4xx_HAL_Driver/Src/stm32f4xx_hal.o
                0x20000008                uwTickPrio
 .data.uxCriticalNesting
                0x2000000c        0x4 ./build/Debug/.obj/Middlewares/Third_Party/FreeRTOS/Source/portable/GCC/ARM_CM4F/port.o
                0x20000010                . = ALIGN (0x4)
                0x20000010                _edata = .
                0x080052f4                _siccmram = LOADADDR (.ccmram)

.igot.plt       0x20000010        0x0 load address 0x080052f4
 .igot.plt      0x20000010        0x0 d:/gnu arm embedded toolchain/10 2021.10/bin/../lib/gcc/arm-none-eabi/10.3.1/thumb/v7e-m+fp/softfp/crtbegin.o

.ccmram         0x10000000        0x0 load address 0x080052f4
                0x10000000                . = ALIGN (0x4)
                0x10000000                _sccmram = .
 *(.ccmram)
 *(.ccmram*)
                0x10000000                . = ALIGN (0x4)
                0x10000000                _eccmram = .
                0x10000000                . = ALIGN (0x4)

.bss            0x20000010     0x480c
                0x20000010                _sbss = .
                0x20000010                __bss_start__ = _sbss
 *(.bss)
 .bss           0x20000010       0x1c d:/gnu arm embedded toolchain/10 2021.10/bin/../lib/gcc/arm-none-eabi/10.3.1/thumb/v7e-m+fp/softfp/crtbegin.o
 *(.bss*)
 .bss.hcan1     0x2000002c       0x28 ./build/Debug/.obj/Core/Src/can.o
                0x2000002c                hcan1
 .bss.defaultTaskHandle
                0x20000054        0x4 ./build/Debug/.obj/Core/Src/freertos.o
                0x20000054                defaultTaskHandle
 .bss.xIdleStack
                0x20000058      0x200 ./build/Debug/.obj/Core/Src/freertos.o
 .bss.xIdleTaskTCBBuffer
                0x20000258       0x58 ./build/Debug/.obj/Core/Src/freertos.o
 .bss.htim7     0x200002b0       0x48 ./build/Debug/.obj/Core/Src/stm32f4xx_hal_timebase_tim.o
                0x200002b0                htim7
 .bss.hdma_usart1_rx
                0x200002f8       0x60 ./build/Debug/.obj/Core/Src/usart.o
                0x200002f8                hdma_usart1_rx
 .bss.huart1    0x20000358       0x44 ./build/Debug/.obj/Core/Src/usart.o
                0x20000358                huart1
 .bss.uwTick    0x2000039c        0x4 ./build/Debug/.obj/Drivers/STM32F4xx_HAL_Driver/Src/stm32f4xx_hal.o
                0x2000039c                uwTick
 .bss.ucMaxSysCallPriority
                0x200003a0        0x1 ./build/Debug/.obj/Middlewares/Third_Party/FreeRTOS/Source/portable/GCC/ARM_CM4F/port.o
 *fill*         0x200003a1        0x3 
 .bss.ulMaxPRIGROUPValue
                0x200003a4        0x4 ./build/Debug/.obj/Middlewares/Third_Party/FreeRTOS/Source/portable/GCC/ARM_CM4F/port.o
 .bss.pxEnd     0x200003a8        0x4 ./build/Debug/.obj/Middlewares/Third_Party/FreeRTOS/Source/portable/MemMang/heap_4.o
 .bss.ucHeap    0x200003ac     0x3c00 ./build/Debug/.obj/Middlewares/Third_Party/FreeRTOS/Source/portable/MemMang/heap_4.o
 .bss.xBlockAllocatedBit
                0x20003fac        0x4 ./build/Debug/.obj/Middlewares/Third_Party/FreeRTOS/Source/portable/MemMang/heap_4.o
 .bss.xFreeBytesRemaining
                0x20003fb0        0x4 ./build/Debug/.obj/Middlewares/Third_Party/FreeRTOS/Source/portable/MemMang/heap_4.o
 .bss.xMinimumEverFreeBytesRemaining
                0x20003fb4        0x4 ./build/Debug/.obj/Middlewares/Third_Party/FreeRTOS/Source/portable/MemMang/heap_4.o
 .bss.xNumberOfSuccessfulAllocations
                0x20003fb8        0x4 ./build/Debug/.obj/Middlewares/Third_Party/FreeRTOS/Source/portable/MemMang/heap_4.o
 .bss.xNumberOfSuccessfulFrees
                0x20003fbc        0x4 ./build/Debug/.obj/Middlewares/Third_Party/FreeRTOS/Source/portable/MemMang/heap_4.o
 .bss.xStart    0x20003fc0        0x8 ./build/Debug/.obj/Middlewares/Third_Party/FreeRTOS/Source/portable/MemMang/heap_4.o
 .bss.pxCurrentTCB
                0x20003fc8        0x4 ./build/Debug/.obj/Middlewares/Third_Party/FreeRTOS/Source/tasks.o
                0x20003fc8                pxCurrentTCB
 .bss.pxDelayedTaskList
                0x20003fcc        0x4 ./build/Debug/.obj/Middlewares/Third_Party/FreeRTOS/Source/tasks.o
 .bss.pxOverflowDelayedTaskList
                0x20003fd0        0x4 ./build/Debug/.obj/Middlewares/Third_Party/FreeRTOS/Source/tasks.o
 .bss.pxReadyTasksLists
                0x20003fd4      0x280 ./build/Debug/.obj/Middlewares/Third_Party/FreeRTOS/Source/tasks.o
 .bss.uxCurrentNumberOfTasks
                0x20004254        0x4 ./build/Debug/.obj/Middlewares/Third_Party/FreeRTOS/Source/tasks.o
 .bss.uxDeletedTasksWaitingCleanUp
                0x20004258        0x4 ./build/Debug/.obj/Middlewares/Third_Party/FreeRTOS/Source/tasks.o
 .bss.uxSchedulerSuspended
                0x2000425c        0x4 ./build/Debug/.obj/Middlewares/Third_Party/FreeRTOS/Source/tasks.o
 .bss.uxTaskNumber
                0x20004260        0x4 ./build/Debug/.obj/Middlewares/Third_Party/FreeRTOS/Source/tasks.o
 .bss.uxTopReadyPriority
                0x20004264        0x4 ./build/Debug/.obj/Middlewares/Third_Party/FreeRTOS/Source/tasks.o
 .bss.xDelayedTaskList1
                0x20004268       0x14 ./build/Debug/.obj/Middlewares/Third_Party/FreeRTOS/Source/tasks.o
 .bss.xDelayedTaskList2
                0x2000427c       0x14 ./build/Debug/.obj/Middlewares/Third_Party/FreeRTOS/Source/tasks.o
 .bss.xIdleTaskHandle
                0x20004290        0x4 ./build/Debug/.obj/Middlewares/Third_Party/FreeRTOS/Source/tasks.o
 .bss.xNextTaskUnblockTime
                0x20004294        0x4 ./build/Debug/.obj/Middlewares/Third_Party/FreeRTOS/Source/tasks.o
 .bss.xNumOfOverflows
                0x20004298        0x4 ./build/Debug/.obj/Middlewares/Third_Party/FreeRTOS/Source/tasks.o
 .bss.xPendedTicks
                0x2000429c        0x4 ./build/Debug/.obj/Middlewares/Third_Party/FreeRTOS/Source/tasks.o
 .bss.xPendingReadyList
                0x200042a0       0x14 ./build/Debug/.obj/Middlewares/Third_Party/FreeRTOS/Source/tasks.o
 .bss.xSchedulerRunning
                0x200042b4        0x4 ./build/Debug/.obj/Middlewares/Third_Party/FreeRTOS/Source/tasks.o
 .bss.xSuspendedTaskList
                0x200042b8       0x14 ./build/Debug/.obj/Middlewares/Third_Party/FreeRTOS/Source/tasks.o
 .bss.xTasksWaitingTermination
                0x200042cc       0x14 ./build/Debug/.obj/Middlewares/Third_Party/FreeRTOS/Source/tasks.o
 .bss.xTickCount
                0x200042e0        0x4 ./build/Debug/.obj/Middlewares/Third_Party/FreeRTOS/Source/tasks.o
 .bss.xYieldPending
                0x200042e4        0x4 ./build/Debug/.obj/Middlewares/Third_Party/FreeRTOS/Source/tasks.o
 .bss.WheelComponent
                0x200042e8       0x14 ./build/Debug/.obj/UserCode/Chassis/Servo/Chassis_Servo.o
                0x200042e8                WheelComponent
 *fill*         0x200042fc        0x4 
 .bss.ChassisControl
                0x20004300       0x38 ./build/Debug/.obj/UserCode/Chassis/StateMachine/Chassis_StateMachine.o
                0x20004300                ChassisControl
 .bss.ChassisState
                0x20004338       0x38 ./build/Debug/.obj/UserCode/Chassis/StateMachine/Chassis_StateMachine.o
                0x20004338                ChassisState
 .bss.CanReceiveData
                0x20004370        0x8 ./build/Debug/.obj/UserCode/Lib/Can/wtr_can.o
                0x20004370                CanReceiveData
 .bss.JoyStickReceiveData
                0x20004378       0x12 ./build/Debug/.obj/UserCode/Lib/Decode/wtr_uart.o
                0x20004378                JoyStickReceiveData
 *fill*         0x2000438a        0x2 
 .bss.RemoteCtl_RawData
                0x2000438c        0xc ./build/Debug/.obj/UserCode/Lib/Decode/wtr_uart.o
                0x2000438c                RemoteCtl_RawData
 .bss.TxMailbox
                0x20004398        0x4 ./build/Debug/.obj/UserCode/Lib/Dji/wtr_dji.o
 .bss.hDJI      0x2000439c      0x480 ./build/Debug/.obj/UserCode/Lib/Dji/wtr_dji.o
                0x2000439c                hDJI
 *(COMMON)
                0x2000481c                . = ALIGN (0x4)
                0x2000481c                _ebss = .
                0x2000481c                __bss_end__ = _ebss

._user_heap_stack
                0x2000481c      0x604
                0x20004820                . = ALIGN (0x8)
 *fill*         0x2000481c        0x4 
                [!provide]                PROVIDE (end = .)
                [!provide]                PROVIDE (_end = .)
                0x20004a20                . = (. + _Min_Heap_Size)
 *fill*         0x20004820      0x200 
                0x20004e20                . = (. + _Min_Stack_Size)
 *fill*         0x20004a20      0x400 
                0x20004e20                . = ALIGN (0x8)

/DISCARD/
 libc.a(*)
 libm.a(*)
 libgcc.a(*)

.ARM.attributes
                0x00000000       0x2e
 *(.ARM.attributes)
 .ARM.attributes
                0x00000000       0x1e d:/gnu arm embedded toolchain/10 2021.10/bin/../lib/gcc/arm-none-eabi/10.3.1/thumb/v7e-m+fp/softfp/crti.o
 .ARM.attributes
                0x0000001e       0x32 d:/gnu arm embedded toolchain/10 2021.10/bin/../lib/gcc/arm-none-eabi/10.3.1/thumb/v7e-m+fp/softfp/crtbegin.o
 .ARM.attributes
                0x00000050       0x32 ./build/Debug/.obj/Core/Src/can.o
 .ARM.attributes
                0x00000082       0x32 ./build/Debug/.obj/Core/Src/dma.o
 .ARM.attributes
                0x000000b4       0x32 ./build/Debug/.obj/Core/Src/freertos.o
 .ARM.attributes
                0x000000e6       0x32 ./build/Debug/.obj/Core/Src/gpio.o
 .ARM.attributes
                0x00000118       0x32 ./build/Debug/.obj/Core/Src/main.o
 .ARM.attributes
                0x0000014a       0x32 ./build/Debug/.obj/Core/Src/stm32f4xx_hal_msp.o
 .ARM.attributes
                0x0000017c       0x32 ./build/Debug/.obj/Core/Src/stm32f4xx_hal_timebase_tim.o
 .ARM.attributes
                0x000001ae       0x32 ./build/Debug/.obj/Core/Src/stm32f4xx_it.o
 .ARM.attributes
                0x000001e0       0x32 ./build/Debug/.obj/Core/Src/system_stm32f4xx.o
 .ARM.attributes
                0x00000212       0x32 ./build/Debug/.obj/Core/Src/usart.o
 .ARM.attributes
                0x00000244       0x32 ./build/Debug/.obj/Drivers/STM32F4xx_HAL_Driver/Src/stm32f4xx_hal.o
 .ARM.attributes
                0x00000276       0x32 ./build/Debug/.obj/Drivers/STM32F4xx_HAL_Driver/Src/stm32f4xx_hal_can.o
 .ARM.attributes
                0x000002a8       0x32 ./build/Debug/.obj/Drivers/STM32F4xx_HAL_Driver/Src/stm32f4xx_hal_cortex.o
 .ARM.attributes
                0x000002da       0x32 ./build/Debug/.obj/Drivers/STM32F4xx_HAL_Driver/Src/stm32f4xx_hal_dma.o
 .ARM.attributes
                0x0000030c       0x32 ./build/Debug/.obj/Drivers/STM32F4xx_HAL_Driver/Src/stm32f4xx_hal_gpio.o
 .ARM.attributes
                0x0000033e       0x32 ./build/Debug/.obj/Drivers/STM32F4xx_HAL_Driver/Src/stm32f4xx_hal_pwr_ex.o
 .ARM.attributes
                0x00000370       0x32 ./build/Debug/.obj/Drivers/STM32F4xx_HAL_Driver/Src/stm32f4xx_hal_rcc.o
 .ARM.attributes
                0x000003a2       0x32 ./build/Debug/.obj/Drivers/STM32F4xx_HAL_Driver/Src/stm32f4xx_hal_tim.o
 .ARM.attributes
                0x000003d4       0x32 ./build/Debug/.obj/Drivers/STM32F4xx_HAL_Driver/Src/stm32f4xx_hal_tim_ex.o
 .ARM.attributes
                0x00000406       0x32 ./build/Debug/.obj/Drivers/STM32F4xx_HAL_Driver/Src/stm32f4xx_hal_uart.o
 .ARM.attributes
                0x00000438       0x32 ./build/Debug/.obj/Middlewares/Third_Party/FreeRTOS/Source/CMSIS_RTOS/cmsis_os.o
 .ARM.attributes
                0x0000046a       0x32 ./build/Debug/.obj/Middlewares/Third_Party/FreeRTOS/Source/list.o
 .ARM.attributes
                0x0000049c       0x32 ./build/Debug/.obj/Middlewares/Third_Party/FreeRTOS/Source/portable/GCC/ARM_CM4F/port.o
 .ARM.attributes
                0x000004ce       0x32 ./build/Debug/.obj/Middlewares/Third_Party/FreeRTOS/Source/portable/MemMang/heap_4.o
 .ARM.attributes
                0x00000500       0x32 ./build/Debug/.obj/Middlewares/Third_Party/FreeRTOS/Source/queue.o
 .ARM.attributes
                0x00000532       0x32 ./build/Debug/.obj/Middlewares/Third_Party/FreeRTOS/Source/tasks.o
 .ARM.attributes
                0x00000564       0x32 ./build/Debug/.obj/UserCode/Chassis/Callback/Chassis_Callback.o
 .ARM.attributes
                0x00000596       0x32 ./build/Debug/.obj/UserCode/Chassis/RemoteCtl/Chassis_RemoteCtl.o
 .ARM.attributes
                0x000005c8       0x32 ./build/Debug/.obj/UserCode/Chassis/Servo/Chassis_Servo.o
 .ARM.attributes
                0x000005fa       0x32 ./build/Debug/.obj/UserCode/Chassis/Start/Chassis_Start.o
 .ARM.attributes
                0x0000062c       0x32 ./build/Debug/.obj/UserCode/Chassis/StateMachine/Chassis_StateMachine.o
 .ARM.attributes
                0x0000065e       0x32 ./build/Debug/.obj/UserCode/Lib/Calculate/wtr_calculate.o
 .ARM.attributes
                0x00000690       0x32 ./build/Debug/.obj/UserCode/Lib/Can/wtr_can.o
 .ARM.attributes
                0x000006c2       0x32 ./build/Debug/.obj/UserCode/Lib/Decode/wtr_uart.o
 .ARM.attributes
                0x000006f4       0x32 ./build/Debug/.obj/UserCode/Lib/Dji/wtr_dji.o
 .ARM.attributes
                0x00000726       0x21 ./build/Debug/.obj/startup_stm32f427xx.o
 .ARM.attributes
                0x00000747       0x1e d:/gnu arm embedded toolchain/10 2021.10/bin/../lib/gcc/arm-none-eabi/10.3.1/thumb/v7e-m+fp/softfp\libgcc.a(_arm_addsubdf3.o)
 .ARM.attributes
                0x00000765       0x1e d:/gnu arm embedded toolchain/10 2021.10/bin/../lib/gcc/arm-none-eabi/10.3.1/thumb/v7e-m+fp/softfp\libgcc.a(_arm_muldivdf3.o)
 .ARM.attributes
                0x00000783       0x1e d:/gnu arm embedded toolchain/10 2021.10/bin/../lib/gcc/arm-none-eabi/10.3.1/thumb/v7e-m+fp/softfp\libgcc.a(_arm_cmpdf2.o)
 .ARM.attributes
                0x000007a1       0x1e d:/gnu arm embedded toolchain/10 2021.10/bin/../lib/gcc/arm-none-eabi/10.3.1/thumb/v7e-m+fp/softfp\libgcc.a(_arm_truncdfsf2.o)
 .ARM.attributes
                0x000007bf       0x1e d:/gnu arm embedded toolchain/10 2021.10/bin/../lib/gcc/arm-none-eabi/10.3.1/thumb/v7e-m+fp/softfp\libgcc.a(_aeabi_uldivmod.o)
 .ARM.attributes
                0x000007dd       0x32 d:/gnu arm embedded toolchain/10 2021.10/bin/../lib/gcc/arm-none-eabi/10.3.1/thumb/v7e-m+fp/softfp\libgcc.a(_udivmoddi4.o)
 .ARM.attributes
                0x0000080f       0x1e d:/gnu arm embedded toolchain/10 2021.10/bin/../lib/gcc/arm-none-eabi/10.3.1/thumb/v7e-m+fp/softfp\libgcc.a(_dvmd_tls.o)
 .ARM.attributes
                0x0000082d       0x32 d:/gnu arm embedded toolchain/10 2021.10/bin/../lib/gcc/arm-none-eabi/10.3.1/../../../../arm-none-eabi/lib/thumb/v7e-m+fp/softfp\libc_nano.a(lib_a-init.o)
 .ARM.attributes
                0x0000085f       0x32 d:/gnu arm embedded toolchain/10 2021.10/bin/../lib/gcc/arm-none-eabi/10.3.1/../../../../arm-none-eabi/lib/thumb/v7e-m+fp/softfp\libc_nano.a(lib_a-memcpy-stub.o)
 .ARM.attributes
                0x00000891       0x32 d:/gnu arm embedded toolchain/10 2021.10/bin/../lib/gcc/arm-none-eabi/10.3.1/../../../../arm-none-eabi/lib/thumb/v7e-m+fp/softfp\libc_nano.a(lib_a-memset.o)
 .ARM.attributes
                0x000008c3       0x1e d:/gnu arm embedded toolchain/10 2021.10/bin/../lib/gcc/arm-none-eabi/10.3.1/thumb/v7e-m+fp/softfp/crtn.o
OUTPUT(./build/Debug/WTR_Chassis.elf elf32-littlearm)
LOAD linker stubs
LOAD d:/gnu arm embedded toolchain/10 2021.10/bin/../lib/gcc/arm-none-eabi/10.3.1/../../../../arm-none-eabi/lib/thumb/v7e-m+fp/softfp\libc.a
LOAD d:/gnu arm embedded toolchain/10 2021.10/bin/../lib/gcc/arm-none-eabi/10.3.1/../../../../arm-none-eabi/lib/thumb/v7e-m+fp/softfp\libm.a
LOAD d:/gnu arm embedded toolchain/10 2021.10/bin/../lib/gcc/arm-none-eabi/10.3.1/thumb/v7e-m+fp/softfp\libgcc.a

.debug_info     0x00000000    0x208d2
 .debug_info    0x00000000      0xbc3 ./build/Debug/.obj/Core/Src/can.o
 .debug_info    0x00000bc3      0x542 ./build/Debug/.obj/Core/Src/dma.o
 .debug_info    0x00001105      0x46a ./build/Debug/.obj/Core/Src/freertos.o
 .debug_info    0x0000156f      0x7de ./build/Debug/.obj/Core/Src/gpio.o
 .debug_info    0x00001d4d      0xc24 ./build/Debug/.obj/Core/Src/main.o
 .debug_info    0x00002971      0x53e ./build/Debug/.obj/Core/Src/stm32f4xx_hal_msp.o
 .debug_info    0x00002eaf      0xce4 ./build/Debug/.obj/Core/Src/stm32f4xx_hal_timebase_tim.o
 .debug_info    0x00003b93      0xb93 ./build/Debug/.obj/Core/Src/stm32f4xx_it.o
 .debug_info    0x00004726      0x554 ./build/Debug/.obj/Core/Src/system_stm32f4xx.o
 .debug_info    0x00004c7a      0xa46 ./build/Debug/.obj/Core/Src/usart.o
 .debug_info    0x000056c0      0xa5c ./build/Debug/.obj/Drivers/STM32F4xx_HAL_Driver/Src/stm32f4xx_hal.o
 .debug_info    0x0000611c     0x126e ./build/Debug/.obj/Drivers/STM32F4xx_HAL_Driver/Src/stm32f4xx_hal_can.o
 .debug_info    0x0000738a     0x10c2 ./build/Debug/.obj/Drivers/STM32F4xx_HAL_Driver/Src/stm32f4xx_hal_cortex.o
 .debug_info    0x0000844c      0xb3f ./build/Debug/.obj/Drivers/STM32F4xx_HAL_Driver/Src/stm32f4xx_hal_dma.o
 .debug_info    0x00008f8b      0x7cc ./build/Debug/.obj/Drivers/STM32F4xx_HAL_Driver/Src/stm32f4xx_hal_gpio.o
 .debug_info    0x00009757      0x7bb ./build/Debug/.obj/Drivers/STM32F4xx_HAL_Driver/Src/stm32f4xx_hal_pwr_ex.o
 .debug_info    0x00009f12      0xb1f ./build/Debug/.obj/Drivers/STM32F4xx_HAL_Driver/Src/stm32f4xx_hal_rcc.o
 .debug_info    0x0000aa31     0x3d5b ./build/Debug/.obj/Drivers/STM32F4xx_HAL_Driver/Src/stm32f4xx_hal_tim.o
 .debug_info    0x0000e78c     0x1ade ./build/Debug/.obj/Drivers/STM32F4xx_HAL_Driver/Src/stm32f4xx_hal_tim_ex.o
 .debug_info    0x0001026a     0x424e ./build/Debug/.obj/Drivers/STM32F4xx_HAL_Driver/Src/stm32f4xx_hal_uart.o
 .debug_info    0x000144b8     0x234b ./build/Debug/.obj/Middlewares/Third_Party/FreeRTOS/Source/CMSIS_RTOS/cmsis_os.o
 .debug_info    0x00016803      0x2e0 ./build/Debug/.obj/Middlewares/Third_Party/FreeRTOS/Source/list.o
 .debug_info    0x00016ae3      0x587 ./build/Debug/.obj/Middlewares/Third_Party/FreeRTOS/Source/portable/GCC/ARM_CM4F/port.o
 .debug_info    0x0001706a      0x5d9 ./build/Debug/.obj/Middlewares/Third_Party/FreeRTOS/Source/portable/MemMang/heap_4.o
 .debug_info    0x00017643     0x25cf ./build/Debug/.obj/Middlewares/Third_Party/FreeRTOS/Source/queue.o
 .debug_info    0x00019c12     0x2aae ./build/Debug/.obj/Middlewares/Third_Party/FreeRTOS/Source/tasks.o
 .debug_info    0x0001c6c0      0x5e7 ./build/Debug/.obj/UserCode/Chassis/Callback/Chassis_Callback.o
 .debug_info    0x0001cca7      0x5f6 ./build/Debug/.obj/UserCode/Chassis/RemoteCtl/Chassis_RemoteCtl.o
 .debug_info    0x0001d29d     0x11c9 ./build/Debug/.obj/UserCode/Chassis/Servo/Chassis_Servo.o
 .debug_info    0x0001e466      0x123 ./build/Debug/.obj/UserCode/Chassis/Start/Chassis_Start.o
 .debug_info    0x0001e589      0x8e4 ./build/Debug/.obj/UserCode/Chassis/StateMachine/Chassis_StateMachine.o
 .debug_info    0x0001ee6d      0x65e ./build/Debug/.obj/UserCode/Lib/Calculate/wtr_calculate.o
 .debug_info    0x0001f4cb      0x793 ./build/Debug/.obj/UserCode/Lib/Can/wtr_can.o
 .debug_info    0x0001fc5e      0x1c3 ./build/Debug/.obj/UserCode/Lib/Decode/wtr_uart.o
 .debug_info    0x0001fe21      0xa8f ./build/Debug/.obj/UserCode/Lib/Dji/wtr_dji.o
 .debug_info    0x000208b0       0x22 ./build/Debug/.obj/startup_stm32f427xx.o

.debug_abbrev   0x00000000     0x4687
 .debug_abbrev  0x00000000      0x1f6 ./build/Debug/.obj/Core/Src/can.o
 .debug_abbrev  0x000001f6      0x126 ./build/Debug/.obj/Core/Src/dma.o
 .debug_abbrev  0x0000031c      0x165 ./build/Debug/.obj/Core/Src/freertos.o
 .debug_abbrev  0x00000481      0x16a ./build/Debug/.obj/Core/Src/gpio.o
 .debug_abbrev  0x000005eb      0x20f ./build/Debug/.obj/Core/Src/main.o
 .debug_abbrev  0x000007fa      0x119 ./build/Debug/.obj/Core/Src/stm32f4xx_hal_msp.o
 .debug_abbrev  0x00000913      0x1ff ./build/Debug/.obj/Core/Src/stm32f4xx_hal_timebase_tim.o
 .debug_abbrev  0x00000b12      0x1e5 ./build/Debug/.obj/Core/Src/stm32f4xx_it.o
 .debug_abbrev  0x00000cf7      0x119 ./build/Debug/.obj/Core/Src/system_stm32f4xx.o
 .debug_abbrev  0x00000e10      0x1e2 ./build/Debug/.obj/Core/Src/usart.o
 .debug_abbrev  0x00000ff2      0x206 ./build/Debug/.obj/Drivers/STM32F4xx_HAL_Driver/Src/stm32f4xx_hal.o
 .debug_abbrev  0x000011f8      0x267 ./build/Debug/.obj/Drivers/STM32F4xx_HAL_Driver/Src/stm32f4xx_hal_can.o
 .debug_abbrev  0x0000145f      0x36a ./build/Debug/.obj/Drivers/STM32F4xx_HAL_Driver/Src/stm32f4xx_hal_cortex.o
 .debug_abbrev  0x000017c9      0x2c2 ./build/Debug/.obj/Drivers/STM32F4xx_HAL_Driver/Src/stm32f4xx_hal_dma.o
 .debug_abbrev  0x00001a8b      0x1ef ./build/Debug/.obj/Drivers/STM32F4xx_HAL_Driver/Src/stm32f4xx_hal_gpio.o
 .debug_abbrev  0x00001c7a      0x1c0 ./build/Debug/.obj/Drivers/STM32F4xx_HAL_Driver/Src/stm32f4xx_hal_pwr_ex.o
 .debug_abbrev  0x00001e3a      0x28a ./build/Debug/.obj/Drivers/STM32F4xx_HAL_Driver/Src/stm32f4xx_hal_rcc.o
 .debug_abbrev  0x000020c4      0x22b ./build/Debug/.obj/Drivers/STM32F4xx_HAL_Driver/Src/stm32f4xx_hal_tim.o
 .debug_abbrev  0x000022ef      0x241 ./build/Debug/.obj/Drivers/STM32F4xx_HAL_Driver/Src/stm32f4xx_hal_tim_ex.o
 .debug_abbrev  0x00002530      0x2fd ./build/Debug/.obj/Drivers/STM32F4xx_HAL_Driver/Src/stm32f4xx_hal_uart.o
 .debug_abbrev  0x0000282d      0x35b ./build/Debug/.obj/Middlewares/Third_Party/FreeRTOS/Source/CMSIS_RTOS/cmsis_os.o
 .debug_abbrev  0x00002b88      0x106 ./build/Debug/.obj/Middlewares/Third_Party/FreeRTOS/Source/list.o
 .debug_abbrev  0x00002c8e      0x26b ./build/Debug/.obj/Middlewares/Third_Party/FreeRTOS/Source/portable/GCC/ARM_CM4F/port.o
 .debug_abbrev  0x00002ef9      0x24b ./build/Debug/.obj/Middlewares/Third_Party/FreeRTOS/Source/portable/MemMang/heap_4.o
 .debug_abbrev  0x00003144      0x369 ./build/Debug/.obj/Middlewares/Third_Party/FreeRTOS/Source/queue.o
 .debug_abbrev  0x000034ad      0x313 ./build/Debug/.obj/Middlewares/Third_Party/FreeRTOS/Source/tasks.o
 .debug_abbrev  0x000037c0      0x155 ./build/Debug/.obj/UserCode/Chassis/Callback/Chassis_Callback.o
 .debug_abbrev  0x00003915      0x15d ./build/Debug/.obj/UserCode/Chassis/RemoteCtl/Chassis_RemoteCtl.o
 .debug_abbrev  0x00003a72      0x2e2 ./build/Debug/.obj/UserCode/Chassis/Servo/Chassis_Servo.o
 .debug_abbrev  0x00003d54       0x86 ./build/Debug/.obj/UserCode/Chassis/Start/Chassis_Start.o
 .debug_abbrev  0x00003dda      0x20a ./build/Debug/.obj/UserCode/Chassis/StateMachine/Chassis_StateMachine.o
 .debug_abbrev  0x00003fe4      0x189 ./build/Debug/.obj/UserCode/Lib/Calculate/wtr_calculate.o
 .debug_abbrev  0x0000416d      0x206 ./build/Debug/.obj/UserCode/Lib/Can/wtr_can.o
 .debug_abbrev  0x00004373       0xc9 ./build/Debug/.obj/UserCode/Lib/Decode/wtr_uart.o
 .debug_abbrev  0x0000443c      0x239 ./build/Debug/.obj/UserCode/Lib/Dji/wtr_dji.o
 .debug_abbrev  0x00004675       0x12 ./build/Debug/.obj/startup_stm32f427xx.o

.debug_loc      0x00000000    0x1485d
 .debug_loc     0x00000000       0x84 ./build/Debug/.obj/Core/Src/can.o
 .debug_loc     0x00000084       0x25 ./build/Debug/.obj/Core/Src/freertos.o
 .debug_loc     0x000000a9       0x42 ./build/Debug/.obj/Core/Src/main.o
 .debug_loc     0x000000eb       0xf2 ./build/Debug/.obj/Core/Src/stm32f4xx_hal_timebase_tim.o
 .debug_loc     0x000001dd      0x158 ./build/Debug/.obj/Core/Src/system_stm32f4xx.o
 .debug_loc     0x00000335       0x71 ./build/Debug/.obj/Core/Src/usart.o
 .debug_loc     0x000003a6      0x141 ./build/Debug/.obj/Drivers/STM32F4xx_HAL_Driver/Src/stm32f4xx_hal.o
 .debug_loc     0x000004e7      0xde6 ./build/Debug/.obj/Drivers/STM32F4xx_HAL_Driver/Src/stm32f4xx_hal_can.o
 .debug_loc     0x000012cd      0x744 ./build/Debug/.obj/Drivers/STM32F4xx_HAL_Driver/Src/stm32f4xx_hal_cortex.o
 .debug_loc     0x00001a11      0xbf9 ./build/Debug/.obj/Drivers/STM32F4xx_HAL_Driver/Src/stm32f4xx_hal_dma.o
 .debug_loc     0x0000260a      0x520 ./build/Debug/.obj/Drivers/STM32F4xx_HAL_Driver/Src/stm32f4xx_hal_gpio.o
 .debug_loc     0x00002b2a      0x228 ./build/Debug/.obj/Drivers/STM32F4xx_HAL_Driver/Src/stm32f4xx_hal_pwr_ex.o
 .debug_loc     0x00002d52      0x58c ./build/Debug/.obj/Drivers/STM32F4xx_HAL_Driver/Src/stm32f4xx_hal_rcc.o
 .debug_loc     0x000032de     0x506c ./build/Debug/.obj/Drivers/STM32F4xx_HAL_Driver/Src/stm32f4xx_hal_tim.o
 .debug_loc     0x0000834a     0x1cd7 ./build/Debug/.obj/Drivers/STM32F4xx_HAL_Driver/Src/stm32f4xx_hal_tim_ex.o
 .debug_loc     0x0000a021     0x49ab ./build/Debug/.obj/Drivers/STM32F4xx_HAL_Driver/Src/stm32f4xx_hal_uart.o
 .debug_loc     0x0000e9cc     0x144c ./build/Debug/.obj/Middlewares/Third_Party/FreeRTOS/Source/CMSIS_RTOS/cmsis_os.o
 .debug_loc     0x0000fe18       0xad ./build/Debug/.obj/Middlewares/Third_Party/FreeRTOS/Source/list.o
 .debug_loc     0x0000fec5      0x124 ./build/Debug/.obj/Middlewares/Third_Party/FreeRTOS/Source/portable/GCC/ARM_CM4F/port.o
 .debug_loc     0x0000ffe9      0x434 ./build/Debug/.obj/Middlewares/Third_Party/FreeRTOS/Source/portable/MemMang/heap_4.o
 .debug_loc     0x0001041d     0x18ed ./build/Debug/.obj/Middlewares/Third_Party/FreeRTOS/Source/queue.o
 .debug_loc     0x00011d0a     0x1f71 ./build/Debug/.obj/Middlewares/Third_Party/FreeRTOS/Source/tasks.o
 .debug_loc     0x00013c7b       0x42 ./build/Debug/.obj/UserCode/Chassis/Callback/Chassis_Callback.o
 .debug_loc     0x00013cbd      0x531 ./build/Debug/.obj/UserCode/Chassis/Servo/Chassis_Servo.o
 .debug_loc     0x000141ee       0x25 ./build/Debug/.obj/UserCode/Chassis/Start/Chassis_Start.o
 .debug_loc     0x00014213       0x25 ./build/Debug/.obj/UserCode/Chassis/StateMachine/Chassis_StateMachine.o
 .debug_loc     0x00014238      0x308 ./build/Debug/.obj/UserCode/Lib/Calculate/wtr_calculate.o
 .debug_loc     0x00014540       0x47 ./build/Debug/.obj/UserCode/Lib/Can/wtr_can.o
 .debug_loc     0x00014587      0x2d6 ./build/Debug/.obj/UserCode/Lib/Dji/wtr_dji.o

.debug_aranges  0x00000000     0x1590
 .debug_aranges
                0x00000000       0x30 ./build/Debug/.obj/Core/Src/can.o
 .debug_aranges
                0x00000030       0x20 ./build/Debug/.obj/Core/Src/dma.o
 .debug_aranges
                0x00000050       0x30 ./build/Debug/.obj/Core/Src/freertos.o
 .debug_aranges
                0x00000080       0x20 ./build/Debug/.obj/Core/Src/gpio.o
 .debug_aranges
                0x000000a0       0x38 ./build/Debug/.obj/Core/Src/main.o
 .debug_aranges
                0x000000d8       0x20 ./build/Debug/.obj/Core/Src/stm32f4xx_hal_msp.o
 .debug_aranges
                0x000000f8       0x30 ./build/Debug/.obj/Core/Src/stm32f4xx_hal_timebase_tim.o
 .debug_aranges
                0x00000128       0x68 ./build/Debug/.obj/Core/Src/stm32f4xx_it.o
 .debug_aranges
                0x00000190       0x28 ./build/Debug/.obj/Core/Src/system_stm32f4xx.o
 .debug_aranges
                0x000001b8       0x30 ./build/Debug/.obj/Core/Src/usart.o
 .debug_aranges
                0x000001e8      0x100 ./build/Debug/.obj/Drivers/STM32F4xx_HAL_Driver/Src/stm32f4xx_hal.o
 .debug_aranges
                0x000002e8      0x138 ./build/Debug/.obj/Drivers/STM32F4xx_HAL_Driver/Src/stm32f4xx_hal_can.o
 .debug_aranges
                0x00000420       0xa8 ./build/Debug/.obj/Drivers/STM32F4xx_HAL_Driver/Src/stm32f4xx_hal_cortex.o
 .debug_aranges
                0x000004c8       0x90 ./build/Debug/.obj/Drivers/STM32F4xx_HAL_Driver/Src/stm32f4xx_hal_dma.o
 .debug_aranges
                0x00000558       0x58 ./build/Debug/.obj/Drivers/STM32F4xx_HAL_Driver/Src/stm32f4xx_hal_gpio.o
 .debug_aranges
                0x000005b0       0x60 ./build/Debug/.obj/Drivers/STM32F4xx_HAL_Driver/Src/stm32f4xx_hal_pwr_ex.o
 .debug_aranges
                0x00000610       0x88 ./build/Debug/.obj/Drivers/STM32F4xx_HAL_Driver/Src/stm32f4xx_hal_rcc.o
 .debug_aranges
                0x00000698      0x3d0 ./build/Debug/.obj/Drivers/STM32F4xx_HAL_Driver/Src/stm32f4xx_hal_tim.o
 .debug_aranges
                0x00000a68      0x168 ./build/Debug/.obj/Drivers/STM32F4xx_HAL_Driver/Src/stm32f4xx_hal_tim_ex.o
 .debug_aranges
                0x00000bd0      0x200 ./build/Debug/.obj/Drivers/STM32F4xx_HAL_Driver/Src/stm32f4xx_hal_uart.o
 .debug_aranges
                0x00000dd0      0x1d8 ./build/Debug/.obj/Middlewares/Third_Party/FreeRTOS/Source/CMSIS_RTOS/cmsis_os.o
 .debug_aranges
                0x00000fa8       0x40 ./build/Debug/.obj/Middlewares/Third_Party/FreeRTOS/Source/list.o
 .debug_aranges
                0x00000fe8       0x80 ./build/Debug/.obj/Middlewares/Third_Party/FreeRTOS/Source/portable/GCC/ARM_CM4F/port.o
 .debug_aranges
                0x00001068       0x58 ./build/Debug/.obj/Middlewares/Third_Party/FreeRTOS/Source/portable/MemMang/heap_4.o
 .debug_aranges
                0x000010c0      0x128 ./build/Debug/.obj/Middlewares/Third_Party/FreeRTOS/Source/queue.o
 .debug_aranges
                0x000011e8      0x1c0 ./build/Debug/.obj/Middlewares/Third_Party/FreeRTOS/Source/tasks.o
 .debug_aranges
                0x000013a8       0x20 ./build/Debug/.obj/UserCode/Chassis/Callback/Chassis_Callback.o
 .debug_aranges
                0x000013c8       0x20 ./build/Debug/.obj/UserCode/Chassis/RemoteCtl/Chassis_RemoteCtl.o
 .debug_aranges
                0x000013e8       0x40 ./build/Debug/.obj/UserCode/Chassis/Servo/Chassis_Servo.o
 .debug_aranges
                0x00001428       0x20 ./build/Debug/.obj/UserCode/Chassis/Start/Chassis_Start.o
 .debug_aranges
                0x00001448       0x38 ./build/Debug/.obj/UserCode/Chassis/StateMachine/Chassis_StateMachine.o
 .debug_aranges
                0x00001480       0x50 ./build/Debug/.obj/UserCode/Lib/Calculate/wtr_calculate.o
 .debug_aranges
                0x000014d0       0x30 ./build/Debug/.obj/UserCode/Lib/Can/wtr_can.o
 .debug_aranges
                0x00001500       0x20 ./build/Debug/.obj/UserCode/Lib/Decode/wtr_uart.o
 .debug_aranges
                0x00001520       0x48 ./build/Debug/.obj/UserCode/Lib/Dji/wtr_dji.o
 .debug_aranges
                0x00001568       0x28 ./build/Debug/.obj/startup_stm32f427xx.o

.debug_ranges   0x00000000     0x1608
 .debug_ranges  0x00000000       0x20 ./build/Debug/.obj/Core/Src/can.o
 .debug_ranges  0x00000020       0x10 ./build/Debug/.obj/Core/Src/dma.o
 .debug_ranges  0x00000030       0x20 ./build/Debug/.obj/Core/Src/freertos.o
 .debug_ranges  0x00000050       0x10 ./build/Debug/.obj/Core/Src/gpio.o
 .debug_ranges  0x00000060       0x28 ./build/Debug/.obj/Core/Src/main.o
 .debug_ranges  0x00000088       0x10 ./build/Debug/.obj/Core/Src/stm32f4xx_hal_msp.o
 .debug_ranges  0x00000098       0x20 ./build/Debug/.obj/Core/Src/stm32f4xx_hal_timebase_tim.o
 .debug_ranges  0x000000b8       0x58 ./build/Debug/.obj/Core/Src/stm32f4xx_it.o
 .debug_ranges  0x00000110       0x18 ./build/Debug/.obj/Core/Src/system_stm32f4xx.o
 .debug_ranges  0x00000128       0x20 ./build/Debug/.obj/Core/Src/usart.o
 .debug_ranges  0x00000148       0xf0 ./build/Debug/.obj/Drivers/STM32F4xx_HAL_Driver/Src/stm32f4xx_hal.o
 .debug_ranges  0x00000238      0x128 ./build/Debug/.obj/Drivers/STM32F4xx_HAL_Driver/Src/stm32f4xx_hal_can.o
 .debug_ranges  0x00000360       0xf8 ./build/Debug/.obj/Drivers/STM32F4xx_HAL_Driver/Src/stm32f4xx_hal_cortex.o
 .debug_ranges  0x00000458       0x80 ./build/Debug/.obj/Drivers/STM32F4xx_HAL_Driver/Src/stm32f4xx_hal_dma.o
 .debug_ranges  0x000004d8       0x48 ./build/Debug/.obj/Drivers/STM32F4xx_HAL_Driver/Src/stm32f4xx_hal_gpio.o
 .debug_ranges  0x00000520       0x50 ./build/Debug/.obj/Drivers/STM32F4xx_HAL_Driver/Src/stm32f4xx_hal_pwr_ex.o
 .debug_ranges  0x00000570       0x90 ./build/Debug/.obj/Drivers/STM32F4xx_HAL_Driver/Src/stm32f4xx_hal_rcc.o
 .debug_ranges  0x00000600      0x3c0 ./build/Debug/.obj/Drivers/STM32F4xx_HAL_Driver/Src/stm32f4xx_hal_tim.o
 .debug_ranges  0x000009c0      0x158 ./build/Debug/.obj/Drivers/STM32F4xx_HAL_Driver/Src/stm32f4xx_hal_tim_ex.o
 .debug_ranges  0x00000b18      0x208 ./build/Debug/.obj/Drivers/STM32F4xx_HAL_Driver/Src/stm32f4xx_hal_uart.o
 .debug_ranges  0x00000d20      0x1c8 ./build/Debug/.obj/Middlewares/Third_Party/FreeRTOS/Source/CMSIS_RTOS/cmsis_os.o
 .debug_ranges  0x00000ee8       0x30 ./build/Debug/.obj/Middlewares/Third_Party/FreeRTOS/Source/list.o
 .debug_ranges  0x00000f18       0x88 ./build/Debug/.obj/Middlewares/Third_Party/FreeRTOS/Source/portable/GCC/ARM_CM4F/port.o
 .debug_ranges  0x00000fa0       0x48 ./build/Debug/.obj/Middlewares/Third_Party/FreeRTOS/Source/portable/MemMang/heap_4.o
 .debug_ranges  0x00000fe8      0x1e8 ./build/Debug/.obj/Middlewares/Third_Party/FreeRTOS/Source/queue.o
 .debug_ranges  0x000011d0      0x2a0 ./build/Debug/.obj/Middlewares/Third_Party/FreeRTOS/Source/tasks.o
 .debug_ranges  0x00001470       0x10 ./build/Debug/.obj/UserCode/Chassis/Callback/Chassis_Callback.o
 .debug_ranges  0x00001480       0x10 ./build/Debug/.obj/UserCode/Chassis/RemoteCtl/Chassis_RemoteCtl.o
 .debug_ranges  0x00001490       0x78 ./build/Debug/.obj/UserCode/Chassis/Servo/Chassis_Servo.o
 .debug_ranges  0x00001508       0x10 ./build/Debug/.obj/UserCode/Chassis/Start/Chassis_Start.o
 .debug_ranges  0x00001518       0x28 ./build/Debug/.obj/UserCode/Chassis/StateMachine/Chassis_StateMachine.o
 .debug_ranges  0x00001540       0x40 ./build/Debug/.obj/UserCode/Lib/Calculate/wtr_calculate.o
 .debug_ranges  0x00001580       0x20 ./build/Debug/.obj/UserCode/Lib/Can/wtr_can.o
 .debug_ranges  0x000015a0       0x10 ./build/Debug/.obj/UserCode/Lib/Decode/wtr_uart.o
 .debug_ranges  0x000015b0       0x38 ./build/Debug/.obj/UserCode/Lib/Dji/wtr_dji.o
 .debug_ranges  0x000015e8       0x20 ./build/Debug/.obj/startup_stm32f427xx.o

.debug_line     0x00000000    0x18e11
 .debug_line    0x00000000      0x2e7 ./build/Debug/.obj/Core/Src/can.o
 .debug_line    0x000002e7      0x171 ./build/Debug/.obj/Core/Src/dma.o
 .debug_line    0x00000458      0x22f ./build/Debug/.obj/Core/Src/freertos.o
 .debug_line    0x00000687      0x213 ./build/Debug/.obj/Core/Src/gpio.o
 .debug_line    0x0000089a      0x3ce ./build/Debug/.obj/Core/Src/main.o
 .debug_line    0x00000c68      0x185 ./build/Debug/.obj/Core/Src/stm32f4xx_hal_msp.o
 .debug_line    0x00000ded      0x2d9 ./build/Debug/.obj/Core/Src/stm32f4xx_hal_timebase_tim.o
 .debug_line    0x000010c6      0x2f4 ./build/Debug/.obj/Core/Src/stm32f4xx_it.o
 .debug_line    0x000013ba      0x23e ./build/Debug/.obj/Core/Src/system_stm32f4xx.o
 .debug_line    0x000015f8      0x318 ./build/Debug/.obj/Core/Src/usart.o
 .debug_line    0x00001910      0x58b ./build/Debug/.obj/Drivers/STM32F4xx_HAL_Driver/Src/stm32f4xx_hal.o
 .debug_line    0x00001e9b     0x10cb ./build/Debug/.obj/Drivers/STM32F4xx_HAL_Driver/Src/stm32f4xx_hal_can.o
 .debug_line    0x00002f66      0x766 ./build/Debug/.obj/Drivers/STM32F4xx_HAL_Driver/Src/stm32f4xx_hal_cortex.o
 .debug_line    0x000036cc      0xe13 ./build/Debug/.obj/Drivers/STM32F4xx_HAL_Driver/Src/stm32f4xx_hal_dma.o
 .debug_line    0x000044df      0x6e4 ./build/Debug/.obj/Drivers/STM32F4xx_HAL_Driver/Src/stm32f4xx_hal_gpio.o
 .debug_line    0x00004bc3      0x4a0 ./build/Debug/.obj/Drivers/STM32F4xx_HAL_Driver/Src/stm32f4xx_hal_pwr_ex.o
 .debug_line    0x00005063      0xafd ./build/Debug/.obj/Drivers/STM32F4xx_HAL_Driver/Src/stm32f4xx_hal_rcc.o
 .debug_line    0x00005b60     0x4a90 ./build/Debug/.obj/Drivers/STM32F4xx_HAL_Driver/Src/stm32f4xx_hal_tim.o
 .debug_line    0x0000a5f0     0x1cb4 ./build/Debug/.obj/Drivers/STM32F4xx_HAL_Driver/Src/stm32f4xx_hal_tim_ex.o
 .debug_line    0x0000c2a4     0x45dc ./build/Debug/.obj/Drivers/STM32F4xx_HAL_Driver/Src/stm32f4xx_hal_uart.o
 .debug_line    0x00010880     0x11f1 ./build/Debug/.obj/Middlewares/Third_Party/FreeRTOS/Source/CMSIS_RTOS/cmsis_os.o
 .debug_line    0x00011a71      0x347 ./build/Debug/.obj/Middlewares/Third_Party/FreeRTOS/Source/list.o
 .debug_line    0x00011db8      0x736 ./build/Debug/.obj/Middlewares/Third_Party/FreeRTOS/Source/portable/GCC/ARM_CM4F/port.o
 .debug_line    0x000124ee      0x716 ./build/Debug/.obj/Middlewares/Third_Party/FreeRTOS/Source/portable/MemMang/heap_4.o
 .debug_line    0x00012c04     0x1ecc ./build/Debug/.obj/Middlewares/Third_Party/FreeRTOS/Source/queue.o
 .debug_line    0x00014ad0     0x264c ./build/Debug/.obj/Middlewares/Third_Party/FreeRTOS/Source/tasks.o
 .debug_line    0x0001711c      0x1fe ./build/Debug/.obj/UserCode/Chassis/Callback/Chassis_Callback.o
 .debug_line    0x0001731a      0x1ed ./build/Debug/.obj/UserCode/Chassis/RemoteCtl/Chassis_RemoteCtl.o
 .debug_line    0x00017507      0x6c7 ./build/Debug/.obj/UserCode/Chassis/Servo/Chassis_Servo.o
 .debug_line    0x00017bce      0x109 ./build/Debug/.obj/UserCode/Chassis/Start/Chassis_Start.o
 .debug_line    0x00017cd7      0x354 ./build/Debug/.obj/UserCode/Chassis/StateMachine/Chassis_StateMachine.o
 .debug_line    0x0001802b      0x3cc ./build/Debug/.obj/UserCode/Lib/Calculate/wtr_calculate.o
 .debug_line    0x000183f7      0x2b7 ./build/Debug/.obj/UserCode/Lib/Can/wtr_can.o
 .debug_line    0x000186ae      0x181 ./build/Debug/.obj/UserCode/Lib/Decode/wtr_uart.o
 .debug_line    0x0001882f      0x56a ./build/Debug/.obj/UserCode/Lib/Dji/wtr_dji.o
 .debug_line    0x00018d99       0x78 ./build/Debug/.obj/startup_stm32f427xx.o

.debug_str      0x00000000     0x6f4a
 .debug_str     0x00000000      0xb0f ./build/Debug/.obj/Core/Src/can.o
                                0xb93 (size before relaxing)
 .debug_str     0x00000b0f       0x1d ./build/Debug/.obj/Core/Src/dma.o
                                0x801 (size before relaxing)
 .debug_str     0x00000b2c      0x2dd ./build/Debug/.obj/Core/Src/freertos.o
                                0x4a1 (size before relaxing)
 .debug_str     0x00000e09       0x4d ./build/Debug/.obj/Core/Src/gpio.o
                                0x8c0 (size before relaxing)
 .debug_str     0x00000e56      0x6a0 ./build/Debug/.obj/Core/Src/main.o
                                0xa28 (size before relaxing)
 .debug_str     0x000014f6       0x2b ./build/Debug/.obj/Core/Src/stm32f4xx_hal_msp.o
                                0x7fc (size before relaxing)
 .debug_str     0x00001521      0x118 ./build/Debug/.obj/Core/Src/stm32f4xx_hal_timebase_tim.o
                                0xea0 (size before relaxing)
 .debug_str     0x00001639      0x12d ./build/Debug/.obj/Core/Src/stm32f4xx_it.o
                                0xa46 (size before relaxing)
 .debug_str     0x00001766       0xda ./build/Debug/.obj/Core/Src/system_stm32f4xx.o
                                0x366 (size before relaxing)
 .debug_str     0x00001840      0x235 ./build/Debug/.obj/Core/Src/usart.o
                                0x818 (size before relaxing)
 .debug_str     0x00001a75      0x336 ./build/Debug/.obj/Drivers/STM32F4xx_HAL_Driver/Src/stm32f4xx_hal.o
                                0xbd3 (size before relaxing)
 .debug_str     0x00001dab      0x550 ./build/Debug/.obj/Drivers/STM32F4xx_HAL_Driver/Src/stm32f4xx_hal_can.o
                                0xa29 (size before relaxing)
 .debug_str     0x000022fb      0x426 ./build/Debug/.obj/Drivers/STM32F4xx_HAL_Driver/Src/stm32f4xx_hal_cortex.o
                                0xc57 (size before relaxing)
 .debug_str     0x00002721      0x2cc ./build/Debug/.obj/Drivers/STM32F4xx_HAL_Driver/Src/stm32f4xx_hal_dma.o
                                0x754 (size before relaxing)
 .debug_str     0x000029ed      0x10e ./build/Debug/.obj/Drivers/STM32F4xx_HAL_Driver/Src/stm32f4xx_hal_gpio.o
                                0x4d1 (size before relaxing)
 .debug_str     0x00002afb      0x13d ./build/Debug/.obj/Drivers/STM32F4xx_HAL_Driver/Src/stm32f4xx_hal_pwr_ex.o
                                0x4bc (size before relaxing)
 .debug_str     0x00002c38      0x16d ./build/Debug/.obj/Drivers/STM32F4xx_HAL_Driver/Src/stm32f4xx_hal_rcc.o
                                0x6f7 (size before relaxing)
 .debug_str     0x00002da5      0xea6 ./build/Debug/.obj/Drivers/STM32F4xx_HAL_Driver/Src/stm32f4xx_hal_tim.o
                               0x1697 (size before relaxing)
 .debug_str     0x00003c4b      0x593 ./build/Debug/.obj/Drivers/STM32F4xx_HAL_Driver/Src/stm32f4xx_hal_tim_ex.o
                                0xe98 (size before relaxing)
 .debug_str     0x000041de      0x5fb ./build/Debug/.obj/Drivers/STM32F4xx_HAL_Driver/Src/stm32f4xx_hal_uart.o
                                0xd37 (size before relaxing)
 .debug_str     0x000047d9      0xc1f ./build/Debug/.obj/Middlewares/Third_Party/FreeRTOS/Source/CMSIS_RTOS/cmsis_os.o
                               0x10b4 (size before relaxing)