Archive member included to satisfy reference by file (symbol)

d:/gnu arm embedded toolchain/10 2021.10/bin/../lib/gcc/arm-none-eabi/10.3.1/thumb/v7e-m+fp/hard\libgcc.a(_arm_addsubdf3.o)
                              ./build/Debug/.obj/Core/Src/main.o (__aeabi_dadd)
d:/gnu arm embedded toolchain/10 2021.10/bin/../lib/gcc/arm-none-eabi/10.3.1/thumb/v7e-m+fp/hard\libgcc.a(_aeabi_uldivmod.o)
                              ./build/Debug/.obj/Drivers/STM32F4xx_HAL_Driver/Src/stm32f4xx_hal_rcc.o (__aeabi_uldivmod)
d:/gnu arm embedded toolchain/10 2021.10/bin/../lib/gcc/arm-none-eabi/10.3.1/thumb/v7e-m+fp/hard\libgcc.a(_udivmoddi4.o)
                              d:/gnu arm embedded toolchain/10 2021.10/bin/../lib/gcc/arm-none-eabi/10.3.1/thumb/v7e-m+fp/hard\libgcc.a(_aeabi_uldivmod.o) (__udivmoddi4)
d:/gnu arm embedded toolchain/10 2021.10/bin/../lib/gcc/arm-none-eabi/10.3.1/thumb/v7e-m+fp/hard\libgcc.a(_dvmd_tls.o)
                              d:/gnu arm embedded toolchain/10 2021.10/bin/../lib/gcc/arm-none-eabi/10.3.1/thumb/v7e-m+fp/hard\libgcc.a(_aeabi_uldivmod.o) (__aeabi_ldiv0)
d:/gnu arm embedded toolchain/10 2021.10/bin/../lib/gcc/arm-none-eabi/10.3.1/../../../../arm-none-eabi/lib/thumb/v7e-m+fp/hard\libc_nano.a(lib_a-exit.o)
                              d:/gnu arm embedded toolchain/10 2021.10/bin/../lib/gcc/arm-none-eabi/10.3.1/../../../../arm-none-eabi/lib/thumb/v7e-m+fp/hard/crt0.o (exit)
d:/gnu arm embedded toolchain/10 2021.10/bin/../lib/gcc/arm-none-eabi/10.3.1/../../../../arm-none-eabi/lib/thumb/v7e-m+fp/hard\libc_nano.a(lib_a-impure.o)
                              d:/gnu arm embedded toolchain/10 2021.10/bin/../lib/gcc/arm-none-eabi/10.3.1/../../../../arm-none-eabi/lib/thumb/v7e-m+fp/hard\libc_nano.a(lib_a-exit.o) (_global_impure_ptr)
d:/gnu arm embedded toolchain/10 2021.10/bin/../lib/gcc/arm-none-eabi/10.3.1/../../../../arm-none-eabi/lib/thumb/v7e-m+fp/hard\libc_nano.a(lib_a-init.o)
                              d:/gnu arm embedded toolchain/10 2021.10/bin/../lib/gcc/arm-none-eabi/10.3.1/../../../../arm-none-eabi/lib/thumb/v7e-m+fp/hard/crt0.o (__libc_init_array)
d:/gnu arm embedded toolchain/10 2021.10/bin/../lib/gcc/arm-none-eabi/10.3.1/../../../../arm-none-eabi/lib/thumb/v7e-m+fp/hard\libc_nano.a(lib_a-memcmp.o)
                              ./build/Debug/.obj/Core/Src/main.o (memcmp)
d:/gnu arm embedded toolchain/10 2021.10/bin/../lib/gcc/arm-none-eabi/10.3.1/../../../../arm-none-eabi/lib/thumb/v7e-m+fp/hard\libc_nano.a(lib_a-memcpy-stub.o)
                              ./build/Debug/.obj/Core/Src/main.o (memcpy)
d:/gnu arm embedded toolchain/10 2021.10/bin/../lib/gcc/arm-none-eabi/10.3.1/../../../../arm-none-eabi/lib/thumb/v7e-m+fp/hard\libc_nano.a(lib_a-memset.o)
                              d:/gnu arm embedded toolchain/10 2021.10/bin/../lib/gcc/arm-none-eabi/10.3.1/../../../../arm-none-eabi/lib/thumb/v7e-m+fp/hard/crt0.o (memset)
d:/gnu arm embedded toolchain/10 2021.10/bin/../lib/gcc/arm-none-eabi/10.3.1/../../../../arm-none-eabi/lib/thumb/v7e-m+fp/hard\libnosys.a(_exit.o)
                              d:/gnu arm embedded toolchain/10 2021.10/bin/../lib/gcc/arm-none-eabi/10.3.1/../../../../arm-none-eabi/lib/thumb/v7e-m+fp/hard\libc_nano.a(lib_a-exit.o) (_exit)

Discarded input sections

 .text          0x00000000        0x0 d:/gnu arm embedded toolchain/10 2021.10/bin/../lib/gcc/arm-none-eabi/10.3.1/thumb/v7e-m+fp/hard/crti.o
 .data          0x00000000        0x0 d:/gnu arm embedded toolchain/10 2021.10/bin/../lib/gcc/arm-none-eabi/10.3.1/thumb/v7e-m+fp/hard/crti.o
 .bss           0x00000000        0x0 d:/gnu arm embedded toolchain/10 2021.10/bin/../lib/gcc/arm-none-eabi/10.3.1/thumb/v7e-m+fp/hard/crti.o
 .data          0x00000000        0x4 d:/gnu arm embedded toolchain/10 2021.10/bin/../lib/gcc/arm-none-eabi/10.3.1/thumb/v7e-m+fp/hard/crtbegin.o
 .rodata        0x00000000       0x24 d:/gnu arm embedded toolchain/10 2021.10/bin/../lib/gcc/arm-none-eabi/10.3.1/thumb/v7e-m+fp/hard/crtbegin.o
 .text          0x00000000       0x7c d:/gnu arm embedded toolchain/10 2021.10/bin/../lib/gcc/arm-none-eabi/10.3.1/../../../../arm-none-eabi/lib/thumb/v7e-m+fp/hard/crt0.o
 .data          0x00000000        0x0 d:/gnu arm embedded toolchain/10 2021.10/bin/../lib/gcc/arm-none-eabi/10.3.1/../../../../arm-none-eabi/lib/thumb/v7e-m+fp/hard/crt0.o
 .bss           0x00000000        0x0 d:/gnu arm embedded toolchain/10 2021.10/bin/../lib/gcc/arm-none-eabi/10.3.1/../../../../arm-none-eabi/lib/thumb/v7e-m+fp/hard/crt0.o
 .ARM.extab     0x00000000        0x0 d:/gnu arm embedded toolchain/10 2021.10/bin/../lib/gcc/arm-none-eabi/10.3.1/../../../../arm-none-eabi/lib/thumb/v7e-m+fp/hard/crt0.o
 .ARM.exidx     0x00000000       0x10 d:/gnu arm embedded toolchain/10 2021.10/bin/../lib/gcc/arm-none-eabi/10.3.1/../../../../arm-none-eabi/lib/thumb/v7e-m+fp/hard/crt0.o
 .ARM.attributes
[...]
Memory Configuration

Name             Origin             Length             Attributes
RAM              0x20000000         0x00030000         xrw
CCMRAM           0x10000000         0x00010000         xrw
FLASH            0x08000000         0x00200000         xr
*default*        0x00000000         0xffffffff

Linker script and memory map

LOAD d:/gnu arm embedded toolchain/10 2021.10/bin/../lib/gcc/arm-none-eabi/10.3.1/thumb/v7e-m+fp/hard/crti.o
LOAD d:/gnu arm embedded toolchain/10 2021.10/bin/../lib/gcc/arm-none-eabi/10.3.1/thumb/v7e-m+fp/hard/crtbegin.o
LOAD d:/gnu arm embedded toolchain/10 2021.10/bin/../lib/gcc/arm-none-eabi/10.3.1/../../../../arm-none-eabi/lib/thumb/v7e-m+fp/hard/crt0.o
LOAD ./build/Debug/.obj/Core/Src/gpio.o
LOAD ./build/Debug/.obj/Core/Src/main.o
LOAD ./build/Debug/.obj/Core/Src/stm32f4xx_hal_msp.o
LOAD ./build/Debug/.obj/Core/Src/stm32f4xx_it.o
LOAD ./build/Debug/.obj/Core/Src/system_stm32f4xx.o
LOAD ./build/Debug/.obj/Core/Src/usart.o
LOAD ./build/Debug/.obj/Drivers/STM32F4xx_HAL_Driver/Src/stm32f4xx_hal.o
LOAD ./build/Debug/.obj/Drivers/STM32F4xx_HAL_Driver/Src/stm32f4xx_hal_cortex.o
LOAD ./build/Debug/.obj/Drivers/STM32F4xx_HAL_Driver/Src/stm32f4xx_hal_dma.o
LOAD ./build/Debug/.obj/Drivers/STM32F4xx_HAL_Driver/Src/stm32f4xx_hal_dma_ex.o
LOAD ./build/Debug/.obj/Drivers/STM32F4xx_HAL_Driver/Src/stm32f4xx_hal_exti.o
LOAD ./build/Debug/.obj/Drivers/STM32F4xx_HAL_Driver/Src/stm32f4xx_hal_flash.o
LOAD ./build/Debug/.obj/Drivers/STM32F4xx_HAL_Driver/Src/stm32f4xx_hal_flash_ex.o
LOAD ./build/Debug/.obj/Drivers/STM32F4xx_HAL_Driver/Src/stm32f4xx_hal_flash_ramfunc.o
LOAD ./build/Debug/.obj/Drivers/STM32F4xx_HAL_Driver/Src/stm32f4xx_hal_gpio.o
LOAD ./build/Debug/.obj/Drivers/STM32F4xx_HAL_Driver/Src/stm32f4xx_hal_pwr.o
LOAD ./build/Debug/.obj/Drivers/STM32F4xx_HAL_Driver/Src/stm32f4xx_hal_pwr_ex.o
LOAD ./build/Debug/.obj/Drivers/STM32F4xx_HAL_Driver/Src/stm32f4xx_hal_rcc.o
LOAD ./build/Debug/.obj/Drivers/STM32F4xx_HAL_Driver/Src/stm32f4xx_hal_rcc_ex.o
LOAD ./build/Debug/.obj/Drivers/STM32F4xx_HAL_Driver/Src/stm32f4xx_hal_tim.o
LOAD ./build/Debug/.obj/Drivers/STM32F4xx_HAL_Driver/Src/stm32f4xx_hal_tim_ex.o
LOAD ./build/Debug/.obj/Drivers/STM32F4xx_HAL_Driver/Src/stm32f4xx_hal_uart.o
LOAD ./build/Debug/.obj/UC/wtr_mavlink.o
LOAD ./build/Debug/.obj/startup_stm32f427xx.o
LOAD d:/gnu arm embedded toolchain/10 2021.10/bin/../lib/gcc/arm-none-eabi/10.3.1/../../../../arm-none-eabi/lib/thumb/v7e-m+fp/hard\libm.a
START GROUP
LOAD d:/gnu arm embedded toolchain/10 2021.10/bin/../lib/gcc/arm-none-eabi/10.3.1/thumb/v7e-m+fp/hard\libgcc.a
LOAD d:/gnu arm embedded toolchain/10 2021.10/bin/../lib/gcc/arm-none-eabi/10.3.1/../../../../arm-none-eabi/lib/thumb/v7e-m+fp/hard\libc_nano.a
END GROUP
START GROUP
LOAD d:/gnu arm embedded toolchain/10 2021.10/bin/../lib/gcc/arm-none-eabi/10.3.1/thumb/v7e-m+fp/hard\libgcc.a
LOAD d:/gnu arm embedded toolchain/10 2021.10/bin/../lib/gcc/arm-none-eabi/10.3.1/../../../../arm-none-eabi/lib/thumb/v7e-m+fp/hard\libc_nano.a
LOAD d:/gnu arm embedded toolchain/10 2021.10/bin/../lib/gcc/arm-none-eabi/10.3.1/../../../../arm-none-eabi/lib/thumb/v7e-m+fp/hard\libnosys.a
END GROUP
START GROUP
LOAD d:/gnu arm embedded toolchain/10 2021.10/bin/../lib/gcc/arm-none-eabi/10.3.1/thumb/v7e-m+fp/hard\libgcc.a
LOAD d:/gnu arm embedded toolchain/10 2021.10/bin/../lib/gcc/arm-none-eabi/10.3.1/../../../../arm-none-eabi/lib/thumb/v7e-m+fp/hard\libc_nano.a
LOAD d:/gnu arm embedded toolchain/10 2021.10/bin/../lib/gcc/arm-none-eabi/10.3.1/../../../../arm-none-eabi/lib/thumb/v7e-m+fp/hard\libnosys.a
END GROUP
LOAD d:/gnu arm embedded toolchain/10 2021.10/bin/../lib/gcc/arm-none-eabi/10.3.1/thumb/v7e-m+fp/hard/crtend.o
LOAD d:/gnu arm embedded toolchain/10 2021.10/bin/../lib/gcc/arm-none-eabi/10.3.1/thumb/v7e-m+fp/hard/crtn.o
                0x20030000                _estack = (ORIGIN (RAM) + LENGTH (RAM))
                0x00000200                _Min_Heap_Size = 0x200
                0x00000400                _Min_Stack_Size = 0x400

.isr_vector     0x08000000      0x1ac
                0x08000000                . = ALIGN (0x4)
 *(.isr_vector)
 .isr_vector    0x08000000      0x1ac ./build/Debug/.obj/startup_stm32f427xx.o
                0x08000000                g_pfnVectors
                0x080001ac                . = ALIGN (0x4)

.text           0x080001ac     0x304c
                0x080001ac                . = ALIGN (0x4)
 *(.text)
 .text          0x080001ac       0x40 d:/gnu arm embedded toolchain/10 2021.10/bin/../lib/gcc/arm-none-eabi/10.3.1/thumb/v7e-m+fp/hard/crtbegin.o
 .text          0x080001ec      0x378 d:/gnu arm embedded toolchain/10 2021.10/bin/../lib/gcc/arm-none-eabi/10.3.1/thumb/v7e-m+fp/hard\libgcc.a(_arm_addsubdf3.o)
                0x080001ec                __aeabi_drsub
                0x080001f4                __aeabi_dsub
                0x080001f4                __subdf3
                0x080001f8                __aeabi_dadd
                0x080001f8                __adddf3
                0x08000470                __floatunsidf
                0x08000470                __aeabi_ui2d
                0x08000490                __floatsidf
                0x08000490                __aeabi_i2d
                0x080004b4                __aeabi_f2d
                0x080004b4                __extendsfdf2
                0x080004f8                __floatundidf
                0x080004f8                __aeabi_ul2d
                0x08000508                __floatdidf
                0x08000508                __aeabi_l2d
 .text          0x08000564       0x30 d:/gnu arm embedded toolchain/10 2021.10/bin/../lib/gcc/arm-none-eabi/10.3.1/thumb/v7e-m+fp/hard\libgcc.a(_aeabi_uldivmod.o)
                0x08000564                __aeabi_uldivmod
 .text          0x08000594      0x2d0 d:/gnu arm embedded toolchain/10 2021.10/bin/../lib/gcc/arm-none-eabi/10.3.1/thumb/v7e-m+fp/hard\libgcc.a(_udivmoddi4.o)
                0x08000594                __udivmoddi4
 .text          0x08000864        0x4 d:/gnu arm embedded toolchain/10 2021.10/bin/../lib/gcc/arm-none-eabi/10.3.1/thumb/v7e-m+fp/hard\libgcc.a(_dvmd_tls.o)
                0x08000864                __aeabi_idiv0
                0x08000864                __aeabi_ldiv0
 *(.text*)
 .text.MX_GPIO_Init
                0x08000868       0x60 ./build/Debug/.obj/Core/Src/gpio.o
                0x08000868                MX_GPIO_Init
 .text.mavlink_sha256_calc
                0x080008c8      0x150 ./build/Debug/.obj/Core/Src/main.o
 .text.mavlink_signature_check
                0x08000a18      0x550 ./build/Debug/.obj/Core/Src/main.o
 .text.mavlink_frame_char_buffer
                0x08000f68      0x458 ./build/Debug/.obj/Core/Src/main.o
 .text.wtrMavlink_MsgRxCpltCallback
                0x080013c0       0x40 ./build/Debug/.obj/Core/Src/main.o
                0x080013c0                wtrMavlink_MsgRxCpltCallback
 .text.HAL_UART_RxCpltCallback
                0x08001400       0xc8 ./build/Debug/.obj/Core/Src/main.o
                0x08001400                HAL_UART_RxCpltCallback
 .text.Error_Handler
                0x080014c8        0x4 ./build/Debug/.obj/Core/Src/main.o
                0x080014c8                Error_Handler
 .text.SystemClock_Config
                0x080014cc       0xb0 ./build/Debug/.obj/Core/Src/main.o
                0x080014cc                SystemClock_Config
 .text.main     0x0800157c      0x6bc ./build/Debug/.obj/Core/Src/main.o
                0x0800157c                main
 .text.HAL_MspInit
                0x08001c38       0x38 ./build/Debug/.obj/Core/Src/stm32f4xx_hal_msp.o
                0x08001c38                HAL_MspInit
 .text.NMI_Handler
                0x08001c70        0x2 ./build/Debug/.obj/Core/Src/stm32f4xx_it.o
                0x08001c70                NMI_Handler
 .text.HardFault_Handler
                0x08001c72        0x2 ./build/Debug/.obj/Core/Src/stm32f4xx_it.o
                0x08001c72                HardFault_Handler
 .text.MemManage_Handler
                0x08001c74        0x2 ./build/Debug/.obj/Core/Src/stm32f4xx_it.o
                0x08001c74                MemManage_Handler
 .text.BusFault_Handler
                0x08001c76        0x2 ./build/Debug/.obj/Core/Src/stm32f4xx_it.o
                0x08001c76                BusFault_Handler
 .text.UsageFault_Handler
                0x08001c78        0x2 ./build/Debug/.obj/Core/Src/stm32f4xx_it.o
                0x08001c78                UsageFault_Handler
 .text.SVC_Handler
                0x08001c7a        0x2 ./build/Debug/.obj/Core/Src/stm32f4xx_it.o
                0x08001c7a                SVC_Handler
 .text.DebugMon_Handler
                0x08001c7c        0x2 ./build/Debug/.obj/Core/Src/stm32f4xx_it.o
                0x08001c7c                DebugMon_Handler
 .text.PendSV_Handler
                0x08001c7e        0x2 ./build/Debug/.obj/Core/Src/stm32f4xx_it.o
                0x08001c7e                PendSV_Handler
 .text.SysTick_Handler
                0x08001c80        0x8 ./build/Debug/.obj/Core/Src/stm32f4xx_it.o
                0x08001c80                SysTick_Handler
 .text.UART4_IRQHandler
                0x08001c88       0x10 ./build/Debug/.obj/Core/Src/stm32f4xx_it.o
                0x08001c88                UART4_IRQHandler
 .text.UART5_IRQHandler
                0x08001c98       0x10 ./build/Debug/.obj/Core/Src/stm32f4xx_it.o
                0x08001c98                UART5_IRQHandler
 .text.SystemInit
                0x08001ca8       0x14 ./build/Debug/.obj/Core/Src/system_stm32f4xx.o
                0x08001ca8                SystemInit
 .text.MX_UART4_Init
                0x08001cbc       0x34 ./build/Debug/.obj/Core/Src/usart.o
                0x08001cbc                MX_UART4_Init
 .text.MX_UART5_Init
                0x08001cf0       0x34 ./build/Debug/.obj/Core/Src/usart.o
                0x08001cf0                MX_UART5_Init
 .text.HAL_UART_MspInit
                0x08001d24      0x110 ./build/Debug/.obj/Core/Src/usart.o
                0x08001d24                HAL_UART_MspInit
 .text.HAL_InitTick
                0x08001e34       0x4c ./build/Debug/.obj/Drivers/STM32F4xx_HAL_Driver/Src/stm32f4xx_hal.o
                0x08001e34                HAL_InitTick
 .text.HAL_Init
                0x08001e80       0x34 ./build/Debug/.obj/Drivers/STM32F4xx_HAL_Driver/Src/stm32f4xx_hal.o
                0x08001e80                HAL_Init
 .text.HAL_IncTick
                0x08001eb4       0x18 ./build/Debug/.obj/Drivers/STM32F4xx_HAL_Driver/Src/stm32f4xx_hal.o
                0x08001eb4                HAL_IncTick
 .text.HAL_GetTick
                0x08001ecc        0xc ./build/Debug/.obj/Drivers/STM32F4xx_HAL_Driver/Src/stm32f4xx_hal.o
                0x08001ecc                HAL_GetTick
 .text.HAL_Delay
                0x08001ed8       0x28 ./build/Debug/.obj/Drivers/STM32F4xx_HAL_Driver/Src/stm32f4xx_hal.o
                0x08001ed8                HAL_Delay
 .text.HAL_NVIC_SetPriorityGrouping
                0x08001f00       0x24 ./build/Debug/.obj/Drivers/STM32F4xx_HAL_Driver/Src/stm32f4xx_hal_cortex.o
                0x08001f00                HAL_NVIC_SetPriorityGrouping
 .text.HAL_NVIC_SetPriority
                0x08001f24       0x70 ./build/Debug/.obj/Drivers/STM32F4xx_HAL_Driver/Src/stm32f4xx_hal_cortex.o
                0x08001f24                HAL_NVIC_SetPriority
 .text.HAL_NVIC_EnableIRQ
                0x08001f94       0x1c ./build/Debug/.obj/Drivers/STM32F4xx_HAL_Driver/Src/stm32f4xx_hal_cortex.o
                0x08001f94                HAL_NVIC_EnableIRQ
 .text.HAL_SYSTICK_Config
                0x08001fb0       0x28 ./build/Debug/.obj/Drivers/STM32F4xx_HAL_Driver/Src/stm32f4xx_hal_cortex.o
                0x08001fb0                HAL_SYSTICK_Config
 .text.HAL_DMA_Abort
                0x08001fd8       0x94 ./build/Debug/.obj/Drivers/STM32F4xx_HAL_Driver/Src/stm32f4xx_hal_dma.o
                0x08001fd8                HAL_DMA_Abort
 .text.HAL_DMA_Abort_IT
                0x0800206c       0x26 ./build/Debug/.obj/Drivers/STM32F4xx_HAL_Driver/Src/stm32f4xx_hal_dma.o
                0x0800206c                HAL_DMA_Abort_IT
 *fill*         0x08002092        0x2 
 .text.HAL_GPIO_Init
                0x08002094      0x1fc ./build/Debug/.obj/Drivers/STM32F4xx_HAL_Driver/Src/stm32f4xx_hal_gpio.o
                0x08002094                HAL_GPIO_Init
 .text.HAL_PWREx_EnableOverDrive
                0x08002290       0x7c ./build/Debug/.obj/Drivers/STM32F4xx_HAL_Driver/Src/stm32f4xx_hal_pwr_ex.o
                0x08002290                HAL_PWREx_EnableOverDrive
 .text.HAL_RCC_OscConfig
                0x0800230c      0x3f8 ./build/Debug/.obj/Drivers/STM32F4xx_HAL_Driver/Src/stm32f4xx_hal_rcc.o
                0x0800230c                HAL_RCC_OscConfig
 .text.HAL_RCC_GetSysClockFreq
                0x08002704       0xa4 ./build/Debug/.obj/Drivers/STM32F4xx_HAL_Driver/Src/stm32f4xx_hal_rcc.o
                0x08002704                HAL_RCC_GetSysClockFreq
 .text.HAL_RCC_ClockConfig
                0x080027a8      0x160 ./build/Debug/.obj/Drivers/STM32F4xx_HAL_Driver/Src/stm32f4xx_hal_rcc.o
                0x080027a8                HAL_RCC_ClockConfig
 .text.HAL_RCC_GetHCLKFreq
                0x08002908        0xc ./build/Debug/.obj/Drivers/STM32F4xx_HAL_Driver/Src/stm32f4xx_hal_rcc.o
                0x08002908                HAL_RCC_GetHCLKFreq
 .text.HAL_RCC_GetPCLK1Freq
                0x08002914       0x20 ./build/Debug/.obj/Drivers/STM32F4xx_HAL_Driver/Src/stm32f4xx_hal_rcc.o
                0x08002914                HAL_RCC_GetPCLK1Freq
 .text.HAL_RCC_GetPCLK2Freq
                0x08002934       0x20 ./build/Debug/.obj/Drivers/STM32F4xx_HAL_Driver/Src/stm32f4xx_hal_rcc.o
                0x08002934                HAL_RCC_GetPCLK2Freq
 .text.UART_EndRxTransfer
                0x08002954       0x5c ./build/Debug/.obj/Drivers/STM32F4xx_HAL_Driver/Src/stm32f4xx_hal_uart.o
 .text.UART_Transmit_IT
                0x080029b0       0x60 ./build/Debug/.obj/Drivers/STM32F4xx_HAL_Driver/Src/stm32f4xx_hal_uart.o
 .text.UART_SetConfig
                0x08002a10      0x110 ./build/Debug/.obj/Drivers/STM32F4xx_HAL_Driver/Src/stm32f4xx_hal_uart.o
 .text.UART_WaitOnFlagUntilTimeout
                0x08002b20       0x88 ./build/Debug/.obj/Drivers/STM32F4xx_HAL_Driver/Src/stm32f4xx_hal_uart.o
 .text.HAL_UART_Init
                0x08002ba8       0x5e ./build/Debug/.obj/Drivers/STM32F4xx_HAL_Driver/Src/stm32f4xx_hal_uart.o
                0x08002ba8                HAL_UART_Init
 .text.HAL_UART_Transmit
                0x08002c06       0xd8 ./build/Debug/.obj/Drivers/STM32F4xx_HAL_Driver/Src/stm32f4xx_hal_uart.o
                0x08002c06                HAL_UART_Transmit
 .text.HAL_UART_TxCpltCallback
                0x08002cde        0x2 ./build/Debug/.obj/Drivers/STM32F4xx_HAL_Driver/Src/stm32f4xx_hal_uart.o
                0x08002cde                HAL_UART_TxCpltCallback
 .text.UART_EndTransmit_IT
                0x08002ce0       0x1a ./build/Debug/.obj/Drivers/STM32F4xx_HAL_Driver/Src/stm32f4xx_hal_uart.o
 .text.HAL_UART_ErrorCallback
                0x08002cfa        0x2 ./build/Debug/.obj/Drivers/STM32F4xx_HAL_Driver/Src/stm32f4xx_hal_uart.o
                0x08002cfa                HAL_UART_ErrorCallback
 .text.UART_DMAAbortOnError
                0x08002cfc       0x10 ./build/Debug/.obj/Drivers/STM32F4xx_HAL_Driver/Src/stm32f4xx_hal_uart.o
 .text.HAL_UARTEx_RxEventCallback
                0x08002d0c        0x2 ./build/Debug/.obj/Drivers/STM32F4xx_HAL_Driver/Src/stm32f4xx_hal_uart.o
                0x08002d0c                HAL_UARTEx_RxEventCallback
 .text.UART_Receive_IT
                0x08002d0e       0xe2 ./build/Debug/.obj/Drivers/STM32F4xx_HAL_Driver/Src/stm32f4xx_hal_uart.o
 .text.HAL_UART_IRQHandler
                0x08002df0      0x280 ./build/Debug/.obj/Drivers/STM32F4xx_HAL_Driver/Src/stm32f4xx_hal_uart.o
                0x08002df0                HAL_UART_IRQHandler
 .text.wtrMavlink_BindChannel
                0x08003070       0x18 ./build/Debug/.obj/UC/wtr_mavlink.o
                0x08003070                wtrMavlink_BindChannel
 .text.wtrMavlink_StartReceiveIT
                0x08003088       0x70 ./build/Debug/.obj/UC/wtr_mavlink.o
                0x08003088                wtrMavlink_StartReceiveIT
 .text.Reset_Handler
                0x080030f8       0x50 ./build/Debug/.obj/startup_stm32f427xx.o
                0x080030f8                Reset_Handler
 .text.Default_Handler
                0x08003148        0x2 ./build/Debug/.obj/startup_stm32f427xx.o
                0x08003148                RTC_Alarm_IRQHandler
                0x08003148                HASH_RNG_IRQHandler
                0x08003148                EXTI2_IRQHandler
                0x08003148                TIM8_CC_IRQHandler
                0x08003148                UART8_IRQHandler
                0x08003148                SPI4_IRQHandler
                0x08003148                TIM1_CC_IRQHandler
                0x08003148                DMA2_Stream5_IRQHandler
                0x08003148                DMA1_Stream5_IRQHandler
                0x08003148                PVD_IRQHandler
                0x08003148                SDIO_IRQHandler
                0x08003148                TAMP_STAMP_IRQHandler
                0x08003148                CAN2_RX1_IRQHandler
                0x08003148                EXTI3_IRQHandler
                0x08003148                TIM8_TRG_COM_TIM14_IRQHandler
                0x08003148                TIM1_UP_TIM10_IRQHandler
                0x08003148                TIM8_UP_TIM13_IRQHandler
                0x08003148                I2C3_ER_IRQHandler
                0x08003148                EXTI0_IRQHandler
                0x08003148                I2C2_EV_IRQHandler
                0x08003148                DMA1_Stream2_IRQHandler
                0x08003148                CAN1_RX0_IRQHandler
                0x08003148                FPU_IRQHandler
                0x08003148                OTG_HS_WKUP_IRQHandler
                0x08003148                CAN2_SCE_IRQHandler
                0x08003148                DMA2_Stream2_IRQHandler
                0x08003148                SPI1_IRQHandler
                0x08003148                TIM6_DAC_IRQHandler
                0x08003148                TIM1_BRK_TIM9_IRQHandler
                0x08003148                DCMI_IRQHandler
                0x08003148                CAN2_RX0_IRQHandler
                0x08003148                DMA2_Stream3_IRQHandler
                0x08003148                USART6_IRQHandler
                0x08003148                USART3_IRQHandler
                0x08003148                CAN1_RX1_IRQHandler
                0x08003148                DMA2_Stream0_IRQHandler
                0x08003148                TIM4_IRQHandler
                0x08003148                I2C1_EV_IRQHandler
                0x08003148                DMA1_Stream6_IRQHandler
                0x08003148                DMA1_Stream1_IRQHandler
                0x08003148                TIM3_IRQHandler
                0x08003148                RCC_IRQHandler
                0x08003148                TIM8_BRK_TIM12_IRQHandler
                0x08003148                Default_Handler
                0x08003148                EXTI15_10_IRQHandler
                0x08003148                ADC_IRQHandler
                0x08003148                DMA1_Stream7_IRQHandler
                0x08003148                SPI5_IRQHandler
                0x08003148                TIM7_IRQHandler
                0x08003148                CAN2_TX_IRQHandler
                0x08003148                TIM5_IRQHandler
                0x08003148                DMA2_Stream7_IRQHandler
                0x08003148                I2C3_EV_IRQHandler
                0x08003148                EXTI9_5_IRQHandler
                0x08003148                RTC_WKUP_IRQHandler
                0x08003148                ETH_WKUP_IRQHandler
                0x08003148                SPI2_IRQHandler
                0x08003148                OTG_HS_EP1_IN_IRQHandler
                0x08003148                DMA1_Stream0_IRQHandler
                0x08003148                CAN1_TX_IRQHandler
                0x08003148                EXTI4_IRQHandler
                0x08003148                ETH_IRQHandler
                0x08003148                OTG_HS_EP1_OUT_IRQHandler
                0x08003148                WWDG_IRQHandler
                0x08003148                SPI6_IRQHandler
                0x08003148                TIM2_IRQHandler
                0x08003148                OTG_FS_WKUP_IRQHandler
                0x08003148                TIM1_TRG_COM_TIM11_IRQHandler
                0x08003148                OTG_HS_IRQHandler
                0x08003148                DMA2D_IRQHandler
                0x08003148                EXTI1_IRQHandler
                0x08003148                UART7_IRQHandler
                0x08003148                USART2_IRQHandler
                0x08003148                I2C2_ER_IRQHandler
                0x08003148                DMA2_Stream1_IRQHandler
                0x08003148                CAN1_SCE_IRQHandler
                0x08003148                FLASH_IRQHandler
                0x08003148                DMA2_Stream4_IRQHandler
                0x08003148                USART1_IRQHandler
                0x08003148                OTG_FS_IRQHandler
                0x08003148                SPI3_IRQHandler
                0x08003148                DMA1_Stream4_IRQHandler
                0x08003148                I2C1_ER_IRQHandler
                0x08003148                FMC_IRQHandler
                0x08003148                DMA2_Stream6_IRQHandler
                0x08003148                SAI1_IRQHandler
                0x08003148                DMA1_Stream3_IRQHandler
 *fill*         0x0800314a        0x2 
 .text.__libc_init_array
                0x0800314c       0x48 d:/gnu arm embedded toolchain/10 2021.10/bin/../lib/gcc/arm-none-eabi/10.3.1/../../../../arm-none-eabi/lib/thumb/v7e-m+fp/hard\libc_nano.a(lib_a-init.o)
                0x0800314c                __libc_init_array
 .text.memcmp   0x08003194       0x20 d:/gnu arm embedded toolchain/10 2021.10/bin/../lib/gcc/arm-none-eabi/10.3.1/../../../../arm-none-eabi/lib/thumb/v7e-m+fp/hard\libc_nano.a(lib_a-memcmp.o)
                0x08003194                memcmp
 .text.memcpy   0x080031b4       0x1c d:/gnu arm embedded toolchain/10 2021.10/bin/../lib/gcc/arm-none-eabi/10.3.1/../../../../arm-none-eabi/lib/thumb/v7e-m+fp/hard\libc_nano.a(lib_a-memcpy-stub.o)
                0x080031b4                memcpy
 .text.memset   0x080031d0       0x10 d:/gnu arm embedded toolchain/10 2021.10/bin/../lib/gcc/arm-none-eabi/10.3.1/../../../../arm-none-eabi/lib/thumb/v7e-m+fp/hard\libc_nano.a(lib_a-memset.o)
                0x080031d0                memset
 *(.glue_7)
 .glue_7        0x080031e0        0x0 linker stubs
 *(.glue_7t)
 .glue_7t       0x080031e0        0x0 linker stubs
 *(.eh_frame)
 .eh_frame      0x080031e0        0x0 d:/gnu arm embedded toolchain/10 2021.10/bin/../lib/gcc/arm-none-eabi/10.3.1/thumb/v7e-m+fp/hard/crtbegin.o
 *(.init)
 .init          0x080031e0        0x4 d:/gnu arm embedded toolchain/10 2021.10/bin/../lib/gcc/arm-none-eabi/10.3.1/thumb/v7e-m+fp/hard/crti.o
                0x080031e0                _init
 .init          0x080031e4        0x8 d:/gnu arm embedded toolchain/10 2021.10/bin/../lib/gcc/arm-none-eabi/10.3.1/thumb/v7e-m+fp/hard/crtn.o
 *(.fini)
 .fini          0x080031ec        0x4 d:/gnu arm embedded toolchain/10 2021.10/bin/../lib/gcc/arm-none-eabi/10.3.1/thumb/v7e-m+fp/hard/crti.o
                0x080031ec                _fini
 .fini          0x080031f0        0x8 d:/gnu arm embedded toolchain/10 2021.10/bin/../lib/gcc/arm-none-eabi/10.3.1/thumb/v7e-m+fp/hard/crtn.o
                0x080031f8                . = ALIGN (0x4)
                0x080031f8                _etext = .

.vfp11_veneer   0x080031f8        0x0
 .vfp11_veneer  0x080031f8        0x0 linker stubs

.v4_bx          0x080031f8        0x0
 .v4_bx         0x080031f8        0x0 linker stubs

.iplt           0x080031f8        0x0
 .iplt          0x080031f8        0x0 d:/gnu arm embedded toolchain/10 2021.10/bin/../lib/gcc/arm-none-eabi/10.3.1/thumb/v7e-m+fp/hard/crtbegin.o

.rodata         0x080031f8      0x124
                0x080031f8                . = ALIGN (0x4)
 *(.rodata)
 *(.rodata*)
 .rodata.mavlink_message_crcs.0
                0x080031f8        0xc ./build/Debug/.obj/Core/Src/main.o
 .rodata.mavlink_sha256_constant_256
                0x08003204      0x100 ./build/Debug/.obj/Core/Src/main.o
 .rodata.AHBPrescTable
                0x08003304       0x10 ./build/Debug/.obj/Core/Src/system_stm32f4xx.o
                0x08003304                AHBPrescTable
 .rodata.APBPrescTable
                0x08003314        0x8 ./build/Debug/.obj/Core/Src/system_stm32f4xx.o
                0x08003314                APBPrescTable
                0x0800331c                . = ALIGN (0x4)

.ARM.extab
 *(.ARM.extab* .gnu.linkonce.armextab.*)

.ARM            0x0800331c        0x8
                0x0800331c                __exidx_start = .
 *(.ARM.exidx*)
 .ARM.exidx     0x0800331c        0x8 d:/gnu arm embedded toolchain/10 2021.10/bin/../lib/gcc/arm-none-eabi/10.3.1/thumb/v7e-m+fp/hard\libgcc.a(_udivmoddi4.o)
                0x08003324                __exidx_end = .

.rel.dyn        0x08003324        0x0
 .rel.iplt      0x08003324        0x0 d:/gnu arm embedded toolchain/10 2021.10/bin/../lib/gcc/arm-none-eabi/10.3.1/thumb/v7e-m+fp/hard/crtbegin.o

.preinit_array  0x08003324        0x0
                0x08003324                PROVIDE (__preinit_array_start = .)
 *(.preinit_array*)
                0x08003324                PROVIDE (__preinit_array_end = .)

.init_array     0x08003324        0x4
                0x08003324                PROVIDE (__init_array_start = .)
 *(SORT_BY_NAME(.init_array.*))
 *(.init_array*)
 .init_array    0x08003324        0x4 d:/gnu arm embedded toolchain/10 2021.10/bin/../lib/gcc/arm-none-eabi/10.3.1/thumb/v7e-m+fp/hard/crtbegin.o
                0x08003328                PROVIDE (__init_array_end = .)

.fini_array     0x08003328        0x4
                [!provide]                PROVIDE (__fini_array_start = .)
 *(SORT_BY_NAME(.fini_array.*))
 *(.fini_array*)
 .fini_array    0x08003328        0x4 d:/gnu arm embedded toolchain/10 2021.10/bin/../lib/gcc/arm-none-eabi/10.3.1/thumb/v7e-m+fp/hard/crtbegin.o
                [!provide]                PROVIDE (__fini_array_end = .)
                0x0800332c                _sidata = LOADADDR (.data)

.data           0x20000000        0xc load address 0x0800332c
                0x20000000                . = ALIGN (0x4)
                0x20000000                _sdata = .
 *(.data)
 *(.data*)
 .data.SystemCoreClock
                0x20000000        0x4 ./build/Debug/.obj/Core/Src/system_stm32f4xx.o
                0x20000000                SystemCoreClock
 .data.uwTickFreq
                0x20000004        0x1 ./build/Debug/.obj/Drivers/STM32F4xx_HAL_Driver/Src/stm32f4xx_hal.o
                0x20000004                uwTickFreq
 *fill*         0x20000005        0x3 
 .data.uwTickPrio
                0x20000008        0x4 ./build/Debug/.obj/Drivers/STM32F4xx_HAL_Driver/Src/stm32f4xx_hal.o
                0x20000008                uwTickPrio
                0x2000000c                . = ALIGN (0x4)
                0x2000000c                _edata = .
                0x08003338                _siccmram = LOADADDR (.ccmram)

.igot.plt       0x2000000c        0x0 load address 0x08003338
 .igot.plt      0x2000000c        0x0 d:/gnu arm embedded toolchain/10 2021.10/bin/../lib/gcc/arm-none-eabi/10.3.1/thumb/v7e-m+fp/hard/crtbegin.o

.ccmram         0x10000000        0x0 load address 0x08003338
                0x10000000                . = ALIGN (0x4)
                0x10000000                _sccmram = .
 *(.ccmram)
 *(.ccmram*)
                0x10000000                . = ALIGN (0x4)
                0x10000000                _eccmram = .
                0x10000000                . = ALIGN (0x4)

.bss            0x20000010      0x5dc
                0x20000010                _sbss = .
                0x20000010                __bss_start__ = _sbss
 *(.bss)
 .bss           0x20000010       0x1c d:/gnu arm embedded toolchain/10 2021.10/bin/../lib/gcc/arm-none-eabi/10.3.1/thumb/v7e-m+fp/hard/crtbegin.o
 *(.bss*)
 *fill*         0x2000002c        0x4 
 .bss.SPEEDStructReceived
                0x20000030       0x18 ./build/Debug/.obj/Core/Src/main.o
                0x20000030                SPEEDStructReceived
 .bss.SPEEDStructToBeSend
                0x20000048       0x18 ./build/Debug/.obj/Core/Src/main.o
                0x20000048                SPEEDStructToBeSend
 .bss.huart4    0x20000060       0x44 ./build/Debug/.obj/Core/Src/usart.o
                0x20000060                huart4
 .bss.huart5    0x200000a4       0x44 ./build/Debug/.obj/Core/Src/usart.o
                0x200000a4                huart5
 .bss.uwTick    0x200000e8        0x4 ./build/Debug/.obj/Drivers/STM32F4xx_HAL_Driver/Src/stm32f4xx_hal.o
                0x200000e8                uwTick
 .bss.hMAVLink  0x200000ec      0x500 ./build/Debug/.obj/UC/wtr_mavlink.o
                0x200000ec                hMAVLink
 *(COMMON)
                0x200005ec                . = ALIGN (0x4)
                0x200005ec                _ebss = .
                0x200005ec                __bss_end__ = _ebss

._user_heap_stack
                0x200005ec      0x604
                0x200005f0                . = ALIGN (0x8)
 *fill*         0x200005ec        0x4 
                [!provide]                PROVIDE (end = .)
                [!provide]                PROVIDE (_end = .)
                0x200007f0                . = (. + _Min_Heap_Size)
 *fill*         0x200005f0      0x200 
                0x20000bf0                . = (. + _Min_Stack_Size)
 *fill*         0x200007f0      0x400 
                0x20000bf0                . = ALIGN (0x8)

/DISCARD/
 libc.a(*)
 libm.a(*)
 libgcc.a(*)

.ARM.attributes
                0x00000000       0x30
 *(.ARM.attributes)
 .ARM.attributes
                0x00000000       0x1e d:/gnu arm embedded toolchain/10 2021.10/bin/../lib/gcc/arm-none-eabi/10.3.1/thumb/v7e-m+fp/hard/crti.o
 .ARM.attributes
                0x0000001e       0x34 d:/gnu arm embedded toolchain/10 2021.10/bin/../lib/gcc/arm-none-eabi/10.3.1/thumb/v7e-m+fp/hard/crtbegin.o
 .ARM.attributes
                0x00000052       0x34 ./build/Debug/.obj/Core/Src/gpio.o
 .ARM.attributes
                0x00000086       0x34 ./build/Debug/.obj/Core/Src/main.o
 .ARM.attributes
                0x000000ba       0x34 ./build/Debug/.obj/Core/Src/stm32f4xx_hal_msp.o
 .ARM.attributes
                0x000000ee       0x34 ./build/Debug/.obj/Core/Src/stm32f4xx_it.o
 .ARM.attributes
                0x00000122       0x34 ./build/Debug/.obj/Core/Src/system_stm32f4xx.o
 .ARM.attributes
                0x00000156       0x34 ./build/Debug/.obj/Core/Src/usart.o
 .ARM.attributes
                0x0000018a       0x34 ./build/Debug/.obj/Drivers/STM32F4xx_HAL_Driver/Src/stm32f4xx_hal.o
 .ARM.attributes
                0x000001be       0x34 ./build/Debug/.obj/Drivers/STM32F4xx_HAL_Driver/Src/stm32f4xx_hal_cortex.o
 .ARM.attributes
                0x000001f2       0x34 ./build/Debug/.obj/Drivers/STM32F4xx_HAL_Driver/Src/stm32f4xx_hal_dma.o
 .ARM.attributes
                0x00000226       0x34 ./build/Debug/.obj/Drivers/STM32F4xx_HAL_Driver/Src/stm32f4xx_hal_gpio.o
 .ARM.attributes
                0x0000025a       0x34 ./build/Debug/.obj/Drivers/STM32F4xx_HAL_Driver/Src/stm32f4xx_hal_pwr_ex.o
 .ARM.attributes
                0x0000028e       0x34 ./build/Debug/.obj/Drivers/STM32F4xx_HAL_Driver/Src/stm32f4xx_hal_rcc.o
 .ARM.attributes
                0x000002c2       0x34 ./build/Debug/.obj/Drivers/STM32F4xx_HAL_Driver/Src/stm32f4xx_hal_uart.o
 .ARM.attributes
                0x000002f6       0x34 ./build/Debug/.obj/UC/wtr_mavlink.o
 .ARM.attributes
                0x0000032a       0x21 ./build/Debug/.obj/startup_stm32f427xx.o
 .ARM.attributes
                0x0000034b       0x1e d:/gnu arm embedded toolchain/10 2021.10/bin/../lib/gcc/arm-none-eabi/10.3.1/thumb/v7e-m+fp/hard\libgcc.a(_arm_addsubdf3.o)
 .ARM.attributes
                0x00000369       0x1e d:/gnu arm embedded toolchain/10 2021.10/bin/../lib/gcc/arm-none-eabi/10.3.1/thumb/v7e-m+fp/hard\libgcc.a(_aeabi_uldivmod.o)
 .ARM.attributes
                0x00000387       0x34 d:/gnu arm embedded toolchain/10 2021.10/bin/../lib/gcc/arm-none-eabi/10.3.1/thumb/v7e-m+fp/hard\libgcc.a(_udivmoddi4.o)
 .ARM.attributes
                0x000003bb       0x1e d:/gnu arm embedded toolchain/10 2021.10/bin/../lib/gcc/arm-none-eabi/10.3.1/thumb/v7e-m+fp/hard\libgcc.a(_dvmd_tls.o)
 .ARM.attributes
                0x000003d9       0x34 d:/gnu arm embedded toolchain/10 2021.10/bin/../lib/gcc/arm-none-eabi/10.3.1/../../../../arm-none-eabi/lib/thumb/v7e-m+fp/hard\libc_nano.a(lib_a-init.o)
 .ARM.attributes
                0x0000040d       0x34 d:/gnu arm embedded toolchain/10 2021.10/bin/../lib/gcc/arm-none-eabi/10.3.1/../../../../arm-none-eabi/lib/thumb/v7e-m+fp/hard\libc_nano.a(lib_a-memcmp.o)
 .ARM.attributes
                0x00000441       0x34 d:/gnu arm embedded toolchain/10 2021.10/bin/../lib/gcc/arm-none-eabi/10.3.1/../../../../arm-none-eabi/lib/thumb/v7e-m+fp/hard\libc_nano.a(lib_a-memcpy-stub.o)
 .ARM.attributes
                0x00000475       0x34 d:/gnu arm embedded toolchain/10 2021.10/bin/../lib/gcc/arm-none-eabi/10.3.1/../../../../arm-none-eabi/lib/thumb/v7e-m+fp/hard\libc_nano.a(lib_a-memset.o)
 .ARM.attributes
                0x000004a9       0x1e d:/gnu arm embedded toolchain/10 2021.10/bin/../lib/gcc/arm-none-eabi/10.3.1/thumb/v7e-m+fp/hard/crtn.o
OUTPUT(./build/Debug/test_final.elf elf32-littlearm)
LOAD linker stubs
LOAD d:/gnu arm embedded toolchain/10 2021.10/bin/../lib/gcc/arm-none-eabi/10.3.1/../../../../arm-none-eabi/lib/thumb/v7e-m+fp/hard\libc.a
LOAD d:/gnu arm embedded toolchain/10 2021.10/bin/../lib/gcc/arm-none-eabi/10.3.1/../../../../arm-none-eabi/lib/thumb/v7e-m+fp/hard\libm.a
LOAD d:/gnu arm embedded toolchain/10 2021.10/bin/../lib/gcc/arm-none-eabi/10.3.1/thumb/v7e-m+fp/hard\libgcc.a

.debug_info     0x00000000     0xe958
 .debug_info    0x00000000      0x2fa ./build/Debug/.obj/Core/Src/gpio.o
 .debug_info    0x000002fa     0x3977 ./build/Debug/.obj/Core/Src/main.o
 .debug_info    0x00003c71      0x2c0 ./build/Debug/.obj/Core/Src/stm32f4xx_hal_msp.o
 .debug_info    0x00003f31      0x6a1 ./build/Debug/.obj/Core/Src/stm32f4xx_it.o
 .debug_info    0x000045d2      0x554 ./build/Debug/.obj/Core/Src/system_stm32f4xx.o
 .debug_info    0x00004b26      0xe0c ./build/Debug/.obj/Core/Src/usart.o
 .debug_info    0x00005932      0xa5c ./build/Debug/.obj/Drivers/STM32F4xx_HAL_Driver/Src/stm32f4xx_hal.o
 .debug_info    0x0000638e     0x10c2 ./build/Debug/.obj/Drivers/STM32F4xx_HAL_Driver/Src/stm32f4xx_hal_cortex.o
 .debug_info    0x00007450      0xb3f ./build/Debug/.obj/Drivers/STM32F4xx_HAL_Driver/Src/stm32f4xx_hal_dma.o
 .debug_info    0x00007f8f      0x7cc ./build/Debug/.obj/Drivers/STM32F4xx_HAL_Driver/Src/stm32f4xx_hal_gpio.o
 .debug_info    0x0000875b      0x7bb ./build/Debug/.obj/Drivers/STM32F4xx_HAL_Driver/Src/stm32f4xx_hal_pwr_ex.o
 .debug_info    0x00008f16      0xb1f ./build/Debug/.obj/Drivers/STM32F4xx_HAL_Driver/Src/stm32f4xx_hal_rcc.o
 .debug_info    0x00009a35     0x424e ./build/Debug/.obj/Drivers/STM32F4xx_HAL_Driver/Src/stm32f4xx_hal_uart.o
 .debug_info    0x0000dc83      0xcb3 ./build/Debug/.obj/UC/wtr_mavlink.o
 .debug_info    0x0000e936       0x22 ./build/Debug/.obj/startup_stm32f427xx.o

.debug_abbrev   0x00000000     0x1ff9
 .debug_abbrev  0x00000000       0xd1 ./build/Debug/.obj/Core/Src/gpio.o
 .debug_abbrev  0x000000d1      0x5ef ./build/Debug/.obj/Core/Src/main.o
 .debug_abbrev  0x000006c0       0xd1 ./build/Debug/.obj/Core/Src/stm32f4xx_hal_msp.o
 .debug_abbrev  0x00000791      0x16e ./build/Debug/.obj/Core/Src/stm32f4xx_it.o
 .debug_abbrev  0x000008ff      0x119 ./build/Debug/.obj/Core/Src/system_stm32f4xx.o
 .debug_abbrev  0x00000a18      0x1e3 ./build/Debug/.obj/Core/Src/usart.o
 .debug_abbrev  0x00000bfb      0x206 ./build/Debug/.obj/Drivers/STM32F4xx_HAL_Driver/Src/stm32f4xx_hal.o
 .debug_abbrev  0x00000e01      0x36a ./build/Debug/.obj/Drivers/STM32F4xx_HAL_Driver/Src/stm32f4xx_hal_cortex.o
 .debug_abbrev  0x0000116b      0x2c2 ./build/Debug/.obj/Drivers/STM32F4xx_HAL_Driver/Src/stm32f4xx_hal_dma.o
 .debug_abbrev  0x0000142d      0x1ef ./build/Debug/.obj/Drivers/STM32F4xx_HAL_Driver/Src/stm32f4xx_hal_gpio.o
 .debug_abbrev  0x0000161c      0x1c0 ./build/Debug/.obj/Drivers/STM32F4xx_HAL_Driver/Src/stm32f4xx_hal_pwr_ex.o
 .debug_abbrev  0x000017dc      0x28a ./build/Debug/.obj/Drivers/STM32F4xx_HAL_Driver/Src/stm32f4xx_hal_rcc.o
 .debug_abbrev  0x00001a66      0x2fd ./build/Debug/.obj/Drivers/STM32F4xx_HAL_Driver/Src/stm32f4xx_hal_uart.o
 .debug_abbrev  0x00001d63      0x284 ./build/Debug/.obj/UC/wtr_mavlink.o
 .debug_abbrev  0x00001fe7       0x12 ./build/Debug/.obj/startup_stm32f427xx.o

.debug_aranges  0x00000000      0x738
 .debug_aranges
                0x00000000       0x20 ./build/Debug/.obj/Core/Src/gpio.o
 .debug_aranges
                0x00000020       0x58 ./build/Debug/.obj/Core/Src/main.o
 .debug_aranges
                0x00000078       0x20 ./build/Debug/.obj/Core/Src/stm32f4xx_hal_msp.o
 .debug_aranges
                0x00000098       0x70 ./build/Debug/.obj/Core/Src/stm32f4xx_it.o
 .debug_aranges
                0x00000108       0x28 ./build/Debug/.obj/Core/Src/system_stm32f4xx.o
 .debug_aranges
                0x00000130       0x38 ./build/Debug/.obj/Core/Src/usart.o
 .debug_aranges
                0x00000168      0x100 ./build/Debug/.obj/Drivers/STM32F4xx_HAL_Driver/Src/stm32f4xx_hal.o
 .debug_aranges
                0x00000268       0xa8 ./build/Debug/.obj/Drivers/STM32F4xx_HAL_Driver/Src/stm32f4xx_hal_cortex.o
 .debug_aranges
                0x00000310       0x90 ./build/Debug/.obj/Drivers/STM32F4xx_HAL_Driver/Src/stm32f4xx_hal_dma.o
 .debug_aranges
                0x000003a0       0x58 ./build/Debug/.obj/Drivers/STM32F4xx_HAL_Driver/Src/stm32f4xx_hal_gpio.o
 .debug_aranges
                0x000003f8       0x60 ./build/Debug/.obj/Drivers/STM32F4xx_HAL_Driver/Src/stm32f4xx_hal_pwr_ex.o
 .debug_aranges
                0x00000458       0x88 ./build/Debug/.obj/Drivers/STM32F4xx_HAL_Driver/Src/stm32f4xx_hal_rcc.o
 .debug_aranges
                0x000004e0      0x200 ./build/Debug/.obj/Drivers/STM32F4xx_HAL_Driver/Src/stm32f4xx_hal_uart.o
 .debug_aranges
                0x000006e0       0x30 ./build/Debug/.obj/UC/wtr_mavlink.o
 .debug_aranges
                0x00000710       0x28 ./build/Debug/.obj/startup_stm32f427xx.o

.debug_ranges   0x00000000      0x9e8
 .debug_ranges  0x00000000       0x10 ./build/Debug/.obj/Core/Src/gpio.o
 .debug_ranges  0x00000010      0x350 ./build/Debug/.obj/Core/Src/main.o
 .debug_ranges  0x00000360       0x10 ./build/Debug/.obj/Core/Src/stm32f4xx_hal_msp.o
 .debug_ranges  0x00000370       0x60 ./build/Debug/.obj/Core/Src/stm32f4xx_it.o
 .debug_ranges  0x000003d0       0x18 ./build/Debug/.obj/Core/Src/system_stm32f4xx.o
 .debug_ranges  0x000003e8       0x28 ./build/Debug/.obj/Core/Src/usart.o
 .debug_ranges  0x00000410       0xf0 ./build/Debug/.obj/Drivers/STM32F4xx_HAL_Driver/Src/stm32f4xx_hal.o
 .debug_ranges  0x00000500       0xf8 ./build/Debug/.obj/Drivers/STM32F4xx_HAL_Driver/Src/stm32f4xx_hal_cortex.o
 .debug_ranges  0x000005f8       0x80 ./build/Debug/.obj/Drivers/STM32F4xx_HAL_Driver/Src/stm32f4xx_hal_dma.o
 .debug_ranges  0x00000678       0x48 ./build/Debug/.obj/Drivers/STM32F4xx_HAL_Driver/Src/stm32f4xx_hal_gpio.o
 .debug_ranges  0x000006c0       0x50 ./build/Debug/.obj/Drivers/STM32F4xx_HAL_Driver/Src/stm32f4xx_hal_pwr_ex.o
 .debug_ranges  0x00000710       0x90 ./build/Debug/.obj/Drivers/STM32F4xx_HAL_Driver/Src/stm32f4xx_hal_rcc.o
 .debug_ranges  0x000007a0      0x208 ./build/Debug/.obj/Drivers/STM32F4xx_HAL_Driver/Src/stm32f4xx_hal_uart.o
 .debug_ranges  0x000009a8       0x20 ./build/Debug/.obj/UC/wtr_mavlink.o
 .debug_ranges  0x000009c8       0x20 ./build/Debug/.obj/startup_stm32f427xx.o

.debug_line     0x00000000     0xaa3c
 .debug_line    0x00000000      0x163 ./build/Debug/.obj/Core/Src/gpio.o
 .debug_line    0x00000163     0x22bc ./build/Debug/.obj/Core/Src/main.o
 .debug_line    0x0000241f      0x165 ./build/Debug/.obj/Core/Src/stm32f4xx_hal_msp.o
 .debug_line    0x00002584      0x2f3 ./build/Debug/.obj/Core/Src/stm32f4xx_it.o
 .debug_line    0x00002877      0x25a ./build/Debug/.obj/Core/Src/system_stm32f4xx.o
 .debug_line    0x00002ad1      0x3dc ./build/Debug/.obj/Core/Src/usart.o
 .debug_line    0x00002ead      0x5a7 ./build/Debug/.obj/Drivers/STM32F4xx_HAL_Driver/Src/stm32f4xx_hal.o
 .debug_line    0x00003454      0x782 ./build/Debug/.obj/Drivers/STM32F4xx_HAL_Driver/Src/stm32f4xx_hal_cortex.o
 .debug_line    0x00003bd6      0xe2f ./build/Debug/.obj/Drivers/STM32F4xx_HAL_Driver/Src/stm32f4xx_hal_dma.o
 .debug_line    0x00004a05      0x700 ./build/Debug/.obj/Drivers/STM32F4xx_HAL_Driver/Src/stm32f4xx_hal_gpio.o
 .debug_line    0x00005105      0x4bc ./build/Debug/.obj/Drivers/STM32F4xx_HAL_Driver/Src/stm32f4xx_hal_pwr_ex.o
 .debug_line    0x000055c1      0xb19 ./build/Debug/.obj/Drivers/STM32F4xx_HAL_Driver/Src/stm32f4xx_hal_rcc.o
 .debug_line    0x000060da     0x45f8 ./build/Debug/.obj/Drivers/STM32F4xx_HAL_Driver/Src/stm32f4xx_hal_uart.o
 .debug_line    0x0000a6d2      0x2f2 ./build/Debug/.obj/UC/wtr_mavlink.o
 .debug_line    0x0000a9c4       0x78 ./build/Debug/.obj/startup_stm32f427xx.o

.debug_str      0x00000000     0x30b0
 .debug_str     0x00000000      0x260 ./build/Debug/.obj/Core/Src/gpio.o
                                0x2a2 (size before relaxing)
 .debug_str     0x00000260     0x1135 ./build/Debug/.obj/Core/Src/main.o
                               0x14c0 (size before relaxing)
 .debug_str     0x00001395       0x2b ./build/Debug/.obj/Core/Src/stm32f4xx_hal_msp.o
                                0x2ae (size before relaxing)
 .debug_str     0x000013c0       0xec ./build/Debug/.obj/Core/Src/stm32f4xx_it.o
                                0x6ae (size before relaxing)
 .debug_str     0x000014ac       0xda ./build/Debug/.obj/Core/Src/system_stm32f4xx.o
                                0x368 (size before relaxing)
 .debug_str     0x00001586      0x64d ./build/Debug/.obj/Core/Src/usart.o
                                0xd75 (size before relaxing)
 .debug_str     0x00001bd3      0x375 ./build/Debug/.obj/Drivers/STM32F4xx_HAL_Driver/Src/stm32f4xx_hal.o
                                0xbd5 (size before relaxing)
 .debug_str     0x00001f48      0x436 ./build/Debug/.obj/Drivers/STM32F4xx_HAL_Driver/Src/stm32f4xx_hal_cortex.o
                                0xc59 (size before relaxing)
 .debug_str     0x0000237e      0x312 ./build/Debug/.obj/Drivers/STM32F4xx_HAL_Driver/Src/stm32f4xx_hal_dma.o
                                0x756 (size before relaxing)
 .debug_str     0x00002690      0x155 ./build/Debug/.obj/Drivers/STM32F4xx_HAL_Driver/Src/stm32f4xx_hal_gpio.o
                                0x4d3 (size before relaxing)
 .debug_str     0x000027e5      0x13d ./build/Debug/.obj/Drivers/STM32F4xx_HAL_Driver/Src/stm32f4xx_hal_pwr_ex.o
                                0x4be (size before relaxing)
 .debug_str     0x00002922      0x198 ./build/Debug/.obj/Drivers/STM32F4xx_HAL_Driver/Src/stm32f4xx_hal_rcc.o
                                0x6f9 (size before relaxing)
 .debug_str     0x00002aba      0x5bd ./build/Debug/.obj/Drivers/STM32F4xx_HAL_Driver/Src/stm32f4xx_hal_uart.o
                                0xd39 (size before relaxing)
 .debug_str     0x00003077       0x13 ./build/Debug/.obj/UC/wtr_mavlink.o
                                0xc90 (size before relaxing)
 .debug_str     0x0000308a       0x26 ./build/Debug/.obj/startup_stm32f427xx.o
                                 0x4b (size before relaxing)

.comment        0x00000000       0x49
 .comment       0x00000000       0x49 ./build/Debug/.obj/Core/Src/gpio.o
                                 0x4a (size before relaxing)
 .comment       0x00000049       0x4a ./build/Debug/.obj/Core/Src/main.o
 .comment       0x00000049       0x4a ./build/Debug/.obj/Core/Src/stm32f4xx_hal_msp.o
 .comment       0x00000049       0x4a ./build/Debug/.obj/Core/Src/stm32f4xx_it.o
 .comment       0x00000049       0x4a ./build/Debug/.obj/Core/Src/system_stm32f4xx.o
 .comment       0x00000049       0x4a ./build/Debug/.obj/Core/Src/usart.o
 .comment       0x00000049       0x4a ./build/Debug/.obj/Drivers/STM32F4xx_HAL_Driver/Src/stm32f4xx_hal.o
 .comment       0x00000049       0x4a ./build/Debug/.obj/Drivers/STM32F4xx_HAL_Driver/Src/stm32f4xx_hal_cortex.o
 .comment       0x00000049       0x4a ./build/Debug/.obj/Drivers/STM32F4xx_HAL_Driver/Src/stm32f4xx_hal_dma.o
 .comment       0x00000049       0x4a ./build/Debug/.obj/Drivers/STM32F4xx_HAL_Driver/Src/stm32f4xx_hal_gpio.o
 .comment       0x00000049       0x4a ./build/Debug/.obj/Drivers/STM32F4xx_HAL_Driver/Src/stm32f4xx_hal_pwr_ex.o
 .comment       0x00000049       0x4a ./build/Debug/.obj/Drivers/STM32F4xx_HAL_Driver/Src/stm32f4xx_hal_rcc.o
 .comment       0x00000049       0x4a ./build/Debug/.obj/Drivers/STM32F4xx_HAL_Driver/Src/stm32f4xx_hal_uart.o
 .comment       0x00000049       0x4a ./build/Debug/.obj/UC/wtr_mavlink.o

.debug_frame    0x00000000     0x12c0
 .debug_frame   0x00000000       0x28 ./build/Debug/.obj/Core/Src/gpio.o
 .debug_frame   0x00000028      0x120 ./build/Debug/.obj/Core/Src/main.o
 .debug_frame   0x00000148       0x28 ./build/Debug/.obj/Core/Src/stm32f4xx_hal_msp.o
 .debug_frame   0x00000170       0xd8 ./build/Debug/.obj/Core/Src/stm32f4xx_it.o
 .debug_frame   0x00000248       0x30 ./build/Debug/.obj/Core/Src/system_stm32f4xx.o
 .debug_frame   0x00000278       0x80 ./build/Debug/.obj/Core/Src/usart.o
 .debug_frame   0x000002f8      0x20c ./build/Debug/.obj/Drivers/STM32F4xx_HAL_Driver/Src/stm32f4xx_hal.o
 .debug_frame   0x00000504      0x148 ./build/Debug/.obj/Drivers/STM32F4xx_HAL_Driver/Src/stm32f4xx_hal_cortex.o
 .debug_frame   0x0000064c      0x188 ./build/Debug/.obj/Drivers/STM32F4xx_HAL_Driver/Src/stm32f4xx_hal_dma.o
 .debug_frame   0x000007d4       0xd8 ./build/Debug/.obj/Drivers/STM32F4xx_HAL_Driver/Src/stm32f4xx_hal_gpio.o
 .debug_frame   0x000008ac       0xf4 ./build/Debug/.obj/Drivers/STM32F4xx_HAL_Driver/Src/stm32f4xx_hal_pwr_ex.o
 .debug_frame   0x000009a0      0x16c ./build/Debug/.obj/Drivers/STM32F4xx_HAL_Driver/Src/stm32f4xx_hal_rcc.o
 .debug_frame   0x00000b0c      0x5cc ./build/Debug/.obj/Drivers/STM32F4xx_HAL_Driver/Src/stm32f4xx_hal_uart.o
 .debug_frame   0x000010d8       0x40 ./build/Debug/.obj/UC/wtr_mavlink.o
 .debug_frame   0x00001118       0xac d:/gnu arm embedded toolchain/10 2021.10/bin/../lib/gcc/arm-none-eabi/10.3.1/thumb/v7e-m+fp/hard\libgcc.a(_arm_addsubdf3.o)
 .debug_frame   0x000011c4       0x2c d:/gnu arm embedded toolchain/10 2021.10/bin/../lib/gcc/arm-none-eabi/10.3.1/thumb/v7e-m+fp/hard\libgcc.a(_aeabi_uldivmod.o)
 .debug_frame   0x000011f0       0x34 d:/gnu arm embedded toolchain/10 2021.10/bin/../lib/gcc/arm-none-eabi/10.3.1/thumb/v7e-m+fp/hard\libgcc.a(_udivmoddi4.o)
 .debug_frame   0x00001224       0x2c d:/gnu arm embedded toolchain/10 2021.10/bin/../lib/gcc/arm-none-eabi/10.3.1/../../../../arm-none-eabi/lib/thumb/v7e-m+fp/hard\libc_nano.a(lib_a-init.o)
 .debug_frame   0x00001250       0x28 d:/gnu arm embedded toolchain/10 2021.10/bin/../lib/gcc/arm-none-eabi/10.3.1/../../../../arm-none-eabi/lib/thumb/v7e-m+fp/hard\libc_nano.a(lib_a-memcmp.o)
 .debug_frame   0x00001278       0x28 d:/gnu arm embedded toolchain/10 2021.10/bin/../lib/gcc/arm-none-eabi/10.3.1/../../../../arm-none-eabi/lib/thumb/v7e-m+fp/hard\libc_nano.a(lib_a-memcpy-stub.o)
 .debug_frame   0x000012a0       0x20 d:/gnu arm embedded toolchain/10 2021.10/bin/../lib/gcc/arm-none-eabi/10.3.1/../../../../arm-none-eabi/lib/thumb/v7e-m+fp/hard\libc_nano.a(lib_a-memset.o)

.debug_loc      0x00000000     0x9d33
 .debug_loc     0x00000000     0x2f37 ./build/Debug/.obj/Core/Src/main.o
 .debug_loc     0x00002f37      0x158 ./build/Debug/.obj/Core/Src/system_stm32f4xx.o
 .debug_loc     0x0000308f       0xbe ./build/Debug/.obj/Core/Src/usart.o
 .debug_loc     0x0000314d      0x141 ./build/Debug/.obj/Drivers/STM32F4xx_HAL_Driver/Src/stm32f4xx_hal.o
 .debug_loc     0x0000328e      0x744 ./build/Debug/.obj/Drivers/STM32F4xx_HAL_Driver/Src/stm32f4xx_hal_cortex.o
 .debug_loc     0x000039d2      0xbf9 ./build/Debug/.obj/Drivers/STM32F4xx_HAL_Driver/Src/stm32f4xx_hal_dma.o
 .debug_loc     0x000045cb      0x520 ./build/Debug/.obj/Drivers/STM32F4xx_HAL_Driver/Src/stm32f4xx_hal_gpio.o
 .debug_loc     0x00004aeb      0x228 ./build/Debug/.obj/Drivers/STM32F4xx_HAL_Driver/Src/stm32f4xx_hal_pwr_ex.o
 .debug_loc     0x00004d13      0x58c ./build/Debug/.obj/Drivers/STM32F4xx_HAL_Driver/Src/stm32f4xx_hal_rcc.o
 .debug_loc     0x0000529f     0x49ab ./build/Debug/.obj/Drivers/STM32F4xx_HAL_Driver/Src/stm32f4xx_hal_uart.o
 .debug_loc     0x00009c4a       0xe9 ./build/Debug/.obj/UC/wtr_mavlink.o
